--------- beginning of main
08-23 16:33:37.684  3650  3921 D WifiStateMachine: Current network is: "Motul" , ID is: 39
08-23 16:33:37.685  3650  3921 D WifiStateMachine: 24GHz mQnsLowerRssiThreshold is recovered, currentRssi = -59
--------- beginning of system
08-23 16:33:39.092  3650  4234 E Watchdog: !@Sync 29977 [23_Aug_16_33_39.091]
08-23 16:33:39.373  3650  3867 D InputReader: Input event(4): value=1 when=899534941757000
08-23 16:33:39.373  3650  3867 D InputReader: Input event(4): value=1 when=899534941757000
08-23 16:33:39.373  3650  3867 I InputReader: Touch event's action is 0x0 (deviceType=0) [pCnt=1, s=0.55497 ] when=899534941757000
08-23 16:33:39.374  3650  3866 I InputDispatcher: Delivering touch to (4097): action: 0x4, toolType: 1
08-23 16:33:39.374  3650  3866 I InputDispatcher: Delivering touch to (4976): action: 0x0, toolType: 1
08-23 16:33:39.374  3650  3866 I InputDispatcher: Delivering touch to (4097): action: 0x0, toolType: 1
08-23 16:33:39.375  4976  4976 D ViewRootImpl@2930ca8[LauncherActivity]: ViewPostImeInputStage processPointer 0
08-23 16:33:39.387  4976  4976 D capture : ----destroy
08-23 16:33:39.387  4976  4976 I Launcher.HomeView: stopCaptureByItemClick
08-23 16:33:39.420  3650  3867 D InputReader: Input event(4): value=0 when=899534988907000
08-23 16:33:39.420  3650  3867 D InputReader: Input event(4): value=0 when=899534988907000
08-23 16:33:39.420  3650  3867 I InputReader: Touch event's action is 0x1 (deviceType=0) [pCnt=1, s=] when=899534988907000
08-23 16:33:39.420  3650  3866 I InputDispatcher: Delivering touch to (4976): action: 0x1, toolType: 1
08-23 16:33:39.420  3650  3866 I InputDispatcher: Delivering touch to (4097): action: 0x1, toolType: 1
08-23 16:33:39.420  4976  4976 D ViewRootImpl@2930ca8[LauncherActivity]: ViewPostImeInputStage processPointer 1
08-23 16:33:39.436  4976  4976 D capture : ----destroy
08-23 16:33:39.442  4976  4976 D Launcher.Workspace: exitWidgetResizeMode. isClearResizeFrame is false
08-23 16:33:39.453  4976  4976 D MenuView: MenuView collectShowAllAppsAnimators
08-23 16:33:39.456  4976  4976 D Launcher.HomeView: HomeView collectShowAllAppsAnimators
08-23 16:33:39.457 31835 15029 I PBSessionCacheImpl: Deleted sessionId[140013314200555175] from persistence.
08-23 16:33:39.458  4976  4976 D Launcher.MenuAppsGrid: ChangeMobileKeyboard:false mCurrentOrientation:1 mRequestedOrientation:1 newConfig.orientation:1 isShown:true
08-23 16:33:39.460 31835 31835 I MicroDetector: Keeping mic open: false
08-23 16:33:39.461  4976  4976 D Launcher: MenuView is VISIBLE
08-23 16:33:39.462 31835 15020 I DeviceStateChecker: DeviceStateChecker cancelled
08-23 16:33:39.463 31835 15029 I AudioController: internalShutdown
08-23 16:33:39.466 31835  6010 I MicroRecognitionRunner: Stopping hotword detection.
08-23 16:33:39.468  4976  4976 D Launcher.MenuAppsGrid: handleStateChange: (new)NORMAL(old)UNKNOWN
08-23 16:33:39.470 31835 15029 I MicrophoneInputStream: mic_close com.google.android.apps.gsa.speech.audio.af@3955877
08-23 16:33:39.471 31835 15028 E AudioRecord-JNI: Error -4 during AudioRecord native read
08-23 16:33:39.473  3124 23967 I APM_AudioPolicyManager: stopInput() input 23182
08-23 16:33:39.473  4976  4976 D InputMethodManager: HSI from window - flag : 0 Pid : 4976
08-23 16:33:39.474  3650  4867 D SamsungAlarmManager: setExact Intent (T:3/F:0/AC:false) 20170823T163349 - CU:10063/CP:31835
08-23 16:33:39.474  3650  4867 I SamsungAlarmManager: setLocked to kernel - T:3 / 20170823T163349, SetElapsed=2680748183, nowELAPSED=2680738191
08-23 16:33:39.475  4976  4976 V InputMethodManager: Starting input: tba=android.view.inputmethod.EditorInfo@f7cc7b8 nm : com.sec.android.app.launcher ic=null
08-23 16:33:39.475  4976  4976 I InputMethodManager: [IMM] startInputInner - mService.startInputOrWindowGainedFocus
08-23 16:33:39.476  3650  6201 D InputTransport: Input channel constructed: fd=602
08-23 16:33:39.476  3650  6201 D InputTransport: Input channel destroyed: fd=602
08-23 16:33:39.477  4976  4976 D InputTransport: Input channel constructed: fd=83
08-23 16:33:39.477  4976  4976 D InputTransport: Input channel destroyed: fd=77
08-23 16:33:39.477  3650  4955 V InputMethodManagerService: Client requesting input be hidden, flags : 0
08-23 16:33:39.477  3650  4955 D InputMethodManagerService: mDesktopModeManager null!
08-23 16:33:39.477  3650  4955 V InputMethodManagerService: hideCurrentInputLocked - !shouldHideSoftInput
08-23 16:33:39.477  4976  4976 D InputMethodManager: HSI from window - flag : 0 Pid : 4976
08-23 16:33:39.478  3650 29598 V InputMethodManagerService: Client requesting input be hidden, flags : 0
08-23 16:33:39.478  3650 29598 D InputMethodManagerService: mDesktopModeManager null!
08-23 16:33:39.478  3650 29598 V InputMethodManagerService: hideCurrentInputLocked - !shouldHideSoftInput
08-23 16:33:39.478  4976  4976 D InputMethodManager: HSI from window - flag : 0 Pid : 4976
08-23 16:33:39.478  3124 17717 D audio_hw_primary: in_set_parameters: enter: kvpairs: routing=0
08-23 16:33:39.478  3650  4865 V InputMethodManagerService: Client requesting input be hidden, flags : 0
08-23 16:33:39.478  3650  4865 D InputMethodManagerService: mDesktopModeManager null!
08-23 16:33:39.478  3650  4865 V InputMethodManagerService: hideCurrentInputLocked - !shouldHideSoftInput
08-23 16:33:39.478  3124 17717 I samsungRecord: [samsungrecord] MicCalonoff 1
08-23 16:33:39.478  3124 17717 V audio_hw_primary: in_set_parameters: exit: status(0)
08-23 16:33:39.478  3124 17717 I audio_hw_primary: do_in_standby : in->standby 0
08-23 16:33:39.478  4976  4976 D InputMethodManager: HSI from window - flag : 0 Pid : 4976
08-23 16:33:39.479  3650 15025 V InputMethodManagerService: Client requesting input be hidden, flags : 0
08-23 16:33:39.479  3650 15025 D InputMethodManagerService: mDesktopModeManager null!
08-23 16:33:39.479  3650 15025 V InputMethodManagerService: hideCurrentInputLocked - !shouldHideSoftInput
08-23 16:33:39.479  4976  4976 D InputMethodManager: HSI from window - flag : 0 Pid : 4976
08-23 16:33:39.480  3650 27696 V InputMethodManagerService: Client requesting input be hidden, flags : 0
08-23 16:33:39.480  3650 27696 D InputMethodManagerService: mDesktopModeManager null!
08-23 16:33:39.480  3650 27696 V InputMethodManagerService: hideCurrentInputLocked - !shouldHideSoftInput
08-23 16:33:39.485  3124 17717 V audio_hw_primary: select_devices output_scenario:-1 input_scenario:-1 out_snd_device 0x0 in_snd_device:0x0
08-23 16:33:39.486  3124 17717 I audio_route: > audio_route_reset :
08-23 16:33:39.486  3124 17717 I audio_route: > audio_route_update_mixer : +
08-23 16:33:39.500  3124 17717 I audio_route: > audio_route_update_mixer : changed(5) -
08-23 16:33:39.501  3124 17717 I audio_hw_primary: select_devices - 
08-23 16:33:39.510  3124  3124 V audio_hw_primary: stop_voice_note_recording
08-23 16:33:39.510  3124  3124 E audio_hw_primary: adev_close_input_stream, set jack_in to null
08-23 16:33:39.513 31835 15014 I MicroRecognitionRunner: Detection finished
08-23 16:33:39.676  3650  9027 V WindowManager: Relayout Window{d4bbc8ed0 u0 com.sec.android.app.launcher/com.sec.android.app.launcher.activities.LauncherActivity}: viewVisibility=0 req=1440x2560 WM.LayoutParams{(0,0)(fillxfill) sim=#30 ty=1 fl=#81910d02 pfl=0x20000 fmt=-2 wanim=0x103038a vsysui=0x600 needsMenuKey=2 dimDuration=300 naviIconColor=0 sfl=0x40}
08-23 16:33:39.691  4976  4976 D ViewRootImpl@2930ca8[LauncherActivity]: Relayout returned: oldFrame=[0,0][1440,2560] newFrame=[0,0][1440,2560] result=0x1 surface={isValid=true 547414711296} surfaceGenerationChanged=false
08-23 16:33:39.702  3100  3100 D Layer   : applyEffect ## com.sec.android.app.launcher/com.sec.android.app.launcher.activities.LauncherActivity
08-23 16:33:39.702  3100  3100 D Layer   : applyEffect ## animMode=3, target=2, pixType=1
08-23 16:33:39.708  3100  3100 D Layer   : applyEffect ## pixAnim anim=13, timeMs=0, value=0.00, interp=0
08-23 16:33:39.708  3100  3100 D Layer   : applyEffect ## pixAnim anim=13, timeMs=300, value=176.00, interp=3
08-23 16:33:39.708  3100  3100 D Layer   : applyEffect ## pixAnim anim=14, timeMs=0, value=0.00, interp=0
08-23 16:33:39.708  3100  3100 D Layer   : applyEffect ## pixAnim anim=14, timeMs=300, value=-10.00, interp=3
08-23 16:33:39.840  4976  4976 D Launcher: finishShowAllApps
08-23 16:33:39.956  3021  3021 E audit   : type=1400 audit(1503524019.941:57698): avc:  denied  { read } for  pid=28476 comm="BgHandler" name="28427-0" dev="debugfs" ino=16627764 scontext=u:r:untrusted_app:s0:c512,c768 tcontext=u:object_r:sec_debugfs:s0 tclass=file permissive=0 SEPF_SECMOBILE_7.0_0005
08-23 16:33:40.016  3650  3867 D InputReader: Input event(4): value=1 when=899535584751000
08-23 16:33:40.016  3650  3867 D InputReader: Input event(4): value=1 when=899535584751000
08-23 16:33:40.016  3650  3867 I InputReader: Touch event's action is 0x0 (deviceType=0) [pCnt=1, s=0.55498 ] when=899535584751000
08-23 16:33:40.017  3650  3866 I InputDispatcher: Delivering touch to (4097): action: 0x4, toolType: 1
08-23 16:33:40.017  3650  3866 I InputDispatcher: Delivering touch to (4976): action: 0x0, toolType: 1
08-23 16:33:40.017  3650  3866 I InputDispatcher: Delivering touch to (4097): action: 0x0, toolType: 1
08-23 16:33:40.074  4976  4976 D ViewRootImpl@2930ca8[LauncherActivity]: ViewPostImeInputStage processPointer 0
08-23 16:33:40.086  4976  4976 I Launcher.PagedView: determineScrollingStart : mTouchState=1, mIsPageMoving=true
08-23 16:33:40.087  4976  5146 W OpenGLRenderer: Incorrectly called buildLayer on View: CellLayoutChildren, destroying layer...
08-23 16:33:40.087  4976  5146 W OpenGLRenderer: Incorrectly called buildLayer on View: CellLayoutChildren, destroying layer...
08-23 16:33:40.087  4976  5146 W OpenGLRenderer: Incorrectly called buildLayer on View: CellLayoutChildren, destroying layer...
08-23 16:33:40.087  4976  5146 W OpenGLRenderer: Incorrectly called buildLayer on View: CellLayoutChildren, destroying layer...
08-23 16:33:40.170  3650  3867 D InputReader: Input event(4): value=0 when=899535738830000
08-23 16:33:40.170  3650  3867 D InputReader: Input event(4): value=0 when=899535738830000
08-23 16:33:40.170  3650  3867 I InputReader: Touch event's action is 0x1 (deviceType=0) [pCnt=1, s=] when=899535738830000
08-23 16:33:40.170  3650  3866 I InputDispatcher: Delivering touch to (4976): action: 0x1, toolType: 1
08-23 16:33:40.170  3650  3866 I InputDispatcher: Delivering touch to (4097): action: 0x1, toolType: 1
08-23 16:33:40.171  4976  4976 D ViewRootImpl@2930ca8[LauncherActivity]: ViewPostImeInputStage processPointer 1
08-23 16:33:40.183  3650  6921 D GameManagerService: identifyGamePackage. com.sec.android.app.launcher
08-23 16:33:40.185  3650  6921 D CustomFrequencyManagerService: acquireDVFSLockLocked : type : DVFS_MIN_LIMIT  frequency : 800000  uid : 1000  pid : 3650  pkgName : GESTURE_DETECTED@CPU_MIN@57
08-23 16:33:40.688  3650  3921 D WifiStateMachine: Current network is: "Motul" , ID is: 39
08-23 16:33:40.815  3650  3867 D InputReader: Input event(4): value=1 when=899536383526000
08-23 16:33:40.815  3650  3867 D InputReader: Input event(4): value=1 when=899536383526000
08-23 16:33:40.815  3650  3867 I InputReader: Touch event's action is 0x0 (deviceType=0) [pCnt=1, s=0.55499 ] when=899536383526000
08-23 16:33:40.815  3650  3866 I InputDispatcher: Delivering touch to (4097): action: 0x4, toolType: 1
08-23 16:33:40.815  3650  3866 I InputDispatcher: Delivering touch to (4976): action: 0x0, toolType: 1
08-23 16:33:40.815  3650  3866 I InputDispatcher: Delivering touch to (4097): action: 0x0, toolType: 1
08-23 16:33:40.815  4976  4976 D ViewRootImpl@2930ca8[LauncherActivity]: ViewPostImeInputStage processPointer 0
08-23 16:33:40.843  4668  4668 D io_stats: !@   8,0 r 71576989 2179688500 w 8058461 161207060 d 1074071 145526596 f 2408118 2407913 iot 23634520 16779358 th 61440 61440 61484 pt 400 inp 0 0 899536.412
08-23 16:33:40.847  3650  4930 D BatteryService: !@BatteryListener : batteryPropertiesChanged!
08-23 16:33:40.847  3650  4930 D BatteryService: level:48, scale:100, status:2, health:2, present:true, voltage: 3891, temperature: 349, technology: Li-ion, AC powered:false, USB powered:true, POGO powered:false, Wireless powered:false, icon:17303690, invalid charger:0, maxChargingCurrent:0, maxChargingVoltage:0, chargeCounter:0
08-23 16:33:40.847  3650  4930 D BatteryService: online:6, current avg:457, charge type:1, power sharing:false, high voltage charger:false, capacity:280000, batterySWSelfDischarging:false, misc_event:0, current_now:310
08-23 16:33:40.847  3650  3650 D BatteryService: Sending ACTION_BATTERY_CHANGED.
08-23 16:33:40.849  3650  3650 V UiModeManager: updateLocked: null action, mDockState=0, category=null
08-23 16:33:40.849  3650  3650 D UiModeManager: updateConfigurationLocked: mDockState=0; mCarMode=false; mNightMode=1; uiMode=17
08-23 16:33:40.849  3650  3650 D GameManagerService: new battery level: 48
08-23 16:33:40.850  4097  4097 D KeyguardUpdateMonitor: received broadcast android.intent.action.BATTERY_CHANGED
08-23 16:33:40.852  4097  4097 D PowerUI : priorPlugType = 2 mPlugType =  2
08-23 16:33:40.852  4097  4097 D PowerUI.Notification: showChargingNotice oldChargingType : 1 currentChargingType : 1 oldChargingTime : 5946000 mChargingTime : 5946000
08-23 16:33:40.853  4097  4097 D PowerUI.Notification: There is no change about charging status, so return!
08-23 16:33:40.853  4976  4976 I Launcher.PagedView: determineScrollingStart : mTouchState=0, mIsPageMoving=false
08-23 16:33:40.853  4097  4097 D KeyguardUpdateMonitor: handleBatteryUpdate
08-23 16:33:40.854  4035  4035 V HeadsetService: HeadsetService - Received Intent.ACTION_BATTERY_CHANGED
08-23 16:33:40.854  4097  4097 D BatteryMeterDrawable: isSomethingChanged - false
08-23 16:33:40.854  4035  4494 D HeadsetStateMachine: Disconnected process message: 10, size: 0
08-23 16:33:40.854  4097  4097 D BatteryMeterDrawable: isSomethingChanged - false
08-23 16:33:40.855  4097  4097 D Tile.FlashlightTile: ACTION_BATTERY_CHANGED - Level :: 48, emEnabled :: false
08-23 16:33:40.864  4976  4976 I Launcher.PagedView: determineScrollingStart : mTouchState=0, mIsPageMoving=false
08-23 16:33:40.881  4976  4976 I Launcher.PagedView: determineScrollingStart : mTouchState=0, mIsPageMoving=false
08-23 16:33:40.886  3650  3867 D InputReader: Input event(4): value=0 when=899536454606000
08-23 16:33:40.886  3650  3867 D InputReader: Input event(4): value=0 when=899536454606000
08-23 16:33:40.886  3650  3867 I InputReader: Touch event's action is 0x1 (deviceType=0) [pCnt=1, s=] when=899536454606000
08-23 16:33:40.886  3650  3866 I InputDispatcher: Delivering touch to (4976): action: 0x1, toolType: 1
08-23 16:33:40.886  3650  3866 I InputDispatcher: Delivering touch to (4097): action: 0x1, toolType: 1
08-23 16:33:40.886  4976  4976 D ViewRootImpl@2930ca8[LauncherActivity]: ViewPostImeInputStage processPointer 1
08-23 16:33:40.887  4976  4976 D MenuView: visible = false isExit = false
08-23 16:33:40.915  3650 27696 D CustomFrequencyManagerService: acquireDVFSLockLocked : type : DVFS_MIN_LIMIT  frequency : 2100000  uid : 1000  pid : 3650  pkgName : APP_LAUNCH@CPU_MIN@7254
08-23 16:33:40.919  4976  4976 D ActivityOptions: semMakeCustomScaleUpAnimation, width : 348, height : 424, opts.mStartX : 23, opts.mStartY : 2016
08-23 16:33:40.933  3650 27700 I ActivityManager: START u0 {act=android.intent.action.MAIN typ=null flg=0x10200000 cmp=ComponentInfo{com.islamujeres/com.islamujeres.MainActivity}} from uid 10061 on display 0
08-23 16:33:40.937  3650 27700 D ActivityManager: ActivityRecord() Constructor : multiScreenAttrs=MultiScreenAttrs{mDisplayId=0, mBaseDisplayId=0, mBaseActivity=false}
08-23 16:33:40.938  3650 27700 D CustomFrequencyManagerService: acquireDVFSLockLocked : type : DVFS_MIN_LIMIT  frequency : 2100000  uid : 1000  pid : 3650  pkgName : AMS_APP_SWITCH@CPU_MIN@19
08-23 16:33:40.938  3650 27700 D ActivityManagerPerformance: AMP_acquire() APP_SWITCH
08-23 16:33:40.939  3650  6921 D TelephonyManager: getAllCellInfo : Caller (PID / UID / TID): 3650 / 1000 / 6921
08-23 16:33:40.940  3650 27700 D ActivityManager: computeStackFocus: stackId=1
08-23 16:33:40.940  3650 27700 D ActivityManager: computeStackFocus: New stack r=ActivityRecord{fa18dbdd0 u0 com.islamujeres/.MainActivity t-1} stackId=1
08-23 16:33:40.940  3650 27700 D ActivityTrigger: Activity is Triggerred in full screen 
08-23 16:33:40.943  3650 27700 D CompatibilityInfo: mCompatibilityFlags - 0
08-23 16:33:40.943  3650 27700 D CompatibilityInfo: applicationDensity - 640
08-23 16:33:40.943  3650 27700 D CompatibilityInfo: applicationScale - 1.0
08-23 16:33:40.943  3650 27700 D ActivityManager: moveToFront() : reason=startedActivity setFocusedActivity isAttached=true TaskRecord{dde48b9d0 #947 A=com.islamujeres U=0 StackId=1 sz=1}
08-23 16:33:40.946  3650 27700 D ActivityManager: setFocusStackUnchecked: reason=startedActivity setFocusedActivity focusCandidate=ActivityStack{47b2197d0 stackId=1, 43 tasks} caller=com.android.server.am.ActivityStack.moveToFront:875 com.android.server.am.ActivityStackSupervisor.moveActivityStackToFront:2006 
08-23 16:33:40.947  3650 27700 D InputDispatcher: Focused application set to: xxxx
08-23 16:33:40.948  3650 27700 D InputDispatcher: Focus left window: 4976
08-23 16:33:40.948  3650 27700 D ActivityManager: resumeTopActivityInnerLocked() : #1 prevTask=TaskRecord{dde48b9d0 #947 A=com.islamujeres U=0 StackId=1 sz=1} next=ActivityRecord{fa18dbdd0 u0 com.islamujeres/.MainActivity t947} mFocusedStack=ActivityStack{47b2197d0 stackId=1, 43 tasks}
08-23 16:33:40.948  3650 27700 D ActivityTrigger: ActivityTrigger activityPauseTrigger 
08-23 16:33:40.949  3650 27700 D GameManagerService: there is not sem_perfomance_mode on setting
08-23 16:33:40.954  3650  3677 D WindowManager: addWindow: android.view.ViewRootImpl$W@6e5c998 displayId=0
08-23 16:33:40.954  3650  3677 D InputTransport: Input channel constructed: fd=601
08-23 16:33:40.954  3650  3677 D InputTransport: Input channel constructed: fd=602
08-23 16:33:40.955  3650  3677 D WindowManager: openInputChannel mInputChannel: 6d355f1 Starting com.islamujeres (server)
08-23 16:33:40.955  3650  3677 D ViewRootImpl@406b77b[islamujeres]: setView = DecorView@59135d6[islamujeres] touchMode=true
08-23 16:33:40.957  4976  4976 D Launcher: onPause, Launcher: 175582605
08-23 16:33:40.957  4976  4976 D Launcher.HomeView: onPause
08-23 16:33:40.957  4976  4976 D Launcher.Workspace: exitWidgetResizeMode. isClearResizeFrame is false
08-23 16:33:40.958  3650  3667 D CompatibilityInfo: mCompatibilityFlags - 0
08-23 16:33:40.958  3650  3667 D CompatibilityInfo: applicationDensity - 640
08-23 16:33:40.958  3650  3667 D CompatibilityInfo: applicationScale - 1.0
08-23 16:33:40.958  3650 27695 D ActivityManager: clearAppIconInfo()
08-23 16:33:40.959  3650 27695 D ActivityManager: resumeTopActivityInnerLocked() : #1 prevTask=TaskRecord{c7a70f8d0 #67 A=com.sec.android.app.launcher U=0 StackId=0 sz=1} next=ActivityRecord{fa18dbdd0 u0 com.islamujeres/.MainActivity t947} mFocusedStack=ActivityStack{47b2197d0 stackId=1, 43 tasks}
08-23 16:33:40.959  3650 27695 D ActivityManager: applyOptionsLocked(), pendingOptions : ActivityOptions(113201239), mPackageName=com.sec.android.app.launcher, mAnimationType=1001, mStartX=23, mStartY=2016, mWidth=348, mHeight=424
08-23 16:33:40.959  3650 27695 E ActivityManager: applyOptionsLocked: pendingOptions.getStartX()=23pendingOptions.getStartY()=2016
08-23 16:33:40.959  3650 27695 D SamsungWindowManager: overridePendingAppTransitionCustomScaleUp, mNextAppTransitionStartX : 23, mNextAppTransitionStartY : 2016, mNextAppTransitionStartWidth : 348, mNextAppTransitionStartHeight : 424
08-23 16:33:40.959  3650 27695 D ActivityManager: applyOptionsLocked, ANIM_CUSTOM_SCALE_UP, x : 23, y : 2016, isHomeItem : false
08-23 16:33:40.959  3650 27695 D ActivityManager: applyOptionsLocked, ANIM_CUSTOM_SCALE_UP, task.getRootActivity() : ActivityRecord{fa18dbdd0 u0 com.islamujeres/.MainActivity t947}, task.getTaskToReturnTo() : 1
08-23 16:33:40.959  3650 27695 D ActivityManager: setAppIconInfo(), x : 23, y : 2016, width : 348, height : 424, isHomeItem : false
08-23 16:33:40.960  3650 27695 D MountService: getExternalStorageMountMode : 3
08-23 16:33:40.960  3650 27695 D MountService: getExternalStorageMountMode : 3
08-23 16:33:40.960  3650 27695 D MountService: getExternalStorageMountMode : final mountMode=3, uid : 10375, packageName : com.islamujeres
08-23 16:33:40.967  3650  3677 D ViewRootImpl@406b77b[islamujeres]: dispatchAttachedToWindow
08-23 16:33:40.968  3650  3677 V WindowManager: Relayout Window{6d355f1d0 u0 Starting com.islamujeres}: viewVisibility=0 req=1440x2464 WM.LayoutParams{(0,0)(fillxfill) sim=#20 ty=3 fl=#81830118 pfl=0x11 wanim=0x1030465 vsysui=0x600 needsMenuKey=2 naviIconColor=0}
08-23 16:33:40.969 17806 17806 E Zygote  : v2
08-23 16:33:40.969 17806 17806 I libpersona: KNOX_SDCARD checking this for 10375
08-23 16:33:40.969 17806 17806 I libpersona: KNOX_SDCARD not a persona
08-23 16:33:40.970  3650 27695 I ActivityManager: Start proc 17806:com.islamujeres/u0a375 for activity com.islamujeres/.MainActivity
08-23 16:33:40.970 17806 17806 E Zygote  : accessInfo : 0
08-23 16:33:40.970  3100  3100 I SurfaceFlinger: id=32711 createSurf (1x1),1 flag=404, jslamujeres
08-23 16:33:40.972 17806 17806 W SELinux : SELinux selinux_android_compute_policy_index : Policy Index[2],  Con:u:r:zygote:s0 RAM:SEPF_SECMOBILE_7.0_0005, [-1 -1 -4 -1 0 1]
08-23 16:33:40.973 17806 17806 I SELinux : SELinux: seapp_context_lookup: seinfo=untrusted, level=s0:c512,c768, pkgname=com.islamujeres 
08-23 16:33:40.976 17806 17806 I art     : Late-enabling -Xcheck:jni
08-23 16:33:40.986  3650  3677 D ViewRootImpl@406b77b[islamujeres]: Relayout returned: oldFrame=[0,0][0,0] newFrame=[0,0][1440,2560] result=0x27 surface={isValid=true 516619931136} surfaceGenerationChanged=true
08-23 16:33:40.987  4976  4976 D ViewRootImpl@2930ca8[LauncherActivity]: MSG_WINDOW_FOCUS_CHANGED 0
08-23 16:33:40.989  4976  4976 D SEM_CLIP_SemClipboardManager: isCocktailBarDisplayed : false
08-23 16:33:40.994 17806 17806 D TimaKeyStoreProvider: TimaKeyStore is not enabled: cannot add TimaSignature Service and generateKeyPair Service
08-23 16:33:40.996  3650 27694 D CompatibilityInfo: mCompatibilityFlags - 0
08-23 16:33:40.996  3650 27694 D CompatibilityInfo: applicationDensity - 640
08-23 16:33:40.996  3650 27694 D CompatibilityInfo: applicationScale - 1.0
08-23 16:33:40.996  3650 27694 I ActivityManager: DSS on for com.islamujeres and scale is 1.0
08-23 16:33:40.997  3650 27694 D CompatibilityInfo: mCompatibilityFlags - 0
08-23 16:33:40.997  3650 27694 D CompatibilityInfo: applicationDensity - 640
08-23 16:33:40.997  3650 27694 D CompatibilityInfo: applicationScale - 1.0
08-23 16:33:40.998  3650 27694 V WindowManager: rotationForOrientationLw(orient=-1, last=0); user=0 USER_ROTATION_LOCKED sensorRotation=-1 mLidState=-1 mDockMode=0 mHdmiPlugged=false
08-23 16:33:41.001  3650 27694 D CompatibilityInfo: mCompatibilityFlags - 0
08-23 16:33:41.001  3650 27694 D CompatibilityInfo: applicationDensity - 640
08-23 16:33:41.001  3650 27694 D CompatibilityInfo: applicationScale - 1.0
08-23 16:33:41.007  3650 27694 D GameManagerService: there is not sem_perfomance_mode on setting
08-23 16:33:41.007  3650  3650 D GameManagerService: NotifyRunnable. pkg: com.islamujeres, type: 4, isMinimized: false, isTunableApp: false
08-23 16:33:41.007  3650  3650 D GameManagerService: do nothing. mKillNotiCount: 3
08-23 16:33:41.009  4899  4917 D ForegroundUtils: could not check pending caller
08-23 16:33:41.010  3650  6921 D GamePkgDataHelper: getGamePkgData(). com.islamujeres
08-23 16:33:41.010  3650  6921 D GameManagerService: identifyGamePackage. com.islamujeres
08-23 16:33:41.012  3650  6921 D GameManagerService: identifyGamePackage. com.islamujeres
08-23 16:33:41.014  3650  6921 D TelephonyManager: getAllCellInfo : Caller (PID / UID / TID): 3650 / 1000 / 6921
08-23 16:33:41.019  3650  3677 D WindowManager: finishDrawingWindow: Window{6d355f1d0 u0 Starting com.islamujeres} mDrawState=DRAW_PENDING
08-23 16:33:41.021  3650  3677 D SamsungWindowManager: createSamsungCustomAnimationLocked, mNextAppTransitionStartX : 23, mNextAppTransitionStartY : 2016, mNextAppTransitionStartWidth : 348, mNextAppTransitionStartHeight : 424
08-23 16:33:41.022  3650  3677 D SamsungWindowManager: createSamsungCustomAnimationLocked, mNextAppTransitionStartX : 23, mNextAppTransitionStartY : 2016, mNextAppTransitionStartWidth : 348, mNextAppTransitionStartHeight : 424
08-23 16:33:41.022  3650  6921 D GameManagerService: identifyGamePackage. com.islamujeres
08-23 16:33:41.022  3650  6921 D GameManagerService: identifyGamePackage. com.islamujeres
08-23 16:33:41.023  3650  3668 D WindowManager: set systemUiVisibility of statusbar : vis= 0x608
08-23 16:33:41.042  4976  4976 D ViewRootImpl@2930ca8[LauncherActivity]: mHardwareRenderer.destroy()#1
08-23 16:33:41.044  3650  6039 V WindowManager: Relayout Window{d4bbc8ed0 u0 com.sec.android.app.launcher/com.sec.android.app.launcher.activities.LauncherActivity}: viewVisibility=8 req=1440x2560 WM.LayoutParams{(0,0)(fillxfill) sim=#30 ty=1 fl=#81910d02 pfl=0x20000 fmt=-2 wanim=0x103038a vsysui=0x600 needsMenuKey=2 dimDuration=300 naviIconColor=0 sfl=0x40}
08-23 16:33:41.045 17806 17806 V fb-UnpackingSoSource: locked dso store /data/user/0/com.islamujeres/lib-main
08-23 16:33:41.046 17806 17806 I fb-UnpackingSoSource: dso store is up-to-date: /data/user/0/com.islamujeres/lib-main
08-23 16:33:41.046 17806 17806 V fb-UnpackingSoSource: releasing dso store lock for /data/user/0/com.islamujeres/lib-main
08-23 16:33:41.048  4976  4976 D ViewRootImpl@2930ca8[LauncherActivity]: Relayout returned: oldFrame=[0,0][1440,2560] newFrame=[0,0][1440,2560] result=0x5 surface={isValid=false 0} surfaceGenerationChanged=true
08-23 16:33:41.094 17806 17806 D ReactNative: ReactInstanceManager.ctor()
08-23 16:33:41.111 17806 17806 D NetworkSecurityConfig: No Network Security Config specified, using platform default
08-23 16:33:41.119  3650  3697 E SensorService: getSensorList a sensor (MAX86900) without holding its required permission: com.samsung.permission.SSENSOR
08-23 16:33:41.119  3650  3697 I SensorService: Skipped sensor MAX86900 because it requires permission com.samsung.permission.SSENSOR and app op -1
08-23 16:33:41.119  3650  3697 E SensorService: getSensorList a sensor (HRM Ambient Light Canceling) without holding its required permission: com.samsung.permission.HRM_EXT
08-23 16:33:41.119  3650  3697 I SensorService: Skipped sensor HRM Ambient Light Canceling because it requires permission com.samsung.permission.HRM_EXT and app op -1
08-23 16:33:41.120  3650  3697 W ServiceManager: Permission failure: android.permission.BODY_SENSORS from uid=10375 pid=17806
08-23 16:33:41.120  3650  3697 E SensorService: getSensorList a sensor (HRMLED IR) without holding its required permission: android.permission.BODY_SENSORS
08-23 16:33:41.120  3650  3697 I SensorService: Skipped sensor HRMLED IR because it requires permission android.permission.BODY_SENSORS and app op 56
08-23 16:33:41.120  3650  3697 W ServiceManager: Permission failure: android.permission.BODY_SENSORS from uid=10375 pid=17806
08-23 16:33:41.120  3650  3697 E SensorService: getSensorList a sensor (HRMLED RED) without holding its required permission: android.permission.BODY_SENSORS
08-23 16:33:41.120  3650  3697 I SensorService: Skipped sensor HRMLED RED because it requires permission android.permission.BODY_SENSORS and app op 56
08-23 16:33:41.120  3650  3697 E SensorService: getSensorList a sensor (HRM Proximity detecting) without holding its required permission: com.samsung.permission.HRM_EXT
08-23 16:33:41.120  3650  3697 I SensorService: Skipped sensor HRM Proximity detecting because it requires permission com.samsung.permission.HRM_EXT and app op -1
08-23 16:33:41.120  3650  3697 E SensorService: getSensorList a sensor (HRM Sensor) without holding its required permission: com.samsung.permission.SSENSOR
08-23 16:33:41.120  3650  3697 I SensorService: Skipped sensor HRM Sensor because it requires permission com.samsung.permission.SSENSOR and app op -1
08-23 16:33:41.120  3650  3697 W ServiceManager: Permission failure: android.permission.BODY_SENSORS from uid=10375 pid=17806
08-23 16:33:41.120  3650  3697 E SensorService: getSensorList a sensor (HeartRate Sensor) without holding its required permission: android.permission.BODY_SENSORS
08-23 16:33:41.120  3650  3697 I SensorService: Skipped sensor HeartRate Sensor because it requires permission android.permission.BODY_SENSORS and app op 56
08-23 16:33:41.120  3650  3697 E SensorService: getSensorList a sensor (Sensor Diagnostic Monitor) without holding its required permission: com.samsung.permission.SSENSOR
08-23 16:33:41.120  3650  3697 I SensorService: Skipped sensor Sensor Diagnostic Monitor because it requires permission com.samsung.permission.SSENSOR and app op -1
08-23 16:33:41.129  3650 27695 I Sensors : Acc old sensor_state 16384, new sensor_state : 16385 en : 1
08-23 16:33:41.130 17806 17806 D SensorManager: registerListener :: 0, MPU6500 Acceleration Sensor, 66667, 0,  
08-23 16:33:41.141  3650  3980 D MdnieScenarioControlService:  packageName : com.islamujeres    className : com.islamujeres.MainActivity
08-23 16:33:41.147  3145  3642 D EnterpriseController: netId is 0
08-23 16:33:41.147  3145  3642 D Netd    : getNetworkForDns: using netid 792 for uid 10375
08-23 16:33:41.147  3145  3642 D DnsProxyListener: DNSDBG::dns addrinfo af 2
08-23 16:33:41.147  3145  3642 D EnterpriseController: netId is 0
08-23 16:33:41.147  3145  3642 D Netd    : getNetworkForDns: using netid 792 for uid 10375
08-23 16:33:41.147  3145  3642 D DnsProxyListener: DNSDBG::dns addrinfo af 2
08-23 16:33:41.153 17806 17806 D ReactNative: ReactInstanceManager.createReactContextInBackground()
08-23 16:33:41.153 17806 17806 D ReactNative: ReactInstanceManager.recreateReactContextInBackgroundInner()
08-23 16:33:41.155 17806 17806 D ReactNative: ReactInstanceManager.onJSBundleLoadedFromServer()
08-23 16:33:41.168 17806 17806 I art     : Thread[1,tid=17806,Native,Thread*=0xe4205400,peer=0x7645b730,"main"] recursive attempt to load library "/data/app/com.islamujeres-2/lib/arm/libfb.so"
08-23 16:33:41.170 17806 17806 D ReactNative: ReactInstanceManager.recreateReactContextInBackground()
08-23 16:33:41.170 17806 17806 D ReactNative: ReactInstanceManager.runCreateReactContextOnNewThread()
08-23 16:33:41.172 17806 17832 D ReactNative: ReactInstanceManager.createReactContext()
08-23 16:33:41.182  3650  3650 D CustomFrequencyManagerService: releaseDVFSLockLocked : Getting Lock type frm List : DVFS_MIN_LIMIT  frequency : 800000  uid : 1000  pid : 3650  tag : GESTURE_DETECTED@CPU_MIN@57
08-23 16:33:41.185 17806 17832 W unknown:ViewManagerPropertyUpdater: Could not find generated setter for class com.facebook.react.views.art.ARTGroupViewManager
08-23 16:33:41.186 17806 17832 W unknown:ViewManagerPropertyUpdater: Could not find generated setter for class com.facebook.react.views.art.ARTGroupShadowNode
08-23 16:33:41.189 17806 17832 W unknown:ViewManagerPropertyUpdater: Could not find generated setter for class com.facebook.react.views.art.ARTShapeViewManager
08-23 16:33:41.189 17806 17832 W unknown:ViewManagerPropertyUpdater: Could not find generated setter for class com.facebook.react.views.art.ARTShapeShadowNode
08-23 16:33:41.191 17806 17832 W unknown:ViewManagerPropertyUpdater: Could not find generated setter for class com.facebook.react.views.art.ARTTextViewManager
08-23 16:33:41.191 17806 17832 W unknown:ViewManagerPropertyUpdater: Could not find generated setter for class com.facebook.react.views.art.ARTTextShadowNode
08-23 16:33:41.192 17806 17832 W unknown:ViewManagerPropertyUpdater: Could not find generated setter for class com.facebook.react.views.picker.ReactDialogPickerManager
08-23 16:33:41.198 17806 17832 W unknown:ViewManagerPropertyUpdater: Could not find generated setter for class com.facebook.react.uimanager.LayoutShadowNode
08-23 16:33:41.200 17806 17806 W unknown:ReactNative: Packager connection already open, nooping.
08-23 16:33:41.200 17806 17806 W unknown:ReactNative: Inspector connection already open, nooping.
08-23 16:33:41.203 17806 17832 W unknown:ViewManagerPropertyUpdater: Could not find generated setter for class com.facebook.react.views.drawer.ReactDrawerLayoutManager
08-23 16:33:41.209 17806 17832 W unknown:ViewManagerPropertyUpdater: Could not find generated setter for class com.facebook.react.views.picker.ReactDropdownPickerManager
08-23 16:33:41.210 17806 17832 W unknown:ViewManagerPropertyUpdater: Could not find generated setter for class com.facebook.react.views.scroll.ReactHorizontalScrollViewManager
08-23 16:33:41.215 17806 17832 W unknown:ViewManagerPropertyUpdater: Could not find generated setter for class com.facebook.react.views.progressbar.ReactProgressBarViewManager
08-23 16:33:41.217 17806 17832 W unknown:ViewManagerPropertyUpdater: Could not find generated setter for class com.facebook.react.views.progressbar.ProgressBarShadowNode
08-23 16:33:41.219 17806 17832 W unknown:ViewManagerPropertyUpdater: Could not find generated setter for class com.facebook.react.views.scroll.ReactScrollViewManager
08-23 16:33:41.224 17806 17832 W unknown:ViewManagerPropertyUpdater: Could not find generated setter for class com.facebook.react.views.slider.ReactSliderManager
08-23 16:33:41.226 17806 17832 W unknown:ViewManagerPropertyUpdater: Could not find generated setter for class com.facebook.react.views.slider.ReactSliderManager$ReactSliderShadowNode
08-23 16:33:41.227 17806 17832 W unknown:ViewManagerPropertyUpdater: Could not find generated setter for class com.facebook.react.views.switchview.ReactSwitchManager
08-23 16:33:41.229 17806 17806 D ViewRootImpl@2b04ba7[MainActivity]: ThreadedRenderer.create() translucent=false
08-23 16:33:41.230 17806 17832 W unknown:ViewManagerPropertyUpdater: Could not find generated setter for class com.facebook.react.views.switchview.ReactSwitchManager$ReactSwitchShadowNode
08-23 16:33:41.230 17806 17832 W unknown:ViewManagerPropertyUpdater: Could not find generated setter for class com.facebook.react.views.toolbar.ReactToolbarManager
08-23 16:33:41.231  3650 15024 D WindowManager: addWindow: android.view.IWindow$Stub$Proxy@67929ae displayId=0
08-23 16:33:41.231  3650 15024 D InputTransport: Input channel constructed: fd=604
08-23 16:33:41.231  3650 15024 D InputTransport: Input channel constructed: fd=607
08-23 16:33:41.232  3650 15024 D WindowManager: openInputChannel mInputChannel: abcdadc com.islamujeres/com.islamujeres.MainActivity (server)
08-23 16:33:41.233  3650 15024 D InputTransport: Input channel destroyed: fd=607
08-23 16:33:41.234 17806 17806 D InputTransport: Input channel constructed: fd=60
08-23 16:33:41.234 17806 17806 D ViewRootImpl@2b04ba7[MainActivity]: setView = DecorView@7fa95c0[MainActivity] touchMode=true
08-23 16:33:41.234  3650  3917 D ActivityManager: post active user change for 0 fullscreen true isHomeActivity() false
08-23 16:33:41.234  3650  3917 D KnoxTimeoutHandler: postActiveUserChange [MsgParam] userId: 0 fullscreen is true showWhenlocked is false isMutiwindowRecord is false multiwindowstyle is 0
08-23 16:33:41.234 17806 17832 W unknown:ViewManagerPropertyUpdater: Could not find generated setter for class com.facebook.react.views.webview.ReactWebViewManager
08-23 16:33:41.234  3650  3650 D KnoxTimeoutHandler: handleActiveUserChange [MsgParam] userId: 0 fullscreen is true showWhenlocked is false isMutiwindowRecord is false multiwindowstyle is 0
08-23 16:33:41.235 17806 17806 D ViewRootImpl@2b04ba7[MainActivity]: dispatchAttachedToWindow
08-23 16:33:41.235  3650  3650 I KnoxTimeoutHandler: Shared devices show user statefalse
08-23 16:33:41.237  3650  9027 V WindowManager: Relayout Window{abcdadcd0 u0 com.islamujeres/com.islamujeres.MainActivity}: viewVisibility=0 req=1440x2464 WM.LayoutParams{(0,0)(fillxfill) sim=#110 ty=1 fl=#81810100 wanim=0x1030465 vsysui=0x600 needsMenuKey=2 naviIconColor=0}
08-23 16:33:41.238 17806 17832 W unknown:ViewManagerPropertyUpdater: Could not find generated setter for class com.facebook.react.views.swiperefresh.SwipeRefreshLayoutManager
08-23 16:33:41.239  3100  3100 I SurfaceFlinger: id=32712 createSurf (1x1),1 flag=404, NainActivit
08-23 16:33:41.241 17806 17832 W unknown:ViewManagerPropertyUpdater: Could not find generated setter for class com.facebook.react.views.art.ARTSurfaceViewManager
08-23 16:33:41.242 17806 17832 W unknown:ViewManagerPropertyUpdater: Could not find generated setter for class com.facebook.react.views.art.ARTSurfaceViewShadowNode
08-23 16:33:41.243 17806 17832 W unknown:ViewManagerPropertyUpdater: Could not find generated setter for class com.facebook.react.views.text.frescosupport.FrescoBasedReactTextInlineImageViewManager
08-23 16:33:41.244 17806 17832 W unknown:ViewManagerPropertyUpdater: Could not find generated setter for class com.facebook.react.views.text.frescosupport.FrescoBasedReactTextInlineImageShadowNode
08-23 16:33:41.246 17806 17832 W unknown:ViewManagerPropertyUpdater: Could not find generated setter for class com.facebook.react.views.image.ReactImageManager
08-23 16:33:41.250 17806 17832 W unknown:ViewManagerPropertyUpdater: Could not find generated setter for class com.facebook.react.views.modal.ReactModalHostManager
08-23 16:33:41.253  3650  9027 D InputDispatcher: Focus entered window: 17806
08-23 16:33:41.255 17806 17832 W unknown:ViewManagerPropertyUpdater: Could not find generated setter for class com.facebook.react.views.modal.ModalHostShadowNode
08-23 16:33:41.256 17806 17832 W unknown:ViewManagerPropertyUpdater: Could not find generated setter for class com.facebook.react.views.text.ReactRawTextManager
08-23 16:33:41.257 17806 17806 D ViewRootImpl@2b04ba7[MainActivity]: Relayout returned: oldFrame=[0,0][0,0] newFrame=[0,0][1440,2560] result=0x27 surface={isValid=true -629727232} surfaceGenerationChanged=true
08-23 16:33:41.257 17806 17806 D ViewRootImpl@2b04ba7[MainActivity]: mHardwareRenderer.initialize() mSurface={isValid=true -629727232} hwInitialized=true
08-23 16:33:41.261 17806 17832 W unknown:ViewManagerPropertyUpdater: Could not find generated setter for class com.facebook.react.views.text.ReactTextShadowNode
08-23 16:33:41.265 17806 17832 W unknown:ViewManagerPropertyUpdater: Could not find generated setter for class com.facebook.react.views.textinput.ReactTextInputManager
08-23 16:33:41.274 17806 17832 W unknown:ViewManagerPropertyUpdater: Could not find generated setter for class com.facebook.react.views.textinput.ReactTextInputShadowNode
08-23 16:33:41.274 17806 17832 W unknown:ViewManagerPropertyUpdater: Could not find generated setter for class com.facebook.react.views.text.ReactTextViewManager
08-23 16:33:41.277 17806 17832 W unknown:ViewManagerPropertyUpdater: Could not find generated setter for class com.facebook.react.views.view.ReactViewManager
08-23 16:33:41.277 17806 17833 D libEGL  : loaded /vendor/lib/egl/libGLES_mali.so
08-23 16:33:41.287 17806 17832 W unknown:ViewManagerPropertyUpdater: Could not find generated setter for class com.facebook.react.views.viewpager.ReactViewPagerManager
08-23 16:33:41.290 17806 17832 W unknown:ViewManagerPropertyUpdater: Could not find generated setter for class com.facebook.react.views.text.ReactVirtualTextViewManager
08-23 16:33:41.291 17806 17832 W unknown:ViewManagerPropertyUpdater: Could not find generated setter for class com.mapbox.reactnativemapboxgl.ReactNativeMapboxGLManager
08-23 16:33:41.296 17806 17832 W unknown:ViewManagerPropertyUpdater: Could not find generated setter for class com.mapbox.reactnativemapboxgl.RNMGLAnnotationViewManager
08-23 16:33:41.299 17806 17806 D ViewRootImpl@2b04ba7[MainActivity]: MSG_RESIZED_REPORT: ci=Rect(0, 96 - 0, 0) vi=Rect(0, 96 - 0, 0) or=1
08-23 16:33:41.299 17806 17806 D ViewRootImpl@2b04ba7[MainActivity]: MSG_WINDOW_FOCUS_CHANGED 1
08-23 16:33:41.299 17806 17806 D ViewRootImpl@2b04ba7[MainActivity]: mHardwareRenderer.initializeIfNeeded()#2 mSurface={isValid=true -629727232}
08-23 16:33:41.300 17806 17806 V InputMethodManager: Starting input: tba=android.view.inputmethod.EditorInfo@14d0625 nm : com.islamujeres ic=null
08-23 16:33:41.300 17806 17806 I InputMethodManager: [IMM] startInputInner - mService.startInputOrWindowGainedFocus
08-23 16:33:41.301  3650  6037 D InputMethodManagerService: windowGainedFocus mCurrentFocusedUserId - 0 and mSecureKeypadEnabled-false
08-23 16:33:41.301  3650  6037 V InputMethodManagerService: windowGainedFocus: reason=WINDOW_FOCUS_GAIN client=android.os.BinderProxy@645d229 inputContext=null missingMethods= attribute=android.view.inputmethod.EditorInfo@f4067e5 nm = com.islamujeres controlFlags=#104 softInputMode=#110 windowFlags=#81810100
08-23 16:33:41.301  3650  6037 V InputMethodManagerService: Unspecified window will hide input
08-23 16:33:41.301  3650  6037 D InputMethodManagerService: mDesktopModeManager null!
08-23 16:33:41.301  3650  6037 V InputMethodManagerService: hideCurrentInputLocked - !shouldHideSoftInput
08-23 16:33:41.302  3650  6037 D InputTransport: Input channel constructed: fd=607
08-23 16:33:41.302  3650  6037 D InputTransport: Input channel constructed: fd=608
08-23 16:33:41.302  4976  4976 D InputTransport: Input channel destroyed: fd=83
08-23 16:33:41.302  3650  6037 D InputTransport: Input channel destroyed: fd=608
08-23 16:33:41.302  1825  2062 D InputTransport: Input channel constructed: fd=70
08-23 16:33:41.302 17806 17832 W unknown:ViewManagerPropertyUpdater: Could not find generated setter for class com.mapbox.reactnativemapboxgl.SizeReportingShadowNode
08-23 16:33:41.305  3650  4311 D InputTransport: Input channel constructed: fd=608
08-23 16:33:41.306  3650  4311 D InputTransport: Input channel destroyed: fd=608
08-23 16:33:41.308 17806 17818 D InputTransport: Input channel constructed: fd=65
08-23 16:33:41.359 17806 17833 I OpenGLRenderer: Initialized EGL, version 1.4
08-23 16:33:41.359 17806 17833 D OpenGLRenderer: Swap behavior 1
08-23 16:33:41.359 17806 17832 D ReactNativeMapboxGLModule: Context com.facebook.react.bridge.ReactApplicationContext@3e437b2
08-23 16:33:41.359 17806 17832 D ReactNativeMapboxGLModule: reactContext com.facebook.react.bridge.ReactApplicationContext@3e437b2
08-23 16:33:41.360 17806 17832 D ReactNative: Initializing React Xplat Bridge.
08-23 16:33:41.372 17806 17833 D mali_winsys: EGLint new_window_surface(egl_winsys_display*, void*, EGLSurface, EGLConfig, egl_winsys_surface**, egl_color_buffer_format*, EGLBoolean) returns 0x3000,  [1440x2560]-format:1
08-23 16:33:41.390 17806 17832 D ReactNative: Initializing React Xplat Bridge before initializeBridge
08-23 16:33:41.449 17806 17832 D ReactNative: Initializing React Xplat Bridge after initializeBridge
08-23 16:33:41.449 17806 17832 D ReactNative: CatalystInstanceImpl.runJSBundle()
08-23 16:33:41.458  3650  3697 D WindowManager: finishDrawingWindow: Window{abcdadcd0 u0 com.islamujeres/com.islamujeres.MainActivity} mDrawState=DRAW_PENDING
08-23 16:33:41.458 17806 17806 V InputMethodManager: Starting input: tba=android.view.inputmethod.EditorInfo@e0b2f75 nm : com.islamujeres ic=null
08-23 16:33:41.459 17806 17806 D ReactNative: ReactInstanceManager.setupReactContext()
08-23 16:33:41.459 17806 17806 D ReactNative: CatalystInstanceImpl.initialize()
08-23 16:33:41.459 17806 17806 W unknown:ReactNative: Packager connection already open, nooping.
08-23 16:33:41.459 17806 17806 W unknown:ReactNative: Inspector connection already open, nooping.
08-23 16:33:41.460 17806 17806 D ReactNative: ReactInstanceManager.attachRootViewToInstance()
08-23 16:33:41.464  3650  3677 D KnoxTimeoutHandler: notifyActivityDrawn [MsgParam] userId: 0 fullscreen is true showWhenlocked is false isMutiwindowRecord is false multiwindowstyle is 1
08-23 16:33:41.464  3650  3650 D KnoxTimeoutHandler: activityDrawn [MsgParam] userId: 0 fullscreen is true showWhenlocked is false isMutiwindowRecord is false multiwindowstyle is 1
08-23 16:33:41.465  3650  3650 I KnoxTimeoutHandler: SD activityfalse
08-23 16:33:41.465  3650  3650 I KnoxTimeoutHandler: Fullscreen and mCurrent is not KNOX user. Hence hide keyguard
08-23 16:33:41.466  3650  3677 I ActivityManager: Displayed com.islamujeres/.MainActivity: +506ms
08-23 16:33:41.466  3650  3677 D ViewRootImpl@406b77b[islamujeres]: dispatchDetachedFromWindow
08-23 16:33:41.466  3650  3677 D WindowManager: disposeInputChannel mInputChannel: 6d355f1 Starting com.islamujeres (server)
08-23 16:33:41.469  3650  3677 D InputTransport: Input channel destroyed: fd=601
08-23 16:33:41.469  3650  3677 D InputTransport: Input channel destroyed: fd=602
08-23 16:33:41.469  3650  3677 D ViewRootImpl@3672112[ContainerKeyguardScrim]: mHardwareRenderer.destroy()#1
08-23 16:33:41.502  4097  4097 D ImageWallpaper: onVisibilityChanged: mVisible, visible=true, false
08-23 16:33:41.502  4097  4097 D ImageWallpaper: Visibility changed to visible=false
08-23 16:33:41.504  3650  3677 D CustomFrequencyManagerService: acquireDVFSLockLocked : type : DVFS_MIN_LIMIT  frequency : 1800000  uid : 1000  pid : 3650  pkgName : AMS_RESUME_TAIL@CPU_MIN@25
08-23 16:33:41.504  3650  3677 D ActivityManagerPerformance: AMP_acquire() TAIL
08-23 16:33:41.505  3650  3677 D CustomFrequencyManagerService: releaseDVFSLockLocked : Getting Lock type frm List : DVFS_MIN_LIMIT  frequency : 2100000  uid : 1000  pid : 3650  tag : AMS_APP_SWITCH@CPU_MIN@19
08-23 16:33:41.505  3650  3677 D ActivityManagerPerformance: AMP_release() APP_SWITCH
08-23 16:33:41.506  3650  3677 D KnoxTimeoutHandler: notifyActivityDrawn [MsgParam] userId: 0 fullscreen is true showWhenlocked is false isMutiwindowRecord is false multiwindowstyle is 1
08-23 16:33:41.506  3650  3650 D KnoxTimeoutHandler: activityDrawn [MsgParam] userId: 0 fullscreen is true showWhenlocked is false isMutiwindowRecord is false multiwindowstyle is 1
08-23 16:33:41.507  3650  3650 I KnoxTimeoutHandler: SD activityfalse
08-23 16:33:41.507  3650  3650 I KnoxTimeoutHandler: Fullscreen and mCurrent is not KNOX user. Hence hide keyguard
08-23 16:33:41.511  3650 27696 D ActivityTrigger: ActivityTrigger activityStopTrigger 
08-23 16:33:41.513  4976  4976 D MenuAppsGridFragment: onStop
08-23 16:33:41.513  4976  4976 D Launcher.HomeView: onStop
08-23 16:33:41.513  4976  4976 D capture : ----destroy
08-23 16:33:41.527  4976  4976 D Launcher: onTrimMemory. Level: 20
08-23 16:33:41.533  3650 27692 I WindowManager_SurfaceController: Destroying surface Surface(name=com.sec.android.app.launcher/com.sec.android.app.launcher.activities.LauncherActivity) called by com.android.server.wm.WindowStateAnimator.destroySurface:2905 com.android.server.wm.WindowStateAnimator.destroySurfaceLocked:1119 com.android.server.wm.WindowState.destroyOrSaveSurface:2627 com.android.server.wm.AppWindowToken.destroySurfaces:424 com.android.server.wm.AppWindowToken.destroySurfaces:388 com.android.server.wm.AppWindowToken.notifyAppStopped:468 com.android.server.wm.WindowManagerService.notifyAppStopped:5297 com.android.server.am.ActivityStack.activityStoppedLocked:1582 
08-23 16:33:41.533  3100  3165 I SurfaceFlinger: id=32710 Removed MauncherAct (1/7)
08-23 16:33:41.533  3100  3165 I SurfaceFlinger: id=32710 Removed MauncherAct (-2/7)
08-23 16:33:41.536  4899  7291 D ForegroundUtils: could not check pending caller
08-23 16:33:41.562  3650  6921 D SSRM:t  : SIOP:: AP = 410, PST = 449 (W:10), CP = 329, CUR = 389, LCD = 82
08-23 16:33:41.666  3650  3980 D MdnieScenarioControlService:  packageName : com.islamujeres    className : com.islamujeres.MainActivity
08-23 16:33:41.671  3650  3677 I WindowManager_SurfaceController: Destroying surface Surface(name=Starting com.islamujeres) called by com.android.server.wm.WindowStateAnimator.destroySurface:2905 com.android.server.wm.WindowStateAnimator.destroySurfaceLocked:1119 com.android.server.wm.WindowState.destroyOrSaveSurface:2627 com.android.server.wm.AppWindowToken.destroySurfaces:424 com.android.server.wm.AppWindowToken.destroySurfaces:388 com.android.server.wm.WindowStateAnimator.finishExit:686 com.android.server.wm.WindowStateAnimator.stepAnimationLocked:570 com.android.server.wm.WindowAnimator.updateWindowsLocked:439 
08-23 16:33:41.671  3100  5834 I SurfaceFlinger: id=32711 Removed jslamujeres (4/6)
08-23 16:33:41.803 17806 17849 I WebViewFactory: Loading com.android.chrome version 59.0.3071.125 (code 307112552)
08-23 16:33:41.804  3650  3650 D CustomFrequencyManagerService: FrequencyrequestList.getNextCStateDisableRequest, index: 0
08-23 16:33:41.805  3650  3650 D CustomFrequencyManagerService: releaseDVFSLockLocked : Getting Lock type frm List : DVFS_MIN_LIMIT  frequency : 1800000  uid : 1000  pid : 3650  tag : AMS_RESUME_TAIL@CPU_MIN@25
08-23 16:33:41.864 17806 17849 I cr_LibraryLoader: Time to load native libraries: 8 ms (timestamps 7424-7432)
08-23 16:33:41.871 17806 17849 I chromium: [INFO:library_loader_hooks.cc(144)] Chromium logging enabled: level = 0, default verbosity = 0
08-23 16:33:41.871 17806 17849 I cr_LibraryLoader: Expected native library version number "59.0.3071.125", actual native library version number "59.0.3071.125"
08-23 16:33:41.917  3650  3901 D CustomFrequencyManagerService: releaseDVFSLockLocked : Getting Lock type frm List : DVFS_MIN_LIMIT  frequency : 2100000  uid : 1000  pid : 3650  tag : APP_LAUNCH@CPU_MIN@7254
08-23 16:33:42.040 17806 17848 W ReactNativeJS: Warning: PropTypes has been moved to a separate package. Accessing React.PropTypes is no longer supported and will be removed completely in React 16. Use the prop-types package on npm instead. (https://fb.me/migrating-from-react-proptypes)
