08-23 16:33:42.238 17806 17848 I ReactNativeJS: Running application "IslaMujeres" with appParams: {"rootTag":1}. __DEV__ === true, development-level warning are ON, performance optimizations are OFF
08-23 16:33:42.301 17806 17806 I MapboxEventManager: Telemetry initialize() called...
08-23 16:33:42.302 17806 17806 I MapboxEventManager: Right before Telemetry set enabled in initialized()
08-23 16:33:42.303 17806 17806 I MapboxEventManager: setTelemetryEnabled(); this.telemetryEnabled = false; telemetryEnabled = true
08-23 16:33:42.303 17806 17806 D MapboxEventManager: Starting Telemetry Up!
08-23 16:33:42.306  3650 27695 D CompatibilityInfo: mCompatibilityFlags - 0
08-23 16:33:42.306  3650 27695 D CompatibilityInfo: applicationDensity - 640
08-23 16:33:42.306  3650 27695 D CompatibilityInfo: applicationScale - 1.0
08-23 16:33:42.308 17806 17806 I MapboxEventManager: Permissions are good, see if GPS is enabled and if not then setup Ambient.
08-23 16:33:42.311 17806 17806 E MapboxEventManager: Error Trying to load Staging Credentials: java.lang.NullPointerException: Attempt to invoke virtual method 'java.lang.String android.os.BaseBundle.getString(java.lang.String)' on a null object reference
08-23 16:33:42.315 17806 17849 W unknown:ViewManagerPropertyUpdater: Could not find generated setter for class com.facebook.react.views.text.ReactVirtualTextShadowNode
08-23 16:33:42.323 17806 17806 I art     : Thread[1,tid=17806,Native,Thread*=0xe4205400,peer=0x7645b730,"main"] recursive attempt to load library "/data/app/com.islamujeres-2/lib/arm/libmapbox-gl.so"
08-23 16:33:42.324 17806 17806 I art     : Thread[1,tid=17806,Native,Thread*=0xe4205400,peer=0x7645b730,"main"] recursive attempt to load library "/data/app/com.islamujeres-2/lib/arm/libmapbox-gl.so"
08-23 16:33:42.324 17806 17806 I art     : Thread[1,tid=17806,Native,Thread*=0xe4205400,peer=0x7645b730,"main"] recursive attempt to load library "/data/app/com.islamujeres-2/lib/arm/libmapbox-gl.so"
08-23 16:33:42.325 17806 17806 E OfflineManager: Failed to read the storage key: Attempt to invoke virtual method 'boolean android.os.BaseBundle.getBoolean(java.lang.String, boolean)' on a null object reference
08-23 16:33:42.333 17806 17806 I TelemetryService: onStartCommand() called
08-23 16:33:42.340 17806 17806 V ConnectivityReceiver: Connected: true
08-23 16:33:42.343 17806 17848 I ReactNativeJS: 'redux-persist/autoRehydrate: key `%s`, rehydrated to ', 'toggleFavorite', { favorites: 
08-23 16:33:42.343 17806 17848 I ReactNativeJS:    [ 'ae377ed73ef6c342361576be41fbdd1c',
08-23 16:33:42.343 17806 17848 I ReactNativeJS:      '885c30cb80ba7c9f6ab0fcec77327c35' ] }
08-23 16:33:42.411 17806 17806 D AndroidRuntime: Shutting down VM
--------- beginning of crash
08-23 16:33:42.415 17806 17806 E AndroidRuntime: FATAL EXCEPTION: main
08-23 16:33:42.415 17806 17806 E AndroidRuntime: Process: com.islamujeres, PID: 17806
08-23 16:33:42.415 17806 17806 E AndroidRuntime: java.lang.NullPointerException: Attempt to invoke virtual method 'long com.mapbox.mapboxsdk.offline.OfflineRegionStatus.getCompletedResourceSize()' on a null object reference
08-23 16:33:42.415 17806 17806 E AndroidRuntime: 	at com.mapbox.reactnativemapboxgl.ReactNativeMapboxGLModule.serializeOfflineRegionStatus(ReactNativeMapboxGLModule.java:334)
08-23 16:33:42.415 17806 17806 E AndroidRuntime: 	at com.mapbox.reactnativemapboxgl.ReactNativeMapboxGLModule._getOfflinePacks(ReactNativeMapboxGLModule.java:360)
08-23 16:33:42.415 17806 17806 E AndroidRuntime: 	at com.mapbox.reactnativemapboxgl.ReactNativeMapboxGLModule.flushListingRequests(ReactNativeMapboxGLModule.java:259)
08-23 16:33:42.415 17806 17806 E AndroidRuntime: 	at com.mapbox.reactnativemapboxgl.ReactNativeMapboxGLModule$OfflineRegionsInitialRequest$1.onStatus(ReactNativeMapboxGLModule.java:287)
08-23 16:33:42.415 17806 17806 E AndroidRuntime: 	at com.mapbox.mapboxsdk.offline.OfflineRegion$2$1.run(OfflineRegion.java:305)
08-23 16:33:42.415 17806 17806 E AndroidRuntime: 	at android.os.Handler.handleCallback(Handler.java:751)
08-23 16:33:42.415 17806 17806 E AndroidRuntime: 	at android.os.Handler.dispatchMessage(Handler.java:95)
08-23 16:33:42.415 17806 17806 E AndroidRuntime: 	at android.os.Looper.loop(Looper.java:154)
08-23 16:33:42.415 17806 17806 E AndroidRuntime: 	at android.app.ActivityThread.main(ActivityThread.java:6682)
08-23 16:33:42.415 17806 17806 E AndroidRuntime: 	at java.lang.reflect.Method.invoke(Native Method)
08-23 16:33:42.415 17806 17806 E AndroidRuntime: 	at com.android.internal.os.ZygoteInit$MethodAndArgsCaller.run(ZygoteInit.java:1520)
08-23 16:33:42.415 17806 17806 E AndroidRuntime: 	at com.android.internal.os.ZygoteInit.main(ZygoteInit.java:1410)
08-23 16:33:42.417  3650  3664 D Debug   : !@DumpState : SHIP
08-23 16:33:42.417  3650  3664 D Debug   : !@DumpState : debug level:0x4f4c
08-23 16:33:42.417  3650  3664 D Debug   : !@Dumpstate : Finally, system will skip dumpstate
08-23 16:33:42.417  3650  3664 W ActivityManager:   Force finishing activity com.islamujeres/.MainActivity
08-23 16:33:42.417  3650  3664 W MultiScreenManagerService: moveTaskBackToDisplayIfNeeded(): root is not base activity
08-23 16:33:42.419  3650  3664 D ActivityManager: moveToFront() : reason=finishActivity adjustFocus setFocusedActivity isAttached=true TaskRecord{c7a70f8d0 #67 A=com.sec.android.app.launcher U=0 StackId=0 sz=1}
08-23 16:33:42.420  3650  3664 W MultiScreenManagerService: moveTaskBackToDisplayIfNeeded(): root activity or app is null
08-23 16:33:42.420  3650  3664 D ActivityManager: setFocusStackUnchecked: reason=finishActivity adjustFocus setFocusedActivity focusCandidate=ActivityStack{7bda571d0 stackId=0, 2 tasks} caller=com.android.server.am.ActivityStack.moveToFront:875 com.android.server.am.ActivityStackSupervisor.moveActivityStackToFront:2006 
08-23 16:33:42.423  3650  3664 D InputDispatcher: Focused application set to: xxxx
08-23 16:33:42.425  3650  3664 D InputDispatcher: Focus left window: 17806
08-23 16:33:42.426  3650  3664 D ActivityTrigger: ActivityTrigger activityPauseTrigger 
08-23 16:33:42.426  3650  3664 D GameManagerService: there is not sem_perfomance_mode on setting
08-23 16:33:42.431  3650  3667 D CustomFrequencyManagerService: acquireDVFSLockLocked : type : DVFS_MIN_LIMIT  frequency : 2100000  uid : 1000  pid : 3650  pkgName : AMS_APP_HOME@CPU_MIN@7
08-23 16:33:42.431  3650  3667 D ActivityManagerPerformance: AMP_acquire() HOME
08-23 16:33:42.437  3650  3667 D CompatibilityInfo: mCompatibilityFlags - 0
08-23 16:33:42.437  3650  3667 D CompatibilityInfo: applicationDensity - 640
08-23 16:33:42.437  3650  3667 D CompatibilityInfo: applicationScale - 1.0
08-23 16:33:42.445  3650  3901 D CompatibilityInfo: mCompatibilityFlags - 0
08-23 16:33:42.445  3650  3901 D CompatibilityInfo: applicationDensity - 640
08-23 16:33:42.445  3650  3901 D CompatibilityInfo: applicationScale - 1.0
08-23 16:33:42.450  3650  9027 D CompatibilityInfo: mCompatibilityFlags - 0
08-23 16:33:42.450  3650  9027 D CompatibilityInfo: applicationDensity - 640
08-23 16:33:42.450  3650  9027 D CompatibilityInfo: applicationScale - 1.0
08-23 16:33:42.456  3650  4311 D CompatibilityInfo: mCompatibilityFlags - 0
08-23 16:33:42.456  3650  4311 D CompatibilityInfo: applicationDensity - 640
08-23 16:33:42.456  3650  4311 D CompatibilityInfo: applicationScale - 1.0
08-23 16:33:42.462  3650  3668 D ViewRootImpl@f5cce72[islamujeres]: ThreadedRenderer.create() translucent=true
08-23 16:33:42.462  3650  3668 D WindowManager: addWindow: android.view.ViewRootImpl$W@f96d2c3 displayId=0
08-23 16:33:42.462 17699 17699 W ContextImpl: Calling a method in the system process without a qualified user: android.app.ContextImpl.startService:1386 android.content.ContextWrapper.startService:656 android.content.ContextWrapper.startService:656 com.samsung.android.sm.common.SmartManagerReceiver.b:363 com.samsung.android.sm.common.SmartManagerReceiver.onReceive:114 
08-23 16:33:42.463  3650  3668 D InputTransport: Input channel constructed: fd=601
08-23 16:33:42.463  3650  3668 D InputTransport: Input channel constructed: fd=602
08-23 16:33:42.463  3650  3668 D WindowManager: openInputChannel mInputChannel: d415740 Application Error: com.islamujeres (server)
08-23 16:33:42.463  3650  3668 V MARsPolicyManager: handelAlertToastWindowStarted pkgName = android
08-23 16:33:42.464  3650  3668 D InputDispatcher: Focus entered window: 3650
08-23 16:33:42.464  3650  3668 D ViewRootImpl@f5cce72[islamujeres]: setView = DecorView@8a55fbe[islamujeres] touchMode=true
08-23 16:33:42.466  3650  3982 D CompatibilityInfo: mCompatibilityFlags - 0
08-23 16:33:42.466  3650  3982 D CompatibilityInfo: applicationDensity - 640
08-23 16:33:42.466  3650  3982 D CompatibilityInfo: applicationScale - 1.0
08-23 16:33:42.467  4899 25988 D ForegroundUtils: could not check pending caller
08-23 16:33:42.469  3650  6921 D GamePkgDataHelper: getGamePkgData(). com.sec.android.app.launcher
08-23 16:33:42.469  3650  6921 D GameManagerService: identifyGamePackage. com.sec.android.app.launcher
08-23 16:33:42.470  3650  3668 D ViewRootImpl@f5cce72[islamujeres]: dispatchAttachedToWindow
08-23 16:33:42.471  3650  3668 V WindowManager: Relayout Window{d415740d0 u0 Application Error: com.islamujeres}: viewVisibility=0 req=1353x589 WM.LayoutParams{(0,0)(wrapxwrap) gr=#11 sim=#120 ty=2003 fl=#1820002 pfl=0x110 fmt=-3 wanim=0x103038b vsysui=0x2000 surfaceInsets=Rect(8, 8 - 8, 8) needsMenuKey=2 naviIconColor=0}
08-23 16:33:42.471  3650  6921 D TelephonyManager: getAllCellInfo : Caller (PID / UID / TID): 3650 / 1000 / 6921
08-23 16:33:42.472  3100  3100 I SurfaceFlinger: id=32713 createSurf (17x17),1 flag=4, jslamujeres
08-23 16:33:42.479  3650  6921 D GameManagerService: identifyGamePackage. com.sec.android.app.launcher
08-23 16:33:42.479  3650  6921 D GameManagerService: identifyGamePackage. com.sec.android.app.launcher
08-23 16:33:42.482 17699 17873 V CrashedAppLogging: isMasterSwitchOff : false
08-23 16:33:42.485  3650  3668 D ViewRootImpl@f5cce72[islamujeres]: Relayout returned: oldFrame=[0,0][0,0] newFrame=[43,1033][1396,1622] result=0x27 surface={isValid=true 516619106304} surfaceGenerationChanged=true
08-23 16:33:42.485  3650  3668 D ViewRootImpl@f5cce72[islamujeres]: mHardwareRenderer.initialize() mSurface={isValid=true 516619106304} hwInitialized=true
08-23 16:33:42.485  3650  4030 I OpenGLRenderer: Initialized EGL, version 1.4
08-23 16:33:42.485  3650  4030 D OpenGLRenderer: Swap behavior 1
08-23 16:33:42.487  3650  3668 D WindowManager: set systemUiVisibility of statusbar : vis= 0x8
08-23 16:33:42.488  3650  3668 D ViewRootImpl@f5cce72[islamujeres]: MSG_WINDOW_FOCUS_CHANGED 1
08-23 16:33:42.488  3650 27696 D WindowManager: adjustSystemUiVisibilityLw : vis= 0x8
08-23 16:33:42.488  3650  3668 D ViewRootImpl@f5cce72[islamujeres]: mHardwareRenderer.initializeIfNeeded()#2 mSurface={isValid=true 516619106304}
08-23 16:33:42.488  3650  3668 D WindowManager: set systemUiVisibility of statusbar : vis= 0x2008
08-23 16:33:42.489  3650 27692 D WindowManager: adjustSystemUiVisibilityLw : vis= 0x2008
08-23 16:33:42.490  3650  4030 D mali_winsys: EGLint new_window_surface(egl_winsys_display*, void*, EGLSurface, EGLConfig, egl_winsys_surface**, egl_color_buffer_format*, EGLBoolean) returns 0x3000,  [1369x605]-format:1
08-23 16:33:42.509  3650  3668 D WindowManager: finishDrawingWindow: Window{d415740d0 u0 Application Error: com.islamujeres} mDrawState=DRAW_PENDING
08-23 16:33:42.509  3650  3668 D ViewRootImpl@f5cce72[islamujeres]: MSG_RESIZED_REPORT: ci=Rect(0, 0 - 0, 0) vi=Rect(0, 0 - 0, 0) or=1
08-23 16:33:42.513  3650  3668 D WindowManager: finishDrawingWindow: Window{d415740d0 u0 Application Error: com.islamujeres} mDrawState=HAS_DRAWN
08-23 16:33:42.600  3650  3980 D MdnieScenarioControlService:  packageName : com.sec.android.app.launcher    className : com.sec.android.app.launcher.activities.LauncherActivity
08-23 16:33:42.928  3650  3667 W ActivityManager: Activity pause timeout for ActivityRecord{fa18dbdd0 u0 com.islamujeres/.MainActivity t947 f}
08-23 16:33:42.929  3650  3667 D ActivityManager: resumeTopActivityInnerLocked() : #0 prevTask=TaskRecord{dde48b9d0 #947 A=com.islamujeres U=0 StackId=1 sz=1} next=ActivityRecord{e11600cd0 u0 com.sec.android.app.launcher/.activities.LauncherActivity t67} mFocusedStack=ActivityStack{7bda571d0 stackId=0, 2 tasks}
08-23 16:33:42.929  3650  3667 D CustomFrequencyManagerService: acquireDVFSLockLocked : type : DVFS_MIN_LIMIT  frequency : 1300000  uid : 1000  pid : 3650  pkgName : AMS_ACT_RESUME@CPU_MIN@13
08-23 16:33:42.929  3650  3667 D ActivityManagerPerformance: AMP_acquire() ACT_RESUME
08-23 16:33:42.930  3650  3667 D ActivityManager: applyOptionsLocked(), pendingOptions : null
08-23 16:33:42.931  3650  3667 V WindowManager: rotationForOrientationLw(orient=1, last=0); user=0 USER_ROTATION_LOCKED sensorRotation=-1 mLidState=-1 mDockMode=0 mHdmiPlugged=false
08-23 16:33:42.932  3650  3650 D CustomFrequencyManagerService: releaseDVFSLockLocked : Getting Lock type frm List : DVFS_MIN_LIMIT  frequency : 2100000  uid : 1000  pid : 3650  tag : AMS_APP_HOME@CPU_MIN@7
08-23 16:33:42.938  4976  4976 D ViewRootImpl@2930ca8[LauncherActivity]: mHardwareRenderer.destroy()#1
08-23 16:33:42.961  3650 27692 V WindowManager: Relayout Window{d4bbc8ed0 u0 com.sec.android.app.launcher/com.sec.android.app.launcher.activities.LauncherActivity}: viewVisibility=4 req=1440x2560 WM.LayoutParams{(0,0)(fillxfill) sim=#30 ty=1 fl=#81910d02 pfl=0x20000 fmt=-2 wanim=0x103038a vsysui=0x600 needsMenuKey=2 dimDuration=300 naviIconColor=0 sfl=0x40}
08-23 16:33:42.962  4976  4976 D ViewRootImpl@2930ca8[LauncherActivity]: Relayout returned: oldFrame=[0,0][1440,2560] newFrame=[0,0][1440,2560] result=0x1 surface={isValid=false 0} surfaceGenerationChanged=false
08-23 16:33:42.974  4976  4976 D Launcher: onRestart, Launcher: 175582605
08-23 16:33:42.974  3650  3667 D GameManagerService: there is not sem_perfomance_mode on setting
08-23 16:33:42.974  3650  3650 D GameManagerService: NotifyRunnable. pkg: com.sec.android.app.launcher, type: 4, isMinimized: false, isTunableApp: false
08-23 16:33:42.974  3650  3650 D GameManagerService: do nothing. mKillNotiCount: 3
08-23 16:33:42.984  4976  4976 D Launcher: onStart, Launcher: 175582605
08-23 16:33:42.984  4976  4976 D Launcher.HomeView: onStart
08-23 16:33:42.984  4976  4976 D MenuAppsGridFragment: onStart:false
08-23 16:33:42.984  4976  4976 I VerificationLog: onResume
08-23 16:33:42.984  4976  4976 D Launcher: onResume, Launcher: 175582605
08-23 16:33:42.985  3650  3901 D SecContentProvider: query(), uri = 17 selection = isSettingsChangesAllowed
08-23 16:33:42.985  3650  3901 D SecContentProvider: called from com.sec.android.app.launcher
08-23 16:33:42.986  3650  9030 D SecContentProvider: query(), uri = 17 selection = isSettingsChangesAllowed
08-23 16:33:42.986  3650  9030 D SecContentProvider: called from com.sec.android.app.launcher
08-23 16:33:42.987  4976  4976 D Launcher.HomeView: onResume
08-23 16:33:42.992  4976  4976 D capture : ---------checkFileExist land
08-23 16:33:42.992  4976  4976 D capture : currentOrientation: 1 mMainHomeScreenshot: false mMainHomeScreenshotLand: true
08-23 16:33:42.994  4976  4976 D MenuAppsGridFragment: onResume:false
08-23 16:33:42.994  4976  4976 D MenuAppsGridFragment: stateObj = com.android.launcher2.MenuAppsGrid$StateNormal@8151b9a
08-23 16:33:42.995  4976  4976 D Launcher.MenuAppsGrid: BlurInfo : true , true
08-23 16:33:42.995  4976  4976 D MenuAppsGridFragment: onResume  no mPendingModelUpdate:false this:MenuAppsGridFragment{281dccb #0 id=0x1020011 APPS}
08-23 16:33:42.995  4976  4976 D Launcher.MenuAppsGrid: ChangeMobileKeyboard:false mCurrentOrientation:1 mRequestedOrientation:1 newConfig.orientation:1 isShown:true
08-23 16:33:42.995  4976  4976 D Launcher.Workspace: changeOrientationIfRequired MobileKeyboardChanged : false   DisplayHeight : 2560  Density : 4.0   newConfig.orientation : 1
08-23 16:33:42.995  4976  4976 D Launcher.Workspace: ChangeMobileKeyboard:false mCurrentOrientation:1 mRequestedOrientation:1 newConfig.orientation:1 isShown:falseQuickViewWorkspace isOpened: false
08-23 16:33:42.996  3650 29598 D ActivityManager: post active user change for 0 fullscreen true isHomeActivity() true
08-23 16:33:42.996  3650 29598 I WallpaperManagerService: switchPersonaWallpaper is called for personaId-0
08-23 16:33:42.996  3650 29598 D KnoxTimeoutHandler: post home show event for user 0
08-23 16:33:42.996  3650  3650 D WallpaperManagerService:  force update = false; persona id = 0; current user =0; current persona = 0
08-23 16:33:42.996  3650  3650 D KnoxKeyguardDelegate: clear Flag
08-23 16:33:42.996  3650 29598 D KnoxTimeoutHandler: postActiveUserChange [MsgParam] userId: 0 fullscreen is true showWhenlocked is false isMutiwindowRecord is false multiwindowstyle is 0
08-23 16:33:42.996  3650  3650 D KnoxTimeoutHandler: handleHomeShow for 0 and current 0
08-23 16:33:42.996  3650  3650 D KnoxTimeoutHandler: handleActiveUserChange [MsgParam] userId: 0 fullscreen is true showWhenlocked is false isMutiwindowRecord is false multiwindowstyle is 0
08-23 16:33:42.997  3650  3650 I KnoxTimeoutHandler: Shared devices show user statefalse
08-23 16:33:42.998  4976  4976 V LauncherAppWidgetHostView: calculateWidgetSize: (target widgetsize)  using w/h 1028 440 span 3 1 (widgetid 2) [current Gridsize : GRID_4x4]
08-23 16:33:42.998  4976  4976 D LauncherAppWidgetHostView: calculateWidgetSize() widget = Google(widget id = 2) result hostview size = 1028 x 440
08-23 16:33:42.998  4976  4976 D LauncherAppWidgetHostView: setResizeScaleResult() 1028/ 440 scaleToResize = 1.0(widget id = 2)
08-23 16:33:42.998  4976  4976 V LauncherAppWidgetHostView: calculateWidgetSize: (target widgetsize)  using w/h 340 440 span 1 1 (widgetid 10) [current Gridsize : GRID_4x4]
08-23 16:33:42.998  4976  4976 D LauncherAppWidgetHostView: calculateWidgetSize() widget = (1x1) HD Widgets(widget id = 10) result hostview size = 340 x 440
08-23 16:33:42.998  4976  4976 D LauncherAppWidgetHostView: setResizeScaleResult() 340/ 440 scaleToResize = 1.0(widget id = 10)
08-23 16:33:42.998  3650  4867 V WindowManager: Relayout Window{d4bbc8ed0 u0 com.sec.android.app.launcher/com.sec.android.app.launcher.activities.LauncherActivity}: viewVisibility=0 req=1440x2560 WM.LayoutParams{(0,0)(fillxfill) sim=#30 ty=1 fl=#81910d02 pfl=0x20000 fmt=-2 wanim=0x103038a vsysui=0x600 needsMenuKey=2 dimDuration=0 naviIconColor=0 sfl=0x40}
08-23 16:33:42.999  3100  3100 I SurfaceFlinger: id=32714 createSurf (1440x2560),1 flag=4, MauncherAct
08-23 16:33:43.005  3100  3100 D Layer   : applyEffect ## com.sec.android.app.launcher/com.sec.android.app.launcher.activities.LauncherActivity
08-23 16:33:43.005  3100  3100 D Layer   : applyEffect ## animMode=3, target=2, pixType=1
08-23 16:33:43.005  3100  3100 D Layer   : applyEffect ## pixAnim anim=13, timeMs=0, value=0.00, interp=0
08-23 16:33:43.005  3100  3100 D Layer   : applyEffect ## pixAnim anim=13, timeMs=0, value=176.00, interp=3
08-23 16:33:43.005  3100  3100 D Layer   : applyEffect ## pixAnim anim=14, timeMs=0, value=0.00, interp=0
08-23 16:33:43.005  3100  3100 D Layer   : applyEffect ## pixAnim anim=14, timeMs=0, value=-10.00, interp=3
08-23 16:33:43.007  4976  4976 D ViewRootImpl@2930ca8[LauncherActivity]: Relayout returned: oldFrame=[0,0][1440,2560] newFrame=[0,0][1440,2560] result=0x7 surface={isValid=true 547414711296} surfaceGenerationChanged=true
08-23 16:33:43.007  4976  4976 D ViewRootImpl@2930ca8[LauncherActivity]: mHardwareRenderer.initialize() mSurface={isValid=true 547414711296} hwInitialized=true
08-23 16:33:43.035  4976  5146 D mali_winsys: EGLint new_window_surface(egl_winsys_display*, void*, EGLSurface, EGLConfig, egl_winsys_surface**, egl_color_buffer_format*, EGLBoolean) returns 0x3000,  [1440x2560]-format:1
08-23 16:33:43.070  3650  4955 D WindowManager: finishDrawingWindow: Window{d4bbc8ed0 u0 com.sec.android.app.launcher/com.sec.android.app.launcher.activities.LauncherActivity} mDrawState=DRAW_PENDING
08-23 16:33:43.071  4097  4097 D ImageWallpaper: onOffsetsChanged: xOffset=0.0, yOffset=0.0, xOffsetStep=0.0, yOffsetStep=0.0, xPixels=0, yPixels=0
08-23 16:33:43.072  4097  4097 D ImageWallpaper: drawFrame=false rotation=0 mLastRotation=0
08-23 16:33:43.072  4097  4097 D ImageWallpaper: drawFrame:[frame.width()]1646[frame.height()]2560
08-23 16:33:43.072  4097  4097 D ImageWallpaper: surfaceDimensionsChanged=false mLastSurfaceRotation=0 mDisplayWidth=1440 mDisplayHeight=2560
08-23 16:33:43.072  4097  4097 D ImageWallpaper: mNewKeyboard : 0 mLastKeyboard : 0 mForceDraw = false
08-23 16:33:43.072  4097  4097 D ImageWallpaper: redrawNeeded = false, mOffsetsChanged = false
08-23 16:33:43.072  4097  4097 D ImageWallpaper: Suppressed drawFrame since redraw is not needed and offsets have not changed.
08-23 16:33:43.072  4097  4097 D WallpaperService: updateSurface forceRelayout=false redrawNeeded=false myWidth=1646 myHeight=2560 fixedSize=true mWidth=1646 mHeight=2560
08-23 16:33:43.073  4097  4097 D ImageWallpaper: onVisibilityChanged: mVisible, visible=false, true
08-23 16:33:43.073  4097  4097 D ImageWallpaper: Visibility changed to visible=true
08-23 16:33:43.073  4097  4097 D ImageWallpaper: drawFrame=false rotation=0 mLastRotation=0
08-23 16:33:43.073  4097  4097 D ImageWallpaper: drawFrame:[frame.width()]1646[frame.height()]2560
08-23 16:33:43.073  4097  4097 D ImageWallpaper: surfaceDimensionsChanged=false mLastSurfaceRotation=0 mDisplayWidth=1440 mDisplayHeight=2560
08-23 16:33:43.073  4097  4097 D ImageWallpaper: mNewKeyboard : 0 mLastKeyboard : 0 mForceDraw = false
08-23 16:33:43.073  4097  4097 D ImageWallpaper: redrawNeeded = false, mOffsetsChanged = false
08-23 16:33:43.073  4097  4097 D ImageWallpaper: Suppressed drawFrame since redraw is not needed and offsets have not changed.
08-23 16:33:43.092  3650  3677 D KnoxTimeoutHandler: notifyActivityDrawn [MsgParam] userId: 0 fullscreen is true showWhenlocked is false isMutiwindowRecord is false multiwindowstyle is 0
08-23 16:33:43.092  3650  3650 D KnoxTimeoutHandler: activityDrawn [MsgParam] userId: 0 fullscreen is true showWhenlocked is false isMutiwindowRecord is false multiwindowstyle is 0
08-23 16:33:43.093  3650  3650 I KnoxTimeoutHandler: SD activityfalse
08-23 16:33:43.093  3650  3650 I KnoxTimeoutHandler: Fullscreen and mCurrent is not KNOX user. Hence hide keyguard
08-23 16:33:43.111  4097  4097 I ApplicationPackageManager: load=com.islamujeres, bg=192-192, dr=192-192, forDefault=false
08-23 16:33:43.111  4097  4097 I ApplicationPackageManager: reset dr=192,192, bg=192,192
08-23 16:33:43.112  4097  4097 I ApplicationPackageManager: scaled rate=1.1004878, size=192, alpha=14, hold=26, target=192
08-23 16:33:43.269  4097  4114 I art     : Background partial concurrent mark sweep GC freed 49576(2MB) AllocSpace objects, 89(21MB) LOS objects, 19% free, 65MB/81MB, paused 632us total 145.912ms
08-23 16:33:43.279  3650  3659 I art     : Background partial concurrent mark sweep GC freed 176704(11MB) AllocSpace objects, 39(804KB) LOS objects, 15% free, 90MB/106MB, paused 3.344ms total 328.001ms
08-23 16:33:43.433  3650  4766 D CustomFrequencyManagerService: releaseDVFSLockLocked : Getting Lock type frm List : DVFS_MIN_LIMIT  frequency : 1300000  uid : 1000  pid : 3650  tag : AMS_ACT_RESUME@CPU_MIN@13
08-23 16:33:43.433  3650  4766 D ActivityManagerPerformance: AMP_release() ACT_RESUME
08-23 16:33:43.490  3650  3677 D KnoxTimeoutHandler: notifyActivityDrawn [MsgParam] userId: 0 fullscreen is true showWhenlocked is false isMutiwindowRecord is false multiwindowstyle is 0
08-23 16:33:43.491  3650  3650 D KnoxTimeoutHandler: activityDrawn [MsgParam] userId: 0 fullscreen is true showWhenlocked is false isMutiwindowRecord is false multiwindowstyle is 0
08-23 16:33:43.491  4899  4915 D ForegroundUtils: could not check pending caller
08-23 16:33:43.493  3650  3650 I KnoxTimeoutHandler: SD activityfalse
08-23 16:33:43.493  3650  3650 I KnoxTimeoutHandler: Fullscreen and mCurrent is not KNOX user. Hence hide keyguard
08-23 16:33:43.565  4976  5146 W OpenGLRenderer: Incorrectly called buildLayer on View: CellLayoutChildren, destroying layer...
08-23 16:33:43.565  4976  5146 W OpenGLRenderer: Incorrectly called buildLayer on View: CellLayoutChildren, destroying layer...
08-23 16:33:43.565  4976  5146 W OpenGLRenderer: Incorrectly called buildLayer on View: CellLayoutChildren, destroying layer...
08-23 16:33:43.565  4976  5146 W OpenGLRenderer: Incorrectly called buildLayer on View: CellLayoutChildren, destroying layer...
08-23 16:33:43.565  4976  5146 W OpenGLRenderer: Incorrectly called buildLayer on View: CellLayoutChildren, destroying layer...
08-23 16:33:43.624  3650  3980 D MdnieScenarioControlService:  packageName : com.sec.android.app.launcher    className : com.sec.android.app.launcher.activities.LauncherActivity
08-23 16:33:43.700  3650  3921 D WifiStateMachine: Current network is: "Motul" , ID is: 39
08-23 16:33:43.700  3650  3921 D WifiStateMachine: 24GHz mQnsLowerRssiThreshold is recovered, currentRssi = -58
08-23 16:33:43.800  3650  3867 D InputReader: Input event(4): value=1 when=899539368551000
08-23 16:33:43.800  3650  3867 D InputReader: Input event(4): value=1 when=899539368551000
08-23 16:33:43.800  3650  3867 I InputReader: Touch event's action is 0x0 (deviceType=0) [pCnt=1, s=0.55500 ] when=899539368551000
08-23 16:33:43.800  3650  3866 I InputDispatcher: Delivering touch to (4097): action: 0x4, toolType: 1
08-23 16:33:43.800  3650  3866 I InputDispatcher: Delivering touch to (3650): action: 0x0, toolType: 1
08-23 16:33:43.800  3650  3668 D ViewRootImpl@f5cce72[islamujeres]: ViewPostImeInputStage processPointer 0
08-23 16:33:43.859  3650  3867 D InputReader: Input event(4): value=0 when=899539428197000
08-23 16:33:43.859  3650  3867 D InputReader: Input event(4): value=0 when=899539428197000
08-23 16:33:43.859  3650  3867 I InputReader: Touch event's action is 0x1 (deviceType=0) [pCnt=1, s=] when=899539428197000
08-23 16:33:43.859  3650  3866 I InputDispatcher: Delivering touch to (3650): action: 0x1, toolType: 1
08-23 16:33:43.860  3650  3668 D ViewRootImpl@f5cce72[islamujeres]: ViewPostImeInputStage processPointer 1
08-23 16:33:43.861  3650  3664 W ActivityManager:   Force finishing activity com.islamujeres/.MainActivity
08-23 16:33:43.861  3650  3664 D WindowManager: disposeInputChannel mInputChannel: abcdadc com.islamujeres/com.islamujeres.MainActivity (server)
08-23 16:33:43.863  3650  3664 I WindowManager_SurfaceController: Destroying surface Surface(name=com.islamujeres/com.islamujeres.MainActivity) called by com.android.server.wm.WindowStateAnimator.destroySurface:2905 com.android.server.wm.WindowStateAnimator.destroySurfaceLocked:1119 com.android.server.wm.WindowState.removeLocked:1849 com.android.server.wm.WindowManagerService.removeWindowInnerLocked:2928 com.android.server.wm.WindowManagerService.removeWindowLocked:2873 com.android.server.wm.WindowManagerService.removeWindowLocked:2683 com.android.server.wm.AppWindowToken.removeAllWindows:608 com.android.server.wm.AppWindowToken.removeAppFromTaskLocked:370 
08-23 16:33:43.864  3100  3165 I SurfaceFlinger: id=32712 Removed NainActivit (4/7)
08-23 16:33:43.864  3100  3165 I SurfaceFlinger: id=32712 Removed NainActivit (-2/7)
08-23 16:33:43.868  3650  3668 D ViewRootImpl@f5cce72[islamujeres]: mHardwareRenderer.destroy()#4
08-23 16:33:43.868  3650  3668 D ViewRootImpl@f5cce72[islamujeres]: dispatchDetachedFromWindow
08-23 16:33:43.883  3650  3664 D InputTransport: Input channel destroyed: fd=604
08-23 16:33:43.885  3650  3668 D WindowManager: disposeInputChannel mInputChannel: d415740 Application Error: com.islamujeres (server)
08-23 16:33:43.899  3650  3668 D InputDispatcher: Focus left window: 3650
08-23 16:33:43.899  3650  3668 D InputDispatcher: Focus entered window: 4976
08-23 16:33:43.899  3650  3668 D InputTransport: Input channel destroyed: fd=601
08-23 16:33:43.900  3650  3668 D InputTransport: Input channel destroyed: fd=602
08-23 16:33:43.900  3650  3664 I ActivityManager: Killing 17806:com.islamujeres/u0a375 (adj 900): crash
08-23 16:33:43.900  3650  3668 D ViewRootImpl@3672112[ContainerKeyguardScrim]: mHardwareRenderer.destroy()#1
08-23 16:33:43.901  3650  3664 D ActivityManager: cleanUpApplicationRecord -- 17806
08-23 16:33:43.902  3650  3668 D WindowManager: set systemUiVisibility of statusbar : vis= 0x608
08-23 16:33:43.902  4976  4976 D ViewRootImpl@2930ca8[LauncherActivity]: MSG_WINDOW_FOCUS_CHANGED 1
08-23 16:33:43.903  4976  4976 D ViewRootImpl@2930ca8[LauncherActivity]: mHardwareRenderer.initializeIfNeeded()#2 mSurface={isValid=true 547414711296}
08-23 16:33:43.904  3650  3668 E ViewRootImpl: sendUserActionEvent() mView == null
08-23 16:33:43.904  4899  7291 D ForegroundUtils: could not check pending caller
08-23 16:33:43.904  3650 29598 D WindowManager: adjustSystemUiVisibilityLw : vis= 0x608
08-23 16:33:43.904  4976  4976 D SEM_CLIP_SemClipboardManager: isCocktailBarDisplayed : false
08-23 16:33:43.905  4976  4976 V InputMethodManager: Starting input: tba=android.view.inputmethod.EditorInfo@4d5d0 nm : com.sec.android.app.launcher ic=null
08-23 16:33:43.905  4976  4976 I InputMethodManager: [IMM] startInputInner - mService.startInputOrWindowGainedFocus
08-23 16:33:43.906  3650 27696 D InputMethodManagerService: windowGainedFocus mCurrentFocusedUserId - 0 and mSecureKeypadEnabled-false
08-23 16:33:43.906  3650 27696 V InputMethodManagerService: windowGainedFocus: reason=WINDOW_FOCUS_GAIN client=android.os.BinderProxy@101cdb7 inputContext=null missingMethods= attribute=android.view.inputmethod.EditorInfo@85e81ed nm = com.sec.android.app.launcher controlFlags=#105 softInputMode=#30 windowFlags=#81910d02
08-23 16:33:43.906  3650 27696 V InputMethodManagerService: Unspecified window will hide input
08-23 16:33:43.906  3650 27696 D InputMethodManagerService: mDesktopModeManager null!
08-23 16:33:43.906  3650 27696 V InputMethodManagerService: hideCurrentInputLocked - !shouldHideSoftInput
08-23 16:33:43.907  3650 27696 D InputTransport: Input channel constructed: fd=399
08-23 16:33:43.907  3650 27696 D InputTransport: Input channel destroyed: fd=399
08-23 16:33:43.907  4976  4976 D InputTransport: Input channel constructed: fd=76
08-23 16:33:43.974  3650  4687 D GraphicsStats: Buffer count: 11
08-23 16:33:43.974  3650 15025 D InputTransport: Input channel destroyed: fd=607
08-23 16:33:43.975  3650  3901 I Sensors : Acc old sensor_state 16385, new sensor_state : 16384 en : 0
08-23 16:33:43.976  1825  1825 D InputTransport: Input channel destroyed: fd=70
08-23 16:33:44.188  3650  3677 I WindowManager_SurfaceController: Destroying surface Surface(name=Application Error: com.islamujeres) called by com.android.server.wm.WindowStateAnimator.destroySurface:2905 com.android.server.wm.WindowStateAnimator.destroySurfaceLocked:1119 com.android.server.wm.WindowState.destroyOrSaveSurface:2627 com.android.server.wm.WindowSurfacePlacer.performSurfacePlacementInner:503 com.android.server.wm.WindowSurfacePlacer.performSurfacePlacementLoop:278 com.android.server.wm.WindowSurfacePlacer.performSurfacePlacement:226 com.android.server.wm.WindowManagerService$H.handleMessage:9317 android.os.Handler.dispatchMessage:102 
08-23 16:33:44.188  3100  5834 I SurfaceFlinger: id=32713 Removed jslamujeres (5/6)
08-23 16:33:44.189  3100  4479 I SurfaceFlinger: id=32713 Removed jslamujeres (-2/6)
08-23 16:33:44.507  3650  6921 D TelephonyManager: getAllCellInfo : Caller (PID / UID / TID): 3650 / 1000 / 6921
08-23 16:33:44.851 17567 17609 I System.out: (HTTPLog)-Static: isSBSettingEnabled false
08-23 16:33:44.852 17567 17609 I System.out: (HTTPLog)-Static: isSBSettingEnabled false
08-23 16:33:45.848  4668  4668 D io_stats: !@   8,0 r 71579028 2179735356 w 8060281 161225924 d 1074292 145531192 f 2409009 2408804 iot 23635700 16780356 th 61440 61440 61484 pt 400 inp 0 0 899541.415
08-23 16:33:46.576  3650  3992 D WifiWatchdogStateMachine.SingDnsChecker: GW is reachable. - 316 msec.
08-23 16:33:46.720  3650  3921 D WifiStateMachine: Current network is: "Motul" , ID is: 39
08-23 16:33:46.721  3650  3921 D WifiStateMachine: 24GHz mQnsLowerRssiThreshold is recovered, currentRssi = -59
08-23 16:33:46.808  3650  3992 D WifiWatchdogStateMachine:  [|221] []
08-23 16:33:48.702  4097  4390 D NetworkController.MobileSignalController(0/2): onSignalStrengthsChanged signalStrength=SignalStrength: 7 99 -4 -200 -4 -200 -1 99 -102 -7 100 2 2147483647 0x2000 gsm|lte level=2
08-23 16:33:48.704  4097  4390 D NetworkController.MobileSignalController(0/2): getMobileIconGroup(): 13
08-23 16:33:48.706  4035  4035 D HeadsetPhoneState: Signal level : previous=3 curr=2
08-23 16:33:48.707  4035  4035 D HeadsetPhoneState: sendDeviceStateChanged. mService=1 mSignal=2 mRoam=0 mBatteryCharge=2
08-23 16:33:48.708  4035  4494 D HeadsetStateMachine: Disconnected process message: 11, size: 0
08-23 16:33:48.709  4035  4494 E HeadsetStateMachine: Unknown message: 11
08-23 16:33:48.719  4035  4035 D HeadsetPhoneState: Signal level : previous=2 curr=2
08-23 16:33:48.726  4097  4390 D NetworkController.MobileSignalController(0/2): onSignalStrengthsChanged signalStrength=SignalStrength: 5 99 -5 -200 -5 -200 -1 9 -102 -7 100 2 2147483647 0x2000 gsm|lte level=2
08-23 16:33:48.726  4097  4390 D NetworkController.MobileSignalController(0/2): getMobileIconGroup(): 13
08-23 16:33:49.468  3650  3825 D SamsungAlarmManager: Expired : 8
08-23 16:33:49.472  3650  3825 I SamsungAlarmManager: setLocked to kernel - T:3 / 20170823T163359, SetElapsed=2680758716, nowELAPSED=2680748187
08-23 16:33:49.473  3650  3825 V SamsungAlarmManager: Sending to uid : 10063 action=send_events alarm=Alarm{621b822 type 3 when 2680748183 com.google.android.googlequicksearchbox}
08-23 16:33:49.490  3650  3825 D CompatibilityInfo: mCompatibilityFlags - 0
08-23 16:33:49.491  3650  3825 D CompatibilityInfo: applicationDensity - 640
08-23 16:33:49.491  3650  3825 D CompatibilityInfo: applicationScale - 1.0
08-23 16:33:49.521 31835 17877 I EventLogSendingHelper: Sending log events.
08-23 16:33:49.746  3650  3921 D WifiStateMachine: Current network is: "Motul" , ID is: 39
08-23 16:33:49.746  3650  3921 D WifiStateMachine: 24GHz mQnsLowerRssiThreshold is recovered, currentRssi = -59
08-23 16:33:50.854  4668  4668 D io_stats: !@   8,0 r 71579273 2179740544 w 8060304 161226040 d 1074292 145531192 f 2409009 2408804 iot 23635730 16780398 th 61440 61440 61484 pt 400 inp 0 0 899546.421
08-23 16:33:50.913  3650  4865 D BatteryService: !@BatteryListener : batteryPropertiesChanged!
08-23 16:33:50.915  3650  4865 D BatteryService: level:48, scale:100, status:2, health:2, present:true, voltage: 3929, temperature: 350, technology: Li-ion, AC powered:false, USB powered:true, POGO powered:false, Wireless powered:false, icon:17303690, invalid charger:0, maxChargingCurrent:0, maxChargingVoltage:0, chargeCounter:0
08-23 16:33:50.915  3650  4865 D BatteryService: online:6, current avg:382, charge type:1, power sharing:false, high voltage charger:false, capacity:280000, batterySWSelfDischarging:false, misc_event:0, current_now:578
08-23 16:33:50.915  3650  3650 D BatteryService: Sending ACTION_BATTERY_CHANGED.
08-23 16:33:50.933  3650  3650 V UiModeManager: updateLocked: null action, mDockState=0, category=null
08-23 16:33:50.934  3650  3650 D UiModeManager: updateConfigurationLocked: mDockState=0; mCarMode=false; mNightMode=1; uiMode=17
08-23 16:33:50.940  3650  3650 D GameManagerService: new battery level: 48
08-23 16:33:50.948  4097  4097 D KeyguardUpdateMonitor: received broadcast android.intent.action.BATTERY_CHANGED
08-23 16:33:50.949  4097  4097 D KeyguardUpdateMonitor: handleBatteryUpdate
08-23 16:33:50.956  4097  4097 D PowerUI : priorPlugType = 2 mPlugType =  2
08-23 16:33:50.959  4097  4097 D PowerUI.Notification: showChargingNotice oldChargingType : 1 currentChargingType : 1 oldChargingTime : 5946000 mChargingTime : 5935000
08-23 16:33:50.960  4097  4097 D PowerUI.Notification: showChargingNotification()
08-23 16:33:50.965  4035  4035 V HeadsetService: HeadsetService - Received Intent.ACTION_BATTERY_CHANGED
08-23 16:33:50.966  4035  4494 D HeadsetStateMachine: Disconnected process message: 10, size: 0
08-23 16:33:50.980  3650  6038 D ApplicationPolicy: isStatusBarNotificationAllowedAsUser: packageName = com.android.systemui,userId = -1
08-23 16:33:50.984  4097  4097 D BatteryMeterDrawable: isSomethingChanged - false
08-23 16:33:50.985  4097  4097 D BatteryMeterDrawable: isSomethingChanged - false
08-23 16:33:50.987  4097  4097 D Tile.FlashlightTile: ACTION_BATTERY_CHANGED - Level :: 48, emEnabled :: false
08-23 16:33:51.594  3650  6921 D SSRM:t  : SIOP:: AP = 410, PST = 446 (W:10), CP = 328, CUR = 391, LCD = 82
08-23 16:33:52.772  3650  3921 D WifiStateMachine: Current network is: "Motul" , ID is: 39
08-23 16:33:52.773  3650  3921 D WifiStateMachine: 24GHz mQnsLowerRssiThreshold is recovered, currentRssi = -59
08-23 16:33:54.910 17567 17609 I System.out: (HTTPLog)-Static: isSBSettingEnabled false
08-23 16:33:54.912 17567 17609 I System.out: (HTTPLog)-Static: isSBSettingEnabled false
08-23 16:33:55.787  3650  3921 D WifiStateMachine: Current network is: "Motul" , ID is: 39
08-23 16:33:55.787  3650  3921 D WifiStateMachine: 24GHz mQnsLowerRssiThreshold is recovered, currentRssi = -58
08-23 16:33:55.812  3021  3021 E audit   : type=1400 audit(1503524035.801:57699): avc:  denied  { read } for  pid=28476 comm="BgHandler" name="28427-0" dev="debugfs" ino=16627764 scontext=u:r:untrusted_app:s0:c512,c768 tcontext=u:object_r:sec_debugfs:s0 tclass=file permissive=0 SEPF_SECMOBILE_7.0_0005
08-23 16:33:55.859  4668  4668 D io_stats: !@   8,0 r 71579282 2179741168 w 8060325 161226288 d 1074297 145531216 f 2409022 2408817 iot 23635760 16780414 th 61440 61440 61484 pt 400 inp 0 0 899551.426
08-23 16:33:56.380  4097  4390 D NetworkController.MobileSignalController(0/2): onSignalStrengthsChanged signalStrength=SignalStrength: 5 99 -8 -200 -8 -200 -1 99 -101 -6 160 2 2147483647 0x3000 gsm|lte level=3
08-23 16:33:56.380  4097  4390 D NetworkController.MobileSignalController(0/2): getMobileIconGroup(): 13
08-23 16:33:56.383  4035  4035 D HeadsetPhoneState: Signal level : previous=2 curr=3
08-23 16:33:56.384  4035  4035 D HeadsetPhoneState: sendDeviceStateChanged. mService=1 mSignal=3 mRoam=0 mBatteryCharge=2
08-23 16:33:56.385  4035  4494 D HeadsetStateMachine: Disconnected process message: 11, size: 0
08-23 16:33:56.385  4035  4494 E HeadsetStateMachine: Unknown message: 11
08-23 16:33:56.395  4035  4035 D HeadsetPhoneState: Signal level : previous=3 curr=3
08-23 16:33:56.400  4097  4390 D NetworkController.MobileSignalController(0/2): onSignalStrengthsChanged signalStrength=SignalStrength: 6 99 -6 -200 -6 -200 -1 10 -101 -6 160 2 2147483647 0x3000 gsm|lte level=3
08-23 16:33:56.400  4097  4390 D NetworkController.MobileSignalController(0/2): getMobileIconGroup(): 13
08-23 16:33:58.812  3650  3921 D WifiStateMachine: Current network is: "Motul" , ID is: 39
08-23 16:33:58.812  3650  3921 D WifiStateMachine: 24GHz mQnsLowerRssiThreshold is recovered, currentRssi = -59
08-23 16:34:00.000  3650  3825 D SamsungAlarmManager: Expired : 8
08-23 16:34:00.004  3650  3825 V SamsungAlarmManager: Sending to uid : 1000 action=android.intent.action.TIME_TICK alarm=Alarm{9f91070 type 3 when 2680758716 android}
08-23 16:34:00.036  3650  3650 D SamsungAlarmManager: setExact Intent (T:3/F:1/AC:false) 20170823T163500 - CU:1000/CP:3650
08-23 16:34:00.039  4097  4097 D KeyguardUpdateMonitor: received broadcast android.intent.action.TIME_TICK
08-23 16:34:00.039  4097  4097 D KeyguardUpdateMonitor: handleTimeUpdate#start
08-23 16:34:00.040  4097  4097 I KeyguardClockPage: refreshTime(): ImageSingle2016 hometime:Pacific/Auckland locale:en_GB hasBG?false, Roaming:false
08-23 16:34:00.053  4097  4097 D KeyguardSingleImageClockView: refreshTime() min:34, hour:4, hour_day:16
08-23 16:34:00.074  4097  4097 D KeyguardUpdateMonitor: handleTimeUpdate#end
08-23 16:34:00.074  4097  4097 D SystemUI_Clock: Clock received ACTION_TIME_TICK : start
08-23 16:34:00.079  4097  4097 D SystemUI_Clock: Clock received ACTION_TIME_TICK : end
08-23 16:34:00.089  4097  4097 D TextClock: TextClock received ACTION_TIME_TICK : start
08-23 16:34:00.091  4097  4097 D TextClock: TextClock received ACTION_TIME_TICK : end
08-23 16:34:00.094  4097  4097 D TextClock: TextClock received ACTION_TIME_TICK : start
08-23 16:34:00.096  4097  4097 D TextClock: TextClock received ACTION_TIME_TICK : end
08-23 16:34:00.104  4097  4097 D TextClock: TextClock received ACTION_TIME_TICK : start
08-23 16:34:00.106  4097  4097 D TextClock: TextClock received ACTION_TIME_TICK : end
08-23 16:34:00.108  4097  4097 V hong    : mid yDiff = 584
08-23 16:34:00.109  4097  4097 V hong    : mid yDiff = 584
08-23 16:34:00.110  4097  4097 D SystemUI_DateView: DateView received ACTION_TIME_TICK : start
08-23 16:34:00.116  4097  4097 D SystemUI_DateView: DateView received ACTION_TIME_TICK : end
08-23 16:34:00.118  4097  4097 D TextClock: TextClock received ACTION_TIME_TICK : start
08-23 16:34:00.119  4097  4097 D TextClock: TextClock received ACTION_TIME_TICK : end
08-23 16:34:00.124  4097  4097 D DateTimeView: DateTimeView received ACTION_TIME_TICK : start
08-23 16:34:00.129  4097  4097 D DateTimeView: DateTimeView received ACTION_TIME_TICK : end
08-23 16:34:00.140  3650  3667 D CompatibilityInfo: mCompatibilityFlags - 0
08-23 16:34:00.140  3650  3667 D CompatibilityInfo: applicationDensity - 640
08-23 16:34:00.140  3650  3667 D CompatibilityInfo: applicationScale - 1.0
08-23 16:34:00.186  3650 15024 D CompatibilityInfo: mCompatibilityFlags - 0
08-23 16:34:00.186  3650 15024 D CompatibilityInfo: applicationDensity - 640
08-23 16:34:00.186  3650 15024 D CompatibilityInfo: applicationScale - 1.0
08-23 16:34:00.226  3650  9027 D CompatibilityInfo: mCompatibilityFlags - 0
08-23 16:34:00.226  3650  9027 D CompatibilityInfo: applicationDensity - 640
08-23 16:34:00.226  3650  9027 D CompatibilityInfo: applicationScale - 1.0
08-23 16:34:00.238  3650  3925 D CompatibilityInfo: mCompatibilityFlags - 0
08-23 16:34:00.238  3650  3925 D CompatibilityInfo: applicationDensity - 640
08-23 16:34:00.238  3650  3925 D CompatibilityInfo: applicationScale - 1.0
08-23 16:34:00.239  4976  4976 V LauncherAppWidgetHostView: calculateWidgetSize: (target widgetsize)  using w/h 1028 440 span 3 1 (widgetid 2) [current Gridsize : GRID_4x4]
08-23 16:34:00.239  4976  4976 D LauncherAppWidgetHostView: calculateWidgetSize() widget = Google(widget id = 2) result hostview size = 1028 x 440
08-23 16:34:00.239  4976  4976 D LauncherAppWidgetHostView: setResizeScaleResult() 1028/ 440 scaleToResize = 1.0(widget id = 2)
08-23 16:34:00.239  4976  4976 V LauncherAppWidgetHostView: calculateWidgetSize: (target widgetsize)  using w/h 340 440 span 1 1 (widgetid 10) [current Gridsize : GRID_4x4]
08-23 16:34:00.239  4976  4976 D LauncherAppWidgetHostView: calculateWidgetSize() widget = (1x1) HD Widgets(widget id = 10) result hostview size = 340 x 440
08-23 16:34:00.239  4976  4976 D LauncherAppWidgetHostView: setResizeScaleResult() 340/ 440 scaleToResize = 1.0(widget id = 10)
08-23 16:34:00.250  3650  3664 D CompatibilityInfo: mCompatibilityFlags - 0
08-23 16:34:00.250  3650  3664 D CompatibilityInfo: applicationDensity - 640
08-23 16:34:00.250  3650  3664 D CompatibilityInfo: applicationScale - 1.0
08-23 16:34:00.263  3650  6201 D CompatibilityInfo: mCompatibilityFlags - 0
08-23 16:34:00.263  3650  6201 D CompatibilityInfo: applicationDensity - 640
08-23 16:34:00.263  3650  6201 D CompatibilityInfo: applicationScale - 1.0
08-23 16:34:00.277  3650 27696 D CompatibilityInfo: mCompatibilityFlags - 0
08-23 16:34:00.277  3650 27696 D CompatibilityInfo: applicationDensity - 640
08-23 16:34:00.277  3650 27696 D CompatibilityInfo: applicationScale - 1.0
08-23 16:34:00.287  3650 15025 D CompatibilityInfo: mCompatibilityFlags - 0
08-23 16:34:00.287  3650 15025 D CompatibilityInfo: applicationDensity - 640
08-23 16:34:00.287  3650 15025 D CompatibilityInfo: applicationScale - 1.0
08-23 16:34:00.297  3650  6039 D CompatibilityInfo: mCompatibilityFlags - 0
08-23 16:34:00.297  3650  6039 D CompatibilityInfo: applicationDensity - 640
08-23 16:34:00.297  3650  6039 D CompatibilityInfo: applicationScale - 1.0
08-23 16:34:00.309  3650  4687 D CompatibilityInfo: mCompatibilityFlags - 0
08-23 16:34:00.309  3650  4687 D CompatibilityInfo: applicationDensity - 640
08-23 16:34:00.309  3650  4687 D CompatibilityInfo: applicationScale - 1.0
08-23 16:34:00.865  4668  4668 D io_stats: !@   8,0 r 71579381 2179745500 w 8060346 161226400 d 1074297 145531216 f 2409023 2408818 iot 23635830 16780444 th 61440 61440 61484 pt 400 inp 0 0 899556.432
08-23 16:34:00.960  3650 27700 D BatteryService: !@BatteryListener : batteryPropertiesChanged!
08-23 16:34:00.962  3650 27700 D BatteryService: level:48, scale:100, status:2, health:2, present:true, voltage: 3935, temperature: 349, technology: Li-ion, AC powered:false, USB powered:true, POGO powered:false, Wireless powered:false, icon:17303690, invalid charger:0, maxChargingCurrent:0, maxChargingVoltage:0, chargeCounter:0
08-23 16:34:00.963  3650 27700 D BatteryService: online:6, current avg:487, charge type:1, power sharing:false, high voltage charger:false, capacity:280000, batterySWSelfDischarging:false, misc_event:0, current_now:589
08-23 16:34:00.963  3650  3650 D BatteryService: Sending ACTION_BATTERY_CHANGED.
08-23 16:34:00.978  3650  3650 V UiModeManager: updateLocked: null action, mDockState=0, category=null
08-23 16:34:00.978  3650  3650 D UiModeManager: updateConfigurationLocked: mDockState=0; mCarMode=false; mNightMode=1; uiMode=17
08-23 16:34:00.980  3650  3650 D GameManagerService: new battery level: 48
08-23 16:34:00.985  4097  4097 D KeyguardUpdateMonitor: received broadcast android.intent.action.BATTERY_CHANGED
08-23 16:34:00.985  4097  4097 D KeyguardUpdateMonitor: handleBatteryUpdate
08-23 16:34:00.989  4097  4097 D PowerUI : priorPlugType = 2 mPlugType =  2
08-23 16:34:00.991  4097  4097 D PowerUI.Notification: showChargingNotice oldChargingType : 1 currentChargingType : 1 oldChargingTime : 5935000 mChargingTime : 5924000
08-23 16:34:00.991  4097  4097 D PowerUI.Notification: showChargingNotification()
08-23 16:34:00.998  4035  4035 V HeadsetService: HeadsetService - Received Intent.ACTION_BATTERY_CHANGED
08-23 16:34:00.998  4035  4494 D HeadsetStateMachine: Disconnected process message: 10, size: 0
08-23 16:34:01.012  3650 27694 D ApplicationPolicy: isStatusBarNotificationAllowedAsUser: packageName = com.android.systemui,userId = -1
08-23 16:34:01.016  4097  4097 D BatteryMeterDrawable: isSomethingChanged - false
08-23 16:34:01.017  4097  4097 D BatteryMeterDrawable: isSomethingChanged - false
08-23 16:34:01.019  4097  4097 D Tile.FlashlightTile: ACTION_BATTERY_CHANGED - Level :: 48, emEnabled :: false
08-23 16:34:01.637  3650  6921 D SSRM:t  : SIOP:: AP = 390, PST = 438 (W:10), CP = 326, CUR = 490, LCD = 82
08-23 16:34:01.837  3650  3921 D WifiStateMachine: Current network is: "Motul" , ID is: 39
08-23 16:34:01.837  3650  3921 D WifiStateMachine: 24GHz mQnsLowerRssiThreshold is recovered, currentRssi = -58
08-23 16:34:03.121  3145  3642 D EnterpriseController: netId is 0
08-23 16:34:03.121  3145  3642 D Netd    : getNetworkForDns: using netid 792 for uid 10109
08-23 16:34:03.121  3145  3642 D DnsProxyListener: DNSDBG::dns addrinfo af 2
08-23 16:34:04.860  3650  3921 D WifiStateMachine: Current network is: "Motul" , ID is: 39
08-23 16:34:04.861  3650  3921 D WifiStateMachine: 24GHz mQnsLowerRssiThreshold is recovered, currentRssi = -59
08-23 16:34:04.976 17567 17609 I System.out: (HTTPLog)-Static: isSBSettingEnabled false
08-23 16:34:04.978 17567 17609 I System.out: (HTTPLog)-Static: isSBSettingEnabled false
08-23 16:34:05.871  4668  4668 D io_stats: !@   8,0 r 71579388 2179745964 w 8060354 161226444 d 1074297 145531216 f 2409027 2408822 iot 23635850 16780450 th 61440 61440 61484 pt 400 inp 0 0 899561.438
08-23 16:34:06.617  4097  4390 D NetworkController.MobileSignalController(0/2): onSignalStrengthsChanged signalStrength=SignalStrength: 6 99 -4 -200 -4 -200 -1 99 -101 -6 130 2 2147483647 0x2000 gsm|lte level=2
08-23 16:34:06.618  4097  4390 D NetworkController.MobileSignalController(0/2): getMobileIconGroup(): 13
08-23 16:34:06.618  4035  4035 D HeadsetPhoneState: Signal level : previous=3 curr=2
08-23 16:34:06.618  4035  4035 D HeadsetPhoneState: sendDeviceStateChanged. mService=1 mSignal=2 mRoam=0 mBatteryCharge=2
08-23 16:34:06.618  4035  4494 D HeadsetStateMachine: Disconnected process message: 11, size: 0
08-23 16:34:06.618  4035  4494 E HeadsetStateMachine: Unknown message: 11
08-23 16:34:06.623  4035  4035 D HeadsetPhoneState: Signal level : previous=2 curr=2
08-23 16:34:06.624  4097  4390 D NetworkController.MobileSignalController(0/2): onSignalStrengthsChanged signalStrength=SignalStrength: 6 99 -6 -200 -6 -200 -1 10 -101 -6 130 2 2147483647 0x2000 gsm|lte level=2
08-23 16:34:06.624  4097  4390 D NetworkController.MobileSignalController(0/2): getMobileIconGroup(): 13
08-23 16:34:06.873  3145  3638 E NetlinkEvent: NetlinkEvent::FindParam(): Parameter 'LABEL' not found
08-23 16:34:06.873  3145  3638 E NetlinkEvent: NetlinkEvent::FindParam(): Parameter 'UID' not found
08-23 16:34:07.887  3650  3921 D WifiStateMachine: Current network is: "Motul" , ID is: 39
08-23 16:34:07.887  3650  3921 D WifiStateMachine: 24GHz mQnsLowerRssiThreshold is recovered, currentRssi = -59
08-23 16:34:09.095  3650  4234 E Watchdog: !@Sync 29978 [23_Aug_16_34_09.094]
08-23 16:34:10.878  4668  4668 D io_stats: !@   8,0 r 71579467 2179746400 w 8060357 161226584 d 1074297 145531216 f 2409029 2408824 iot 23635870 16780464 th 61440 61440 61484 pt 400 inp 0 0 899566.444
08-23 16:34:10.907  3650  3921 D WifiStateMachine: Current network is: "Motul" , ID is: 39
