08-24 11:54:21.172 23724 23724 E MapboxEventManager: Error Trying to load Staging Credentials: java.lang.NullPointerException: Attempt to invoke virtual method 'java.lang.String android.os.BaseBundle.getString(java.lang.String)' on a null object reference
08-24 11:54:21.181 23724 23767 W unknown:ViewManagerPropertyUpdater: Could not find generated setter for class com.facebook.react.views.text.ReactVirtualTextShadowNode
08-24 11:54:21.183 23724 23724 I art     : Thread[1,tid=23724,Native,Thread*=0xe4205400,peer=0x7645b730,"main"] recursive attempt to load library "/data/app/com.islamujeres-1/lib/arm/libmapbox-gl.so"
08-24 11:54:21.184 23724 23724 I art     : Thread[1,tid=23724,Native,Thread*=0xe4205400,peer=0x7645b730,"main"] recursive attempt to load library "/data/app/com.islamujeres-1/lib/arm/libmapbox-gl.so"
08-24 11:54:21.184 23724 23724 I art     : Thread[1,tid=23724,Native,Thread*=0xe4205400,peer=0x7645b730,"main"] recursive attempt to load library "/data/app/com.islamujeres-1/lib/arm/libmapbox-gl.so"
08-24 11:54:21.185 23724 23724 I TelemetryService: onStartCommand() called
08-24 11:54:21.186 23724 23724 E OfflineManager: Failed to read the storage key: Attempt to invoke virtual method 'boolean android.os.BaseBundle.getBoolean(java.lang.String, boolean)' on a null object reference
08-24 11:54:21.190 23724 23724 V ConnectivityReceiver: Connected: true
08-24 11:54:21.234 23724 23724 D AndroidRuntime: Shutting down VM
--------- beginning of crash
08-24 11:54:21.235 23724 23724 E AndroidRuntime: FATAL EXCEPTION: main
08-24 11:54:21.235 23724 23724 E AndroidRuntime: Process: com.islamujeres, PID: 23724
08-24 11:54:21.235 23724 23724 E AndroidRuntime: java.lang.NullPointerException: Attempt to invoke virtual method 'long com.mapbox.mapboxsdk.offline.OfflineRegionStatus.getCompletedResourceSize()' on a null object reference
08-24 11:54:21.235 23724 23724 E AndroidRuntime: 	at com.mapbox.reactnativemapboxgl.ReactNativeMapboxGLModule.serializeOfflineRegionStatus(ReactNativeMapboxGLModule.java:350)
08-24 11:54:21.235 23724 23724 E AndroidRuntime: 	at com.mapbox.reactnativemapboxgl.ReactNativeMapboxGLModule._getOfflinePacks(ReactNativeMapboxGLModule.java:376)
08-24 11:54:21.235 23724 23724 E AndroidRuntime: 	at com.mapbox.reactnativemapboxgl.ReactNativeMapboxGLModule$3.run(ReactNativeMapboxGLModule.java:386)
08-24 11:54:21.235 23724 23724 E AndroidRuntime: 	at android.os.Handler.handleCallback(Handler.java:751)
08-24 11:54:21.235 23724 23724 E AndroidRuntime: 	at android.os.Handler.dispatchMessage(Handler.java:95)
08-24 11:54:21.235 23724 23724 E AndroidRuntime: 	at android.os.Looper.loop(Looper.java:154)
08-24 11:54:21.235 23724 23724 E AndroidRuntime: 	at android.app.ActivityThread.main(ActivityThread.java:6682)
08-24 11:54:21.235 23724 23724 E AndroidRuntime: 	at java.lang.reflect.Method.invoke(Native Method)
08-24 11:54:21.235 23724 23724 E AndroidRuntime: 	at com.android.internal.os.ZygoteInit$MethodAndArgsCaller.run(ZygoteInit.java:1520)
08-24 11:54:21.235 23724 23724 E AndroidRuntime: 	at com.android.internal.os.ZygoteInit.main(ZygoteInit.java:1410)
08-24 11:54:21.236  3650  3697 D Debug   : !@DumpState : SHIP
08-24 11:54:21.236  3650  3697 D Debug   : !@DumpState : debug level:0x4f4c
08-24 11:54:21.236  3650  3697 D Debug   : !@Dumpstate : Finally, system will skip dumpstate
08-24 11:54:21.236  3650  3697 W ActivityManager:   Force finishing activity com.islamujeres/.MainActivity
08-24 11:54:21.236  3650  3697 W MultiScreenManagerService: moveTaskBackToDisplayIfNeeded(): root is not base activity
08-24 11:54:21.238  3650  3697 D ActivityManager: moveToFront() : reason=finishActivity adjustFocus setFocusedActivity isAttached=true TaskRecord{c7a70f8d0 #67 A=com.sec.android.app.launcher U=0 StackId=0 sz=1}
08-24 11:54:21.238  3650  3697 W MultiScreenManagerService: moveTaskBackToDisplayIfNeeded(): root activity or app is null
08-24 11:54:21.238  3650  3697 D ActivityManager: setFocusStackUnchecked: reason=finishActivity adjustFocus setFocusedActivity focusCandidate=ActivityStack{7bda571d0 stackId=0, 2 tasks} caller=com.android.server.am.ActivityStack.moveToFront:875 com.android.server.am.ActivityStackSupervisor.moveActivityStackToFront:2006 
08-24 11:54:21.241  3650  3697 D InputDispatcher: Focused application set to: xxxx
08-24 11:54:21.242  3650  3697 D InputDispatcher: Focus left window: 23724
08-24 11:54:21.243  3650  3697 D ActivityTrigger: ActivityTrigger activityPauseTrigger 
08-24 11:54:21.244  3650  3697 D GameManagerService: there is not sem_perfomance_mode on setting
08-24 11:54:21.252  3650  3667 D CustomFrequencyManagerService: acquireDVFSLockLocked : type : DVFS_MIN_LIMIT  frequency : 2100000  uid : 1000  pid : 3650  pkgName : AMS_APP_HOME@CPU_MIN@7
08-24 11:54:21.253  3650  3667 D ActivityManagerPerformance: AMP_acquire() HOME
08-24 11:54:21.256  3650  3667 D CompatibilityInfo: mCompatibilityFlags - 0
08-24 11:54:21.256  3650  3667 D CompatibilityInfo: applicationDensity - 640
08-24 11:54:21.256  3650  3667 D CompatibilityInfo: applicationScale - 1.0
08-24 11:54:21.261  3650  4867 D CompatibilityInfo: mCompatibilityFlags - 0
08-24 11:54:21.261  3650  4867 D CompatibilityInfo: applicationDensity - 640
08-24 11:54:21.261  3650  4867 D CompatibilityInfo: applicationScale - 1.0
08-24 11:54:21.264  3650 27700 D CompatibilityInfo: mCompatibilityFlags - 0
08-24 11:54:21.264  3650 27700 D CompatibilityInfo: applicationDensity - 640
08-24 11:54:21.264  3650 27700 D CompatibilityInfo: applicationScale - 1.0
08-24 11:54:21.271  3650 27700 D CompatibilityInfo: mCompatibilityFlags - 0
08-24 11:54:21.271  3650 27700 D CompatibilityInfo: applicationDensity - 640
08-24 11:54:21.271  3650 27700 D CompatibilityInfo: applicationScale - 1.0
08-24 11:54:21.274  6266  6266 W ContextImpl: Calling a method in the system process without a qualified user: android.app.ContextImpl.startService:1386 android.content.ContextWrapper.startService:656 android.content.ContextWrapper.startService:656 com.samsung.android.sm.common.SmartManagerReceiver.b:363 com.samsung.android.sm.common.SmartManagerReceiver.onReceive:114 
08-24 11:54:21.275  3650  3668 D ViewRootImpl@a1ff4ea[islamujeres]: ThreadedRenderer.create() translucent=true
08-24 11:54:21.275  3650  3668 D WindowManager: addWindow: android.view.ViewRootImpl$W@336c3db displayId=0
08-24 11:54:21.275  3650  3668 D InputTransport: Input channel constructed: fd=399
08-24 11:54:21.275  3650  3668 D InputTransport: Input channel constructed: fd=495
08-24 11:54:21.275  3650  3668 D WindowManager: openInputChannel mInputChannel: 4604e78 Application Error: com.islamujeres (server)
08-24 11:54:21.276  3650  3668 V MARsPolicyManager: handelAlertToastWindowStarted pkgName = android
08-24 11:54:21.276  3650  3668 D InputDispatcher: Focus entered window: 3650
08-24 11:54:21.276  3650 27696 D CompatibilityInfo: mCompatibilityFlags - 0
08-24 11:54:21.276  3650 27696 D CompatibilityInfo: applicationDensity - 640
08-24 11:54:21.276  3650 27696 D CompatibilityInfo: applicationScale - 1.0
08-24 11:54:21.277  3650  3668 D ViewRootImpl@a1ff4ea[islamujeres]: setView = DecorView@68075b6[islamujeres] touchMode=true
08-24 11:54:21.277  4899  4917 D ForegroundUtils: could not check pending caller
08-24 11:54:21.278  3650  6921 D GamePkgDataHelper: getGamePkgData(). com.sec.android.app.launcher
08-24 11:54:21.278  3650  6921 D GameManagerService: identifyGamePackage. com.sec.android.app.launcher
08-24 11:54:21.282  3650  6921 D TelephonyManager: getAllCellInfo : Caller (PID / UID / TID): 3650 / 1000 / 6921
08-24 11:54:21.283  3650  3668 D ViewRootImpl@a1ff4ea[islamujeres]: dispatchAttachedToWindow
08-24 11:54:21.286  3650  6921 D GameManagerService: identifyGamePackage. com.sec.android.app.launcher
08-24 11:54:21.286  3650  6921 D GameManagerService: identifyGamePackage. com.sec.android.app.launcher
08-24 11:54:21.286  6266 23793 V CrashedAppLogging: isMasterSwitchOff : false
08-24 11:54:21.293  3650  3668 V WindowManager: Relayout Window{4604e78d0 u0 Application Error: com.islamujeres}: viewVisibility=0 req=1353x589 WM.LayoutParams{(0,0)(wrapxwrap) gr=#11 sim=#120 ty=2003 fl=#1820002 pfl=0x110 fmt=-3 wanim=0x103038b vsysui=0x2000 surfaceInsets=Rect(8, 8 - 8, 8) needsMenuKey=2 naviIconColor=0}
08-24 11:54:21.293  3100  3100 I SurfaceFlinger: id=33645 createSurf (17x17),1 flag=4, jslamujeres
08-24 11:54:21.314  3650  3668 D ViewRootImpl@a1ff4ea[islamujeres]: Relayout returned: oldFrame=[0,0][0,0] newFrame=[43,1033][1396,1622] result=0x27 surface={isValid=true 516619988480} surfaceGenerationChanged=true
08-24 11:54:21.314  3650  4030 I OpenGLRenderer: Initialized EGL, version 1.4
08-24 11:54:21.314  3650  3668 D ViewRootImpl@a1ff4ea[islamujeres]: mHardwareRenderer.initialize() mSurface={isValid=true 516619988480} hwInitialized=true
08-24 11:54:21.314  3650  4030 D OpenGLRenderer: Swap behavior 1
08-24 11:54:21.316  3650  4030 D mali_winsys: EGLint new_window_surface(egl_winsys_display*, void*, EGLSurface, EGLConfig, egl_winsys_surface**, egl_color_buffer_format*, EGLBoolean) returns 0x3000,  [1369x605]-format:1
08-24 11:54:21.316  3650  3668 D WindowManager: set systemUiVisibility of statusbar : vis= 0x8
08-24 11:54:21.317  3650 27695 D WindowManager: adjustSystemUiVisibilityLw : vis= 0x8
08-24 11:54:21.317  3650  3668 D ViewRootImpl@a1ff4ea[islamujeres]: MSG_WINDOW_FOCUS_CHANGED 1
08-24 11:54:21.317  3650  3668 D ViewRootImpl@a1ff4ea[islamujeres]: mHardwareRenderer.initializeIfNeeded()#2 mSurface={isValid=true 516619988480}
08-24 11:54:21.330  3650  3668 D WindowManager: finishDrawingWindow: Window{4604e78d0 u0 Application Error: com.islamujeres} mDrawState=DRAW_PENDING
08-24 11:54:21.330  3650  3668 D WindowManager: set systemUiVisibility of statusbar : vis= 0x2008
08-24 11:54:21.330  3650  3668 D ViewRootImpl@a1ff4ea[islamujeres]: MSG_RESIZED_REPORT: ci=Rect(0, 0 - 0, 0) vi=Rect(0, 0 - 0, 0) or=1
08-24 11:54:21.332  3650 29598 D WindowManager: adjustSystemUiVisibilityLw : vis= 0x2008
08-24 11:54:21.334  3650  3668 D WindowManager: finishDrawingWindow: Window{4604e78d0 u0 Application Error: com.islamujeres} mDrawState=HAS_DRAWN
08-24 11:54:21.411  3650  3980 D MdnieScenarioControlService:  packageName : com.sec.android.app.launcher    className : com.sec.android.app.launcher.activities.LauncherActivity
08-24 11:54:21.746  3650  3667 W ActivityManager: Activity pause timeout for ActivityRecord{1036259d0 u0 com.islamujeres/.MainActivity t986 f}
08-24 11:54:21.747  3650  3667 D ActivityManager: resumeTopActivityInnerLocked() : #0 prevTask=TaskRecord{22a4200d0 #986 A=com.islamujeres U=0 StackId=1 sz=1} next=ActivityRecord{e11600cd0 u0 com.sec.android.app.launcher/.activities.LauncherActivity t67} mFocusedStack=ActivityStack{7bda571d0 stackId=0, 2 tasks}
08-24 11:54:21.747  3650  3667 D CustomFrequencyManagerService: acquireDVFSLockLocked : type : DVFS_MIN_LIMIT  frequency : 1300000  uid : 1000  pid : 3650  pkgName : AMS_ACT_RESUME@CPU_MIN@13
08-24 11:54:21.747  3650  3667 D ActivityManagerPerformance: AMP_acquire() ACT_RESUME
08-24 11:54:21.748  3650  3667 D ActivityManager: applyOptionsLocked(), pendingOptions : null
08-24 11:54:21.749  3650  3667 V WindowManager: rotationForOrientationLw(orient=1, last=0); user=0 USER_ROTATION_LOCKED sensorRotation=-1 mLidState=-1 mDockMode=0 mHdmiPlugged=false
08-24 11:54:21.750  4976  4976 D ViewRootImpl@2930ca8[LauncherActivity]: mHardwareRenderer.destroy()#1
08-24 11:54:21.753  3650  3650 D CustomFrequencyManagerService: releaseDVFSLockLocked : Getting Lock type frm List : DVFS_MIN_LIMIT  frequency : 2100000  uid : 1000  pid : 3650  tag : AMS_APP_HOME@CPU_MIN@7
08-24 11:54:21.778  3650  9030 V WindowManager: Relayout Window{d4bbc8ed0 u0 com.sec.android.app.launcher/com.sec.android.app.launcher.activities.LauncherActivity}: viewVisibility=4 req=1440x2560 WM.LayoutParams{(0,0)(fillxfill) sim=#30 ty=1 fl=#81910d02 pfl=0x20000 fmt=-2 wanim=0x103038a vsysui=0x600 needsMenuKey=2 dimDuration=300 naviIconColor=0 sfl=0x40}
08-24 11:54:21.779  4976  4976 D ViewRootImpl@2930ca8[LauncherActivity]: Relayout returned: oldFrame=[0,0][1440,2560] newFrame=[0,0][1440,2560] result=0x1 surface={isValid=false 0} surfaceGenerationChanged=false
08-24 11:54:21.802  3650  3667 D GameManagerService: there is not sem_perfomance_mode on setting
08-24 11:54:21.802  4976  4976 D Launcher: onRestart, Launcher: 175582605
08-24 11:54:21.802  3650  3650 D GameManagerService: NotifyRunnable. pkg: com.sec.android.app.launcher, type: 4, isMinimized: false, isTunableApp: false
08-24 11:54:21.802  3650  3650 D GameManagerService: do nothing. mKillNotiCount: 3
08-24 11:54:21.815  4976  4976 D Launcher: onStart, Launcher: 175582605
08-24 11:54:21.815  4976  4976 D Launcher.HomeView: onStart
08-24 11:54:21.815  4976  4976 D MenuAppsGridFragment: onStart:false
08-24 11:54:21.815  4976  4976 I VerificationLog: onResume
08-24 11:54:21.815  4976  4976 D Launcher: onResume, Launcher: 175582605
08-24 11:54:21.815  3650 15024 D SecContentProvider: query(), uri = 17 selection = isSettingsChangesAllowed
08-24 11:54:21.816  3650 15024 D SecContentProvider: called from com.sec.android.app.launcher
08-24 11:54:21.816  3650  3901 D SecContentProvider: query(), uri = 17 selection = isSettingsChangesAllowed
08-24 11:54:21.817  3650  3901 D SecContentProvider: called from com.sec.android.app.launcher
08-24 11:54:21.818  4976  4976 D Launcher.HomeView: onResume
08-24 11:54:21.822  4976  4976 D capture : ---------checkFileExist land
08-24 11:54:21.822  4976  4976 D capture : currentOrientation: 1 mMainHomeScreenshot: false mMainHomeScreenshotLand: true
08-24 11:54:21.823  4976  4976 D MenuAppsGridFragment: onResume:false
08-24 11:54:21.823  4976  4976 D MenuAppsGridFragment: stateObj = com.android.launcher2.MenuAppsGrid$StateNormal@8151b9a
08-24 11:54:21.823  4976  4976 D Launcher.MenuAppsGrid: BlurInfo : true , true , false , true
08-24 11:54:21.823  4976  4976 D MenuAppsGridFragment: onResume  no mPendingModelUpdate:false this:MenuAppsGridFragment{281dccb #0 id=0x1020011 APPS}
08-24 11:54:21.823  4976  4976 I Launcher.MenuWidgets: Close Widget Folder  -> null
08-24 11:54:21.824  4976  4976 D Launcher.MenuAppsGrid: ChangeMobileKeyboard:false mCurrentOrientation:1 mRequestedOrientation:1 newConfig.orientation:1 isShown:false
08-24 11:54:21.824  4976  4976 D Launcher.Workspace: changeOrientationIfRequired MobileKeyboardChanged : false   DisplayHeight : 2560  Density : 4.0   newConfig.orientation : 1
08-24 11:54:21.824  4976  4976 D Launcher.Workspace: ChangeMobileKeyboard:false mCurrentOrientation:1 mRequestedOrientation:1 newConfig.orientation:1 isShown:trueQuickViewWorkspace isOpened: false
08-24 11:54:21.824  4976  4976 D FolderPagedView: ChangeMobileKeyboard:false mCurrentOrientation:1 mRequestedOrientation:1 newConfig.orientation:1 isShown:true
08-24 11:54:21.825  3650 15025 D ActivityManager: post active user change for 0 fullscreen true isHomeActivity() true
08-24 11:54:21.825  3650 15025 I WallpaperManagerService: switchPersonaWallpaper is called for personaId-0
08-24 11:54:21.825  3650 15025 D KnoxTimeoutHandler: post home show event for user 0
08-24 11:54:21.825  3650 15025 D KnoxTimeoutHandler: postActiveUserChange [MsgParam] userId: 0 fullscreen is true showWhenlocked is false isMutiwindowRecord is false multiwindowstyle is 0
08-24 11:54:21.825  3650  3650 D WallpaperManagerService:  force update = false; persona id = 0; current user =0; current persona = 0
08-24 11:54:21.825  3650  3650 D KnoxKeyguardDelegate: clear Flag
08-24 11:54:21.825  3650  3650 D KnoxTimeoutHandler: handleHomeShow for 0 and current 0
08-24 11:54:21.825  3650  3650 D KnoxTimeoutHandler: handleActiveUserChange [MsgParam] userId: 0 fullscreen is true showWhenlocked is false isMutiwindowRecord is false multiwindowstyle is 0
08-24 11:54:21.825  3650  3650 I KnoxTimeoutHandler: Shared devices show user statefalse
08-24 11:54:21.827  4976  4976 V LauncherAppWidgetHostView: calculateWidgetSize: (target widgetsize)  using w/h 1028 440 span 3 1 (widgetid 2) [current Gridsize : GRID_4x4]
08-24 11:54:21.827  4976  4976 D LauncherAppWidgetHostView: calculateWidgetSize() widget = Google(widget id = 2) result hostview size = 1028 x 440
08-24 11:54:21.827  4976  4976 D LauncherAppWidgetHostView: setResizeScaleResult() 1028/ 440 scaleToResize = 1.0(widget id = 2)
08-24 11:54:21.827  4976  4976 V LauncherAppWidgetHostView: calculateWidgetSize: (target widgetsize)  using w/h 340 440 span 1 1 (widgetid 10) [current Gridsize : GRID_4x4]
08-24 11:54:21.827  4976  4976 D LauncherAppWidgetHostView: calculateWidgetSize() widget = (1x1) HD Widgets(widget id = 10) result hostview size = 340 x 440
08-24 11:54:21.827  4976  4976 D LauncherAppWidgetHostView: setResizeScaleResult() 340/ 440 scaleToResize = 1.0(widget id = 10)
08-24 11:54:21.828  3650  9028 V WindowManager: Relayout Window{d4bbc8ed0 u0 com.sec.android.app.launcher/com.sec.android.app.launcher.activities.LauncherActivity}: viewVisibility=0 req=1440x2560 WM.LayoutParams{(0,0)(fillxfill) sim=#30 ty=1 fl=#81910d02 pfl=0x20000 fmt=-2 wanim=0x103038a vsysui=0x600 needsMenuKey=2 dimDuration=300 naviIconColor=0 sfl=0x40}
08-24 11:54:21.828  3100  3100 I SurfaceFlinger: id=33646 createSurf (1440x2560),1 flag=4, MauncherAct
08-24 11:54:21.833  3100  3100 D Layer   : applyEffect ## com.sec.android.app.launcher/com.sec.android.app.launcher.activities.LauncherActivity
08-24 11:54:21.833  3100  3100 D Layer   : applyEffect ## animMode=3, target=2, pixType=1
08-24 11:54:21.833  3100  3100 D Layer   : applyEffect ## pixAnim anim=13, timeMs=0, value=0.00, interp=0
08-24 11:54:21.833  3100  3100 D Layer   : applyEffect ## pixAnim anim=13, timeMs=300, value=176.00, interp=3
08-24 11:54:21.833  3100  3100 D Layer   : applyEffect ## pixAnim anim=14, timeMs=0, value=0.00, interp=0
08-24 11:54:21.833  3100  3100 D Layer   : applyEffect ## pixAnim anim=14, timeMs=300, value=-10.00, interp=3
08-24 11:54:21.835  4976  4976 D ViewRootImpl@2930ca8[LauncherActivity]: Relayout returned: oldFrame=[0,0][1440,2560] newFrame=[0,0][1440,2560] result=0x7 surface={isValid=true 547414714880} surfaceGenerationChanged=true
08-24 11:54:21.835  4976  4976 D ViewRootImpl@2930ca8[LauncherActivity]: mHardwareRenderer.initialize() mSurface={isValid=true 547414714880} hwInitialized=true
08-24 11:54:21.839  4976  5146 D mali_winsys: EGLint new_window_surface(egl_winsys_display*, void*, EGLSurface, EGLConfig, egl_winsys_surface**, egl_color_buffer_format*, EGLBoolean) returns 0x3000,  [1440x2560]-format:1
08-24 11:54:21.873  3650  6038 D WindowManager: finishDrawingWindow: Window{d4bbc8ed0 u0 com.sec.android.app.launcher/com.sec.android.app.launcher.activities.LauncherActivity} mDrawState=DRAW_PENDING
08-24 11:54:21.874  4097  4097 D ImageWallpaper: onOffsetsChanged: xOffset=0.0, yOffset=0.0, xOffsetStep=0.0, yOffsetStep=0.0, xPixels=0, yPixels=0
08-24 11:54:21.874  4097  4097 D ImageWallpaper: drawFrame=false rotation=0 mLastRotation=0
08-24 11:54:21.874  4097  4097 D ImageWallpaper: drawFrame:[frame.width()]1646[frame.height()]2560
08-24 11:54:21.874  4097  4097 D ImageWallpaper: surfaceDimensionsChanged=false mLastSurfaceRotation=0 mDisplayWidth=1440 mDisplayHeight=2560
08-24 11:54:21.874  4097  4097 D ImageWallpaper: mNewKeyboard : 0 mLastKeyboard : 0 mForceDraw = false
08-24 11:54:21.874  4097  4097 D ImageWallpaper: redrawNeeded = false, mOffsetsChanged = false
08-24 11:54:21.874  4097  4097 D ImageWallpaper: Suppressed drawFrame since redraw is not needed and offsets have not changed.
08-24 11:54:21.874  4097  4097 D WallpaperService: updateSurface forceRelayout=false redrawNeeded=false myWidth=1646 myHeight=2560 fixedSize=true mWidth=1646 mHeight=2560
08-24 11:54:21.875  4097  4097 D ImageWallpaper: onVisibilityChanged: mVisible, visible=false, true
08-24 11:54:21.875  4097  4097 D ImageWallpaper: Visibility changed to visible=true
08-24 11:54:21.875  4097  4097 D ImageWallpaper: drawFrame=false rotation=0 mLastRotation=0
08-24 11:54:21.875  4097  4097 D ImageWallpaper: drawFrame:[frame.width()]1646[frame.height()]2560
08-24 11:54:21.875  4097  4097 D ImageWallpaper: surfaceDimensionsChanged=false mLastSurfaceRotation=0 mDisplayWidth=1440 mDisplayHeight=2560
08-24 11:54:21.875  4097  4097 D ImageWallpaper: mNewKeyboard : 0 mLastKeyboard : 0 mForceDraw = false
08-24 11:54:21.875  4097  4097 D ImageWallpaper: redrawNeeded = false, mOffsetsChanged = false
08-24 11:54:21.875  4097  4097 D ImageWallpaper: Suppressed drawFrame since redraw is not needed and offsets have not changed.
08-24 11:54:21.902  3650  3677 D KnoxTimeoutHandler: notifyActivityDrawn [MsgParam] userId: 0 fullscreen is true showWhenlocked is false isMutiwindowRecord is false multiwindowstyle is 0
08-24 11:54:21.902  3650  3650 D KnoxTimeoutHandler: activityDrawn [MsgParam] userId: 0 fullscreen is true showWhenlocked is false isMutiwindowRecord is false multiwindowstyle is 0
08-24 11:54:21.902  3650  3650 I KnoxTimeoutHandler: SD activityfalse
08-24 11:54:21.903  3650  3650 I KnoxTimeoutHandler: Fullscreen and mCurrent is not KNOX user. Hence hide keyguard
08-24 11:54:21.943  4097  4097 I ApplicationPackageManager: load=com.islamujeres, bg=192-192, dr=192-192, forDefault=false
08-24 11:54:21.943  4097  4097 I ApplicationPackageManager: reset dr=192,192, bg=192,192
08-24 11:54:21.944  4097  4097 I ApplicationPackageManager: scaled rate=1.1004878, size=192, alpha=14, hold=26, target=192
08-24 11:54:21.999  3650  3659 I art     : Background partial concurrent mark sweep GC freed 66075(4MB) AllocSpace objects, 19(380KB) LOS objects, 15% free, 90MB/106MB, paused 2.161ms total 221.195ms
08-24 11:54:22.227  3650  3949 D ConnectivityService: updateCapabilities: oldCap = [ Transports: WIFI Capabilities: NOT_METERED&INTERNET&NOT_RESTRICTED&TRUSTED&NOT_VPN&VALIDATED LinkUpBandwidth>=1048576Kbps LinkDnBandwidth>=1048576Kbps SignalStrength: -65], newCap = [ Transports: WIFI Capabilities: NOT_METERED&INTERNET&NOT_RESTRICTED&TRUSTED&NOT_VPN LinkUpBandwidth>=1048576Kbps LinkDnBandwidth>=1048576Kbps SignalStrength: -62]
08-24 11:54:22.227  3650  3949 D ConnectivityService: rematching NetworkAgentInfo [WIFI () - 802]
08-24 11:54:22.228  3650  3949 D ConnectivityService:  network has: [ Transports: WIFI Capabilities: NOT_METERED&INTERNET&NOT_RESTRICTED&TRUSTED&NOT_VPN&VALIDATED LinkUpBandwidth>=1048576Kbps LinkDnBandwidth>=1048576Kbps SignalStrength: -62]
08-24 11:54:22.228  3650  3949 D ConnectivityService:   checking if request is satisfied: NetworkRequest [ id=2208, legacyType=-1, [ Capabilities: INTERNET&NOT_RESTRICTED&TRUSTED] ]
08-24 11:54:22.232  3650  3949 D ConnectivityService:   checking if request is satisfied: NetworkRequest [ id=2194, legacyType=-1, [ Capabilities: INTERNET&NOT_RESTRICTED&TRUSTED&NOT_VPN] ]
08-24 11:54:22.232  3650  3949 D ConnectivityService:   checking if request is satisfied: NetworkRequest [ id=6, legacyType=-1, [ Transports: CELLULAR|WIFI Capabilities: NOT_RESTRICTED&TRUSTED&NOT_VPN] ]
08-24 11:54:22.232  3650  3949 D ConnectivityService:   checking if request is satisfied: NetworkRequest [ id=8, legacyType=-1, [ Transports: WIFI Capabilities: INTERNET&NOT_RESTRICTED&TRUSTED&NOT_VPN] ]
08-24 11:54:22.232  3650  3949 D ConnectivityService:   checking if request is satisfied: NetworkRequest [ id=2763, legacyType=-1, [ Capabilities: INTERNET&NOT_RESTRICTED&TRUSTED] ]
08-24 11:54:22.232  3650  3949 D ConnectivityService:   checking if request is satisfied: NetworkRequest [ id=5, legacyType=-1, [ Transports: WIFI Capabilities: INTERNET&NOT_RESTRICTED&TRUSTED&NOT_VPN] ]
08-24 11:54:22.232  3650  3949 D ConnectivityService:   checking if request is satisfied: NetworkRequest [ id=9, legacyType=-1, [ Transports: WIFI Capabilities: INTERNET&NOT_RESTRICTED&TRUSTED&NOT_VPN] ]
08-24 11:54:22.232  3650  3949 D ConnectivityService: Network NetworkAgentInfo [WIFI () - 802] was already satisfying request 1. No change.
08-24 11:54:22.232  3650  3949 D ConnectivityService:   checking if request is satisfied: NetworkRequest [ id=3, legacyType=-1, [] ]
08-24 11:54:22.232  3650  3949 D ConnectivityService:   checking if request is satisfied: NetworkRequest [ id=4, legacyType=-1, [ Transports: CELLULAR Capabilities: INTERNET&NOT_RESTRICTED&TRUSTED&NOT_VPN] ]
08-24 11:54:22.232  3650  3949 D ConnectivityService:   checking if request is satisfied: NetworkRequest [ id=2209, legacyType=-1, [ Capabilities: INTERNET&NOT_RESTRICTED&TRUSTED] ]
08-24 11:54:22.232  3650  3949 D ConnectivityService:   checking if request is satisfied: NetworkRequest [ id=7, legacyType=-1, [] ]
08-24 11:54:22.232  3650  3949 D ConnectivityService: notifyType CAP_CHANGED for NetworkAgentInfo [WIFI () - 802]
08-24 11:54:22.232  3650  3949 D ConnectivityService:  sending notification for NetworkRequest [ id=1, legacyType=-1, [ Capabilities: INTERNET&NOT_RESTRICTED&TRUSTED&NOT_VPN] ]
08-24 11:54:22.232  3650  3949 D ConnectivityService:  sending notification for NetworkRequest [ id=3, legacyType=-1, [] ]
08-24 11:54:22.233  3650  3949 D ConnectivityService: sending notification CAP_CHANGED for NetworkRequest [ id=3, legacyType=-1, [] ]
08-24 11:54:22.233  3650  3949 D ConnectivityService:  sending notification for NetworkRequest [ id=5, legacyType=-1, [ Transports: WIFI Capabilities: INTERNET&NOT_RESTRICTED&TRUSTED&NOT_VPN] ]
08-24 11:54:22.233  3650  3949 D ConnectivityService: sending notification CAP_CHANGED for NetworkRequest [ id=5, legacyType=-1, [ Transports: WIFI Capabilities: INTERNET&NOT_RESTRICTED&TRUSTED&NOT_VPN] ]
08-24 11:54:22.233  3650  3949 D ConnectivityService:  sending notification for NetworkRequest [ id=6, legacyType=-1, [ Transports: CELLULAR|WIFI Capabilities: NOT_RESTRICTED&TRUSTED&NOT_VPN] ]
08-24 11:54:22.233  3650  3949 D ConnectivityService: sending notification CAP_CHANGED for NetworkRequest [ id=6, legacyType=-1, [ Transports: CELLULAR|WIFI Capabilities: NOT_RESTRICTED&TRUSTED&NOT_VPN] ]
08-24 11:54:22.233  3650  3949 D ConnectivityService:  sending notification for NetworkRequest [ id=7, legacyType=-1, [] ]
08-24 11:54:22.233  3650  3949 D ConnectivityService: sending notification CAP_CHANGED for NetworkRequest [ id=7, legacyType=-1, [] ]
08-24 11:54:22.233  3650  3949 D ConnectivityService:  sending notification for NetworkRequest [ id=8, legacyType=-1, [ Transports: WIFI Capabilities: INTERNET&NOT_RESTRICTED&TRUSTED&NOT_VPN] ]
08-24 11:54:22.233  3650  3949 D ConnectivityService: sending notification CAP_CHANGED for NetworkRequest [ id=8, legacyType=-1, [ Transports: WIFI Capabilities: INTERNET&NOT_RESTRICTED&TRUSTED&NOT_VPN] ]
08-24 11:54:22.233  4097  4390 D NetworkController: onReceive: intent=Intent { act=android.net.wifi.RSSI_CHANGED flg=0x4000010 launchParam=MultiScreenLaunchParams { mDisplayId=0 mFlags=0 } bqHint=1 (has extras) }
08-24 11:54:22.234  3650  3949 D ConnectivityService:  sending notification for NetworkRequest [ id=9, legacyType=-1, [ Transports: WIFI Capabilities: INTERNET&NOT_RESTRICTED&TRUSTED&NOT_VPN] ]
08-24 11:54:22.234  3650  3949 D ConnectivityService: sending notification CAP_CHANGED for NetworkRequest [ id=9, legacyType=-1, [ Transports: WIFI Capabilities: INTERNET&NOT_RESTRICTED&TRUSTED&NOT_VPN] ]
08-24 11:54:22.234  3650  3949 D ConnectivityService:  sending notification for NetworkRequest [ id=2194, legacyType=-1, [ Capabilities: INTERNET&NOT_RESTRICTED&TRUSTED&NOT_VPN] ]
08-24 11:54:22.234  3650  3949 D ConnectivityService: sending notification CAP_CHANGED for NetworkRequest [ id=2194, legacyType=-1, [ Capabilities: INTERNET&NOT_RESTRICTED&TRUSTED&NOT_VPN] ]
08-24 11:54:22.234  3650  3949 D ConnectivityService:  sending notification for NetworkRequest [ id=2208, legacyType=-1, [ Capabilities: INTERNET&NOT_RESTRICTED&TRUSTED] ]
08-24 11:54:22.234  3650  3949 D ConnectivityService: sending notification CAP_CHANGED for NetworkRequest [ id=2208, legacyType=-1, [ Capabilities: INTERNET&NOT_RESTRICTED&TRUSTED] ]
08-24 11:54:22.235  3650  3949 D ConnectivityService:  sending notification for NetworkRequest [ id=2209, legacyType=-1, [ Capabilities: INTERNET&NOT_RESTRICTED&TRUSTED] ]
08-24 11:54:22.235  3650  3949 D ConnectivityService: sending notification CAP_CHANGED for NetworkRequest [ id=2209, legacyType=-1, [ Capabilities: INTERNET&NOT_RESTRICTED&TRUSTED] ]
08-24 11:54:22.235  3650  3949 D ConnectivityService:  sending notification for NetworkRequest [ id=2763, legacyType=-1, [ Capabilities: INTERNET&NOT_RESTRICTED&TRUSTED] ]
08-24 11:54:22.235  3650  3949 D ConnectivityService: sending notification CAP_CHANGED for NetworkRequest [ id=2763, legacyType=-1, [ Capabilities: INTERNET&NOT_RESTRICTED&TRUSTED] ]
08-24 11:54:22.249  3650  4766 D CustomFrequencyManagerService: releaseDVFSLockLocked : Getting Lock type frm List : DVFS_MIN_LIMIT  frequency : 1300000  uid : 1000  pid : 3650  tag : AMS_ACT_RESUME@CPU_MIN@13
08-24 11:54:22.249  3650  4766 D ActivityManagerPerformance: AMP_release() ACT_RESUME
08-24 11:54:22.295  3650  3677 D KnoxTimeoutHandler: notifyActivityDrawn [MsgParam] userId: 0 fullscreen is true showWhenlocked is false isMutiwindowRecord is false multiwindowstyle is 0
08-24 11:54:22.295  4899  7291 D ForegroundUtils: could not check pending caller
08-24 11:54:22.295  3650  3650 D KnoxTimeoutHandler: activityDrawn [MsgParam] userId: 0 fullscreen is true showWhenlocked is false isMutiwindowRecord is false multiwindowstyle is 0
08-24 11:54:22.296  3650  3650 I KnoxTimeoutHandler: SD activityfalse
08-24 11:54:22.296  3650  3650 I KnoxTimeoutHandler: Fullscreen and mCurrent is not KNOX user. Hence hide keyguard
08-24 11:54:22.426  3650  3980 D MdnieScenarioControlService:  packageName : com.sec.android.app.launcher    className : com.sec.android.app.launcher.activities.LauncherActivity
08-24 11:54:22.987  3650  3949 D ConnectivityService: updateCapabilities: oldCap = [ Transports: WIFI Capabilities: NOT_METERED&INTERNET&NOT_RESTRICTED&TRUSTED&NOT_VPN&VALIDATED LinkUpBandwidth>=1048576Kbps LinkDnBandwidth>=1048576Kbps SignalStrength: -62], newCap = [ Transports: WIFI Capabilities: NOT_METERED&INTERNET&NOT_RESTRICTED&TRUSTED&NOT_VPN LinkUpBandwidth>=1048576Kbps LinkDnBandwidth>=1048576Kbps SignalStrength: -65]
08-24 11:54:22.987  3650  3949 D ConnectivityService: rematching NetworkAgentInfo [WIFI () - 802]
08-24 11:54:22.987  3650  3949 D ConnectivityService:  network has: [ Transports: WIFI Capabilities: NOT_METERED&INTERNET&NOT_RESTRICTED&TRUSTED&NOT_VPN&VALIDATED LinkUpBandwidth>=1048576Kbps LinkDnBandwidth>=1048576Kbps SignalStrength: -65]
08-24 11:54:22.987  3650  3949 D ConnectivityService:   checking if request is satisfied: NetworkRequest [ id=2208, legacyType=-1, [ Capabilities: INTERNET&NOT_RESTRICTED&TRUSTED] ]
08-24 11:54:22.987  3650  3949 D ConnectivityService:   checking if request is satisfied: NetworkRequest [ id=2194, legacyType=-1, [ Capabilities: INTERNET&NOT_RESTRICTED&TRUSTED&NOT_VPN] ]
08-24 11:54:22.988  3650  3949 D ConnectivityService:   checking if request is satisfied: NetworkRequest [ id=6, legacyType=-1, [ Transports: CELLULAR|WIFI Capabilities: NOT_RESTRICTED&TRUSTED&NOT_VPN] ]
08-24 11:54:22.988  3650  3949 D ConnectivityService:   checking if request is satisfied: NetworkRequest [ id=8, legacyType=-1, [ Transports: WIFI Capabilities: INTERNET&NOT_RESTRICTED&TRUSTED&NOT_VPN] ]
08-24 11:54:22.988  3650  3949 D ConnectivityService:   checking if request is satisfied: NetworkRequest [ id=2763, legacyType=-1, [ Capabilities: INTERNET&NOT_RESTRICTED&TRUSTED] ]
08-24 11:54:22.988  3650  3949 D ConnectivityService:   checking if request is satisfied: NetworkRequest [ id=5, legacyType=-1, [ Transports: WIFI Capabilities: INTERNET&NOT_RESTRICTED&TRUSTED&NOT_VPN] ]
08-24 11:54:22.988  3650  3949 D ConnectivityService:   checking if request is satisfied: NetworkRequest [ id=9, legacyType=-1, [ Transports: WIFI Capabilities: INTERNET&NOT_RESTRICTED&TRUSTED&NOT_VPN] ]
08-24 11:54:22.988  3650  3949 D ConnectivityService: Network NetworkAgentInfo [WIFI () - 802] was already satisfying request 1. No change.
08-24 11:54:22.988  3650  3949 D ConnectivityService:   checking if request is satisfied: NetworkRequest [ id=3, legacyType=-1, [] ]
08-24 11:54:22.988  3650  3921 D WifiStateMachine: Current network is: "Motul" , ID is: 39
08-24 11:54:22.988  3650  3949 D ConnectivityService:   checking if request is satisfied: NetworkRequest [ id=4, legacyType=-1, [ Transports: CELLULAR Capabilities: INTERNET&NOT_RESTRICTED&TRUSTED&NOT_VPN] ]
08-24 11:54:22.988  3650  3949 D ConnectivityService:   checking if request is satisfied: NetworkRequest [ id=2209, legacyType=-1, [ Capabilities: INTERNET&NOT_RESTRICTED&TRUSTED] ]
08-24 11:54:22.988  3650  3949 D ConnectivityService:   checking if request is satisfied: NetworkRequest [ id=7, legacyType=-1, [] ]
08-24 11:54:22.988  3650  3949 D ConnectivityService: notifyType CAP_CHANGED for NetworkAgentInfo [WIFI () - 802]
08-24 11:54:22.988  3650  3949 D ConnectivityService:  sending notification for NetworkRequest [ id=1, legacyType=-1, [ Capabilities: INTERNET&NOT_RESTRICTED&TRUSTED&NOT_VPN] ]
08-24 11:54:22.988  3650  3949 D ConnectivityService:  sending notification for NetworkRequest [ id=3, legacyType=-1, [] ]
08-24 11:54:22.988  3650  3949 D ConnectivityService: sending notification CAP_CHANGED for NetworkRequest [ id=3, legacyType=-1, [] ]
08-24 11:54:22.988  3650  3949 D ConnectivityService:  sending notification for NetworkRequest [ id=5, legacyType=-1, [ Transports: WIFI Capabilities: INTERNET&NOT_RESTRICTED&TRUSTED&NOT_VPN] ]
08-24 11:54:22.988  3650  3949 D ConnectivityService: sending notification CAP_CHANGED for NetworkRequest [ id=5, legacyType=-1, [ Transports: WIFI Capabilities: INTERNET&NOT_RESTRICTED&TRUSTED&NOT_VPN] ]
08-24 11:54:22.988  3650  3949 D ConnectivityService:  sending notification for NetworkRequest [ id=6, legacyType=-1, [ Transports: CELLULAR|WIFI Capabilities: NOT_RESTRICTED&TRUSTED&NOT_VPN] ]
08-24 11:54:22.988  4097  4390 D NetworkController: onReceive: intent=Intent { act=android.net.wifi.RSSI_CHANGED flg=0x4000010 launchParam=MultiScreenLaunchParams { mDisplayId=0 mFlags=0 } bqHint=1 (has extras) }
08-24 11:54:22.988  3650  3949 D ConnectivityService: sending notification CAP_CHANGED for NetworkRequest [ id=6, legacyType=-1, [ Transports: CELLULAR|WIFI Capabilities: NOT_RESTRICTED&TRUSTED&NOT_VPN] ]
08-24 11:54:22.988  3650  3949 D ConnectivityService:  sending notification for NetworkRequest [ id=7, legacyType=-1, [] ]
08-24 11:54:22.988  3650  3949 D ConnectivityService: sending notification CAP_CHANGED for NetworkRequest [ id=7, legacyType=-1, [] ]
08-24 11:54:22.989  3650  3949 D ConnectivityService:  sending notification for NetworkRequest [ id=8, legacyType=-1, [ Transports: WIFI Capabilities: INTERNET&NOT_RESTRICTED&TRUSTED&NOT_VPN] ]
08-24 11:54:22.989  3650  3949 D ConnectivityService: sending notification CAP_CHANGED for NetworkRequest [ id=8, legacyType=-1, [ Transports: WIFI Capabilities: INTERNET&NOT_RESTRICTED&TRUSTED&NOT_VPN] ]
08-24 11:54:22.989  3650  3949 D ConnectivityService:  sending notification for NetworkRequest [ id=9, legacyType=-1, [ Transports: WIFI Capabilities: INTERNET&NOT_RESTRICTED&TRUSTED&NOT_VPN] ]
08-24 11:54:22.989  3650  3949 D ConnectivityService: sending notification CAP_CHANGED for NetworkRequest [ id=9, legacyType=-1, [ Transports: WIFI Capabilities: INTERNET&NOT_RESTRICTED&TRUSTED&NOT_VPN] ]
08-24 11:54:22.989  3650  3949 D ConnectivityService:  sending notification for NetworkRequest [ id=2194, legacyType=-1, [ Capabilities: INTERNET&NOT_RESTRICTED&TRUSTED&NOT_VPN] ]
08-24 11:54:22.991  3650  3949 D ConnectivityService: sending notification CAP_CHANGED for NetworkRequest [ id=2194, legacyType=-1, [ Capabilities: INTERNET&NOT_RESTRICTED&TRUSTED&NOT_VPN] ]
08-24 11:54:22.991  3650  3949 D ConnectivityService:  sending notification for NetworkRequest [ id=2208, legacyType=-1, [ Capabilities: INTERNET&NOT_RESTRICTED&TRUSTED] ]
08-24 11:54:22.991  3650  3949 D ConnectivityService: sending notification CAP_CHANGED for NetworkRequest [ id=2208, legacyType=-1, [ Capabilities: INTERNET&NOT_RESTRICTED&TRUSTED] ]
08-24 11:54:22.991  3650  3949 D ConnectivityService:  sending notification for NetworkRequest [ id=2209, legacyType=-1, [ Capabilities: INTERNET&NOT_RESTRICTED&TRUSTED] ]
08-24 11:54:22.991  3650  3949 D ConnectivityService: sending notification CAP_CHANGED for NetworkRequest [ id=2209, legacyType=-1, [ Capabilities: INTERNET&NOT_RESTRICTED&TRUSTED] ]
08-24 11:54:22.991  3650  3949 D ConnectivityService:  sending notification for NetworkRequest [ id=2763, legacyType=-1, [ Capabilities: INTERNET&NOT_RESTRICTED&TRUSTED] ]
08-24 11:54:22.991  3650  3949 D ConnectivityService: sending notification CAP_CHANGED for NetworkRequest [ id=2763, legacyType=-1, [ Capabilities: INTERNET&NOT_RESTRICTED&TRUSTED] ]
08-24 11:54:23.546  3650  6921 D TelephonyManager: getAllCellInfo : Caller (PID / UID / TID): 3650 / 1000 / 6921
08-24 11:54:23.637  4668  4668 D io_stats: !@   8,0 r 76393251 2330301488 w 8510097 172221060 d 1120865 151207068 f 2587416 2587211 iot 25078510 17877462 th 61440 61440 61380 pt 3970 inp 0 0 941433.784
08-24 11:54:24.210  3650  9028 D BatteryService: !@BatteryListener : batteryPropertiesChanged!
08-24 11:54:24.213  3650  9028 D BatteryService: level:93, scale:100, status:2, health:2, present:true, voltage: 4188, temperature: 335, technology: Li-ion, AC powered:false, USB powered:true, POGO powered:false, Wireless powered:false, icon:17303690, invalid charger:0, maxChargingCurrent:0, maxChargingVoltage:0, chargeCounter:0
08-24 11:54:24.213  3650  9028 D BatteryService: online:4, current avg:-242, charge type:2, power sharing:false, high voltage charger:false, capacity:280000, batterySWSelfDischarging:false, misc_event:0, current_now:-12
08-24 11:54:24.214  3650  3650 D BatteryService: Sending ACTION_BATTERY_CHANGED.
08-24 11:54:24.228  3650  3650 V UiModeManager: updateLocked: null action, mDockState=0, category=null
08-24 11:54:24.229  3650  3650 D UiModeManager: updateConfigurationLocked: mDockState=0; mCarMode=false; mNightMode=1; uiMode=17
08-24 11:54:24.234  3650  3650 D GameManagerService: new battery level: 93
08-24 11:54:24.234  3650  3949 D ConnectivityService: updateCapabilities: oldCap = [ Transports: WIFI Capabilities: NOT_METERED&INTERNET&NOT_RESTRICTED&TRUSTED&NOT_VPN&VALIDATED LinkUpBandwidth>=1048576Kbps LinkDnBandwidth>=1048576Kbps SignalStrength: -65], newCap = [ Transports: WIFI Capabilities: NOT_METERED&INTERNET&NOT_RESTRICTED&TRUSTED&NOT_VPN LinkUpBandwidth>=1048576Kbps LinkDnBandwidth>=1048576Kbps SignalStrength: -62]
08-24 11:54:24.235  3650  3949 D ConnectivityService: rematching NetworkAgentInfo [WIFI () - 802]
08-24 11:54:24.235  3650  3949 D ConnectivityService:  network has: [ Transports: WIFI Capabilities: NOT_METERED&INTERNET&NOT_RESTRICTED&TRUSTED&NOT_VPN&VALIDATED LinkUpBandwidth>=1048576Kbps LinkDnBandwidth>=1048576Kbps SignalStrength: -62]
08-24 11:54:24.236  3650  3949 D ConnectivityService:   checking if request is satisfied: NetworkRequest [ id=2208, legacyType=-1, [ Capabilities: INTERNET&NOT_RESTRICTED&TRUSTED] ]
08-24 11:54:24.236  3650  3949 D ConnectivityService:   checking if request is satisfied: NetworkRequest [ id=2194, legacyType=-1, [ Capabilities: INTERNET&NOT_RESTRICTED&TRUSTED&NOT_VPN] ]
08-24 11:54:24.237  3650  3949 D ConnectivityService:   checking if request is satisfied: NetworkRequest [ id=6, legacyType=-1, [ Transports: CELLULAR|WIFI Capabilities: NOT_RESTRICTED&TRUSTED&NOT_VPN] ]
08-24 11:54:24.237  3650  3949 D ConnectivityService:   checking if request is satisfied: NetworkRequest [ id=8, legacyType=-1, [ Transports: WIFI Capabilities: INTERNET&NOT_RESTRICTED&TRUSTED&NOT_VPN] ]
08-24 11:54:24.237  3650  3949 D ConnectivityService:   checking if request is satisfied: NetworkRequest [ id=2763, legacyType=-1, [ Capabilities: INTERNET&NOT_RESTRICTED&TRUSTED] ]
08-24 11:54:24.238  3650  3949 D ConnectivityService:   checking if request is satisfied: NetworkRequest [ id=5, legacyType=-1, [ Transports: WIFI Capabilities: INTERNET&NOT_RESTRICTED&TRUSTED&NOT_VPN] ]
08-24 11:54:24.238  3650  3949 D ConnectivityService:   checking if request is satisfied: NetworkRequest [ id=9, legacyType=-1, [ Transports: WIFI Capabilities: INTERNET&NOT_RESTRICTED&TRUSTED&NOT_VPN] ]
08-24 11:54:24.239  3650  3949 D ConnectivityService: Network NetworkAgentInfo [WIFI () - 802] was already satisfying request 1. No change.
08-24 11:54:24.239  3650  3949 D ConnectivityService:   checking if request is satisfied: NetworkRequest [ id=3, legacyType=-1, [] ]
08-24 11:54:24.239  3650  3949 D ConnectivityService:   checking if request is satisfied: NetworkRequest [ id=4, legacyType=-1, [ Transports: CELLULAR Capabilities: INTERNET&NOT_RESTRICTED&TRUSTED&NOT_VPN] ]
08-24 11:54:24.239  3650  3949 D ConnectivityService:   checking if request is satisfied: NetworkRequest [ id=2209, legacyType=-1, [ Capabilities: INTERNET&NOT_RESTRICTED&TRUSTED] ]
08-24 11:54:24.240  3650  3949 D ConnectivityService:   checking if request is satisfied: NetworkRequest [ id=7, legacyType=-1, [] ]
08-24 11:54:24.240  3650  3949 D ConnectivityService: notifyType CAP_CHANGED for NetworkAgentInfo [WIFI () - 802]
08-24 11:54:24.241  3650  3949 D ConnectivityService:  sending notification for NetworkRequest [ id=1, legacyType=-1, [ Capabilities: INTERNET&NOT_RESTRICTED&TRUSTED&NOT_VPN] ]
08-24 11:54:24.241  3650  3949 D ConnectivityService:  sending notification for NetworkRequest [ id=3, legacyType=-1, [] ]
08-24 11:54:24.242  3650  3949 D ConnectivityService: sending notification CAP_CHANGED for NetworkRequest [ id=3, legacyType=-1, [] ]
08-24 11:54:24.243  3650  3949 D ConnectivityService:  sending notification for NetworkRequest [ id=5, legacyType=-1, [ Transports: WIFI Capabilities: INTERNET&NOT_RESTRICTED&TRUSTED&NOT_VPN] ]
08-24 11:54:24.244  3650  3949 D ConnectivityService: sending notification CAP_CHANGED for NetworkRequest [ id=5, legacyType=-1, [ Transports: WIFI Capabilities: INTERNET&NOT_RESTRICTED&TRUSTED&NOT_VPN] ]
08-24 11:54:24.244  3650  3949 D ConnectivityService:  sending notification for NetworkRequest [ id=6, legacyType=-1, [ Transports: CELLULAR|WIFI Capabilities: NOT_RESTRICTED&TRUSTED&NOT_VPN] ]
08-24 11:54:24.245  3650  3949 D ConnectivityService: sending notification CAP_CHANGED for NetworkRequest [ id=6, legacyType=-1, [ Transports: CELLULAR|WIFI Capabilities: NOT_RESTRICTED&TRUSTED&NOT_VPN] ]
08-24 11:54:24.246  4097  4097 D KeyguardUpdateMonitor: received broadcast android.intent.action.BATTERY_CHANGED
08-24 11:54:24.246  3650  3949 D ConnectivityService:  sending notification for NetworkRequest [ id=7, legacyType=-1, [] ]
08-24 11:54:24.246  4097  4097 D KeyguardUpdateMonitor: handleBatteryUpdate
08-24 11:54:24.247  3650  3949 D ConnectivityService: sending notification CAP_CHANGED for NetworkRequest [ id=7, legacyType=-1, [] ]
08-24 11:54:24.248  3650  3949 D ConnectivityService:  sending notification for NetworkRequest [ id=8, legacyType=-1, [ Transports: WIFI Capabilities: INTERNET&NOT_RESTRICTED&TRUSTED&NOT_VPN] ]
08-24 11:54:24.252  4097  4097 D PowerUI : priorPlugType = 2 mPlugType =  2
08-24 11:54:24.253  3650  3949 D ConnectivityService: sending notification CAP_CHANGED for NetworkRequest [ id=8, legacyType=-1, [ Transports: WIFI Capabilities: INTERNET&NOT_RESTRICTED&TRUSTED&NOT_VPN] ]
08-24 11:54:24.255  3650  3949 D ConnectivityService:  sending notification for NetworkRequest [ id=9, legacyType=-1, [ Transports: WIFI Capabilities: INTERNET&NOT_RESTRICTED&TRUSTED&NOT_VPN] ]
08-24 11:54:24.256  3650  3949 D ConnectivityService: sending notification CAP_CHANGED for NetworkRequest [ id=9, legacyType=-1, [ Transports: WIFI Capabilities: INTERNET&NOT_RESTRICTED&TRUSTED&NOT_VPN] ]
08-24 11:54:24.256  4097  4097 D PowerUI.Notification: showChargingNotice oldChargingType : 1 currentChargingType : 1 oldChargingTime : 2869000 mChargingTime : 2869000
08-24 11:54:24.256  4097  4097 D PowerUI.Notification: There is no change about charging status, so return!
08-24 11:54:24.257  3650  3949 D ConnectivityService:  sending notification for NetworkRequest [ id=2194, legacyType=-1, [ Capabilities: INTERNET&NOT_RESTRICTED&TRUSTED&NOT_VPN] ]
08-24 11:54:24.257  3650  3949 D ConnectivityService: sending notification CAP_CHANGED for NetworkRequest [ id=2194, legacyType=-1, [ Capabilities: INTERNET&NOT_RESTRICTED&TRUSTED&NOT_VPN] ]
08-24 11:54:24.258  3650  3949 D ConnectivityService:  sending notification for NetworkRequest [ id=2208, legacyType=-1, [ Capabilities: INTERNET&NOT_RESTRICTED&TRUSTED] ]
08-24 11:54:24.258  3650  3949 D ConnectivityService: sending notification CAP_CHANGED for NetworkRequest [ id=2208, legacyType=-1, [ Capabilities: INTERNET&NOT_RESTRICTED&TRUSTED] ]
08-24 11:54:24.259  3650  3949 D ConnectivityService:  sending notification for NetworkRequest [ id=2209, legacyType=-1, [ Capabilities: INTERNET&NOT_RESTRICTED&TRUSTED] ]
08-24 11:54:24.260  3650  3949 D ConnectivityService: sending notification CAP_CHANGED for NetworkRequest [ id=2209, legacyType=-1, [ Capabilities: INTERNET&NOT_RESTRICTED&TRUSTED] ]
08-24 11:54:24.260  4097  4097 D BatteryMeterDrawable: isSomethingChanged - false
08-24 11:54:24.260  3650  3949 D ConnectivityService:  sending notification for NetworkRequest [ id=2763, legacyType=-1, [ Capabilities: INTERNET&NOT_RESTRICTED&TRUSTED] ]
08-24 11:54:24.260  4097  4097 D BatteryMeterDrawable: isSomethingChanged - false
08-24 11:54:24.260  3650  3949 D ConnectivityService: sending notification CAP_CHANGED for NetworkRequest [ id=2763, legacyType=-1, [ Capabilities: INTERNET&NOT_RESTRICTED&TRUSTED] ]
08-24 11:54:24.263  4035  4035 V HeadsetService: HeadsetService - Received Intent.ACTION_BATTERY_CHANGED
08-24 11:54:24.264  4035  4494 D HeadsetStateMachine: Disconnected process message: 10, size: 0
08-24 11:54:24.265  4097  4097 D Tile.FlashlightTile: ACTION_BATTERY_CHANGED - Level :: 93, emEnabled :: false
08-24 11:54:24.283  4097  4390 D NetworkController: onReceive: intent=Intent { act=android.net.wifi.RSSI_CHANGED flg=0x4000010 launchParam=MultiScreenLaunchParams { mDisplayId=0 mFlags=0 } bqHint=1 (has extras) }
