08-23 16:34:10.908  3650  3921 D WifiStateMachine: 24GHz mQnsLowerRssiThreshold is recovered, currentRssi = -58
08-23 16:34:11.005  3650  9027 D BatteryService: !@BatteryListener : batteryPropertiesChanged!
08-23 16:34:11.005  3650  9027 D BatteryService: level:48, scale:100, status:2, health:2, present:true, voltage: 3934, temperature: 348, technology: Li-ion, AC powered:false, USB powered:true, POGO powered:false, Wireless powered:false, icon:17303690, invalid charger:0, maxChargingCurrent:0, maxChargingVoltage:0, chargeCounter:0
08-23 16:34:11.005  3650  9027 D BatteryService: online:6, current avg:540, charge type:1, power sharing:false, high voltage charger:false, capacity:280000, batterySWSelfDischarging:false, misc_event:0, current_now:570
08-23 16:34:11.006  3650  3650 D BatteryService: Sending ACTION_BATTERY_CHANGED.
08-23 16:34:11.012  3650  3650 V UiModeManager: updateLocked: null action, mDockState=0, category=null
08-23 16:34:11.013  3650  3650 D UiModeManager: updateConfigurationLocked: mDockState=0; mCarMode=false; mNightMode=1; uiMode=17
08-23 16:34:11.015  3650  3650 D GameManagerService: new battery level: 48
08-23 16:34:11.019  4097  4097 D KeyguardUpdateMonitor: received broadcast android.intent.action.BATTERY_CHANGED
08-23 16:34:11.019  4097  4097 D KeyguardUpdateMonitor: handleBatteryUpdate
08-23 16:34:11.022  4097  4097 D PowerUI : priorPlugType = 2 mPlugType =  2
08-23 16:34:11.025  4097  4097 D PowerUI.Notification: showChargingNotice oldChargingType : 1 currentChargingType : 1 oldChargingTime : 5924000 mChargingTime : 5924000
08-23 16:34:11.025  4097  4097 D PowerUI.Notification: There is no change about charging status, so return!
08-23 16:34:11.027  4097  4097 D BatteryMeterDrawable: isSomethingChanged - false
08-23 16:34:11.028  4097  4097 D BatteryMeterDrawable: isSomethingChanged - false
08-23 16:34:11.033  4035  4035 V HeadsetService: HeadsetService - Received Intent.ACTION_BATTERY_CHANGED
08-23 16:34:11.033  4035  4494 D HeadsetStateMachine: Disconnected process message: 10, size: 0
08-23 16:34:11.045  4097  4097 D Tile.FlashlightTile: ACTION_BATTERY_CHANGED - Level :: 48, emEnabled :: false
08-23 16:34:11.193  3650  9028 D CompatibilityInfo: mCompatibilityFlags - 0
08-23 16:34:11.193  3650  9028 D CompatibilityInfo: applicationDensity - 640
08-23 16:34:11.193  3650  9028 D CompatibilityInfo: applicationScale - 1.0
08-23 16:34:11.249  3650 27694 D CompatibilityInfo: mCompatibilityFlags - 0
08-23 16:34:11.249  3650 27694 D CompatibilityInfo: applicationDensity - 640
08-23 16:34:11.249  3650 27694 D CompatibilityInfo: applicationScale - 1.0
08-23 16:34:11.276  6159  6432 I System.out: (HTTPLog)-Static: isSBSettingEnabled false
08-23 16:34:11.277  6159  6432 I System.out: (HTTPLog)-Static: isSBSettingEnabled false
08-23 16:34:11.280  3145  3642 D EnterpriseController: netId is 0
08-23 16:34:11.280  3145  3642 D Netd    : getNetworkForDns: using netid 792 for uid 10358
08-23 16:34:11.280  3145  3642 D DnsProxyListener: DNSDBG::dns addrinfo af 2
08-23 16:34:11.282  3145  3638 E NetlinkEvent: NetlinkEvent::FindParam(): Parameter 'LABEL' not found
08-23 16:34:11.282  3145  3638 E NetlinkEvent: NetlinkEvent::FindParam(): Parameter 'UID' not found
08-23 16:34:11.692  3650  6921 D SSRM:t  : SIOP:: AP = 380, PST = 432 (W:10), CP = 324, CUR = 538, LCD = 82
08-23 16:34:13.937  3650  3921 D WifiStateMachine: Current network is: "Motul" , ID is: 39
08-23 16:34:13.953 12960 13014 E GeoNet - UALib: Channel registration failed, will retry.
08-23 16:34:13.985  3650  4311 D SamsungAlarmManager: setInexact Intent (T:3/F:0/AC:false) 20170823T163453 - CU:10343/CP:12960
08-23 16:34:13.986  3650  4311 I SamsungAlarmManager: setLocked to kernel - T:2 / 20170823T163453, SetElapsed=2680812678, nowELAPSED=2680772702
08-23 16:34:14.028 12960 13014 I System.out: (HTTPLog)-Static: isSBSettingEnabled false
08-23 16:34:14.029 12960 13014 I System.out: (HTTPLog)-Static: isSBSettingEnabled false
08-23 16:34:14.036  3145  3642 D EnterpriseController: netId is 0
08-23 16:34:14.036  3145  3642 D Netd    : getNetworkForDns: using netid 792 for uid 10343
08-23 16:34:14.036  3145  3642 D DnsProxyListener: DNSDBG::dns addrinfo af 2
08-23 16:34:15.041 17567 17609 I System.out: (HTTPLog)-Static: isSBSettingEnabled false
08-23 16:34:15.043 17567 17609 I System.out: (HTTPLog)-Static: isSBSettingEnabled false
08-23 16:34:15.883  4668  4668 D io_stats: !@   8,0 r 71579633 2179751588 w 8060380 161226772 d 1074298 145531304 f 2409037 2408832 iot 23635990 16780509 th 61440 61440 61484 pt 400 inp 0 0 899571.450
08-23 16:34:16.951  3650  3921 D WifiStateMachine: Current network is: "Motul" , ID is: 39
08-23 16:34:16.951  3650  3921 D WifiStateMachine: 24GHz mQnsLowerRssiThreshold is recovered, currentRssi = -59
08-23 16:34:19.969  3650  3921 D WifiStateMachine: Current network is: "Motul" , ID is: 39
08-23 16:34:19.969  3650  3921 D WifiStateMachine: 24GHz mQnsLowerRssiThreshold is recovered, currentRssi = -59
08-23 16:34:20.889  4668  4668 D io_stats: !@   8,0 r 71579633 2179751588 w 8060392 161226884 d 1074298 145531304 f 2409045 2408840 iot 23636010 16780517 th 61440 61440 61484 pt 400 inp 0 0 899576.456
08-23 16:34:21.068  3650 29598 D BatteryService: !@BatteryListener : batteryPropertiesChanged!
08-23 16:34:21.069  3650 29598 D BatteryService: level:48, scale:100, status:2, health:2, present:true, voltage: 3939, temperature: 347, technology: Li-ion, AC powered:false, USB powered:true, POGO powered:false, Wireless powered:false, icon:17303690, invalid charger:0, maxChargingCurrent:0, maxChargingVoltage:0, chargeCounter:0
08-23 16:34:21.070  3650 29598 D BatteryService: online:6, current avg:558, charge type:1, power sharing:false, high voltage charger:false, capacity:280000, batterySWSelfDischarging:false, misc_event:0, current_now:596
08-23 16:34:21.070  3650  3650 D BatteryService: Sending ACTION_BATTERY_CHANGED.
08-23 16:34:21.088  3650  3650 V UiModeManager: updateLocked: null action, mDockState=0, category=null
08-23 16:34:21.088  3650  3650 D UiModeManager: updateConfigurationLocked: mDockState=0; mCarMode=false; mNightMode=1; uiMode=17
08-23 16:34:21.094  3650  3650 D GameManagerService: new battery level: 48
08-23 16:34:21.099  4097  4097 D KeyguardUpdateMonitor: received broadcast android.intent.action.BATTERY_CHANGED
08-23 16:34:21.100  4097  4097 D KeyguardUpdateMonitor: handleBatteryUpdate
08-23 16:34:21.106  4097  4097 D PowerUI : priorPlugType = 2 mPlugType =  2
08-23 16:34:21.110  4097  4097 D PowerUI.Notification: showChargingNotice oldChargingType : 1 currentChargingType : 1 oldChargingTime : 5924000 mChargingTime : 5914000
08-23 16:34:21.110  4097  4097 D PowerUI.Notification: showChargingNotification()
08-23 16:34:21.116  4035  4035 V HeadsetService: HeadsetService - Received Intent.ACTION_BATTERY_CHANGED
08-23 16:34:21.117  4035  4494 D HeadsetStateMachine: Disconnected process message: 10, size: 0
08-23 16:34:21.135  3650  6039 D ApplicationPolicy: isStatusBarNotificationAllowedAsUser: packageName = com.android.systemui,userId = -1
08-23 16:34:21.138  4097  4097 D BatteryMeterDrawable: isSomethingChanged - false
08-23 16:34:21.139  4097  4097 D BatteryMeterDrawable: isSomethingChanged - false
08-23 16:34:21.140  4097  4097 D Tile.FlashlightTile: ACTION_BATTERY_CHANGED - Level :: 48, emEnabled :: false
08-23 16:34:21.725  3650  6921 D SSRM:t  : SIOP:: AP = 380, PST = 425 (W:10), CP = 322, CUR = 556, LCD = 82
08-23 16:34:22.990  3650  3921 D WifiStateMachine: Current network is: "Motul" , ID is: 39
08-23 16:34:24.498 27051 27068 D ContactsProvider_EventLog: contents_sample_state: [ contacts(68) data(605) accounts({com.whatsapp (23)=14, com.google (2)=68}) accounts deleted({}) calls([logtype:100 cnt:392, logtype:300 cnt:25, logtype:500 cnt:2]) countryIso(MX) userId(0)  ]
08-23 16:34:24.498 27051 27068 D ContactsProvider_EventLog: contents_sample_state: [ agr({[2]=54, [2 ,23]=14})  ]
08-23 16:34:24.498 27051 27068 D ContactsProvider_EventLog: contents_sample_state: [ actCnt({android.process.acore=1})  ]
08-23 16:34:24.504 27051 27068 E ContactsProvider_EventLog: Flush buffer to file cnt : 1 size : 0Kb duration : 5ms lastUpdatedAfter : 60102 ms mFlush_time_threasold : 2000 mCurrentSize : 378
08-23 16:34:25.164 17567 17609 E Fabric  : Settings request failed.
08-23 16:34:25.164 17567 17609 E Fabric  : io.fabric.sdk.android.services.network.HttpRequest$HttpRequestException: java.net.SocketTimeoutException: connect timed out
08-23 16:34:25.164 17567 17609 E Fabric  : 	at io.fabric.sdk.android.services.network.HttpRequest.code(HttpRequest.java:1355)
08-23 16:34:25.164 17567 17609 E Fabric  : 	at io.fabric.sdk.android.services.settings.DefaultSettingsSpiCall.handleResponse(DefaultSettingsSpiCall.java:106)
08-23 16:34:25.164 17567 17609 E Fabric  : 	at io.fabric.sdk.android.services.settings.DefaultSettingsSpiCall.invoke(DefaultSettingsSpiCall.java:90)
08-23 16:34:25.164 17567 17609 E Fabric  : 	at io.fabric.sdk.android.services.settings.DefaultSettingsController.loadSettingsData(DefaultSettingsController.java:80)
08-23 16:34:25.164 17567 17609 E Fabric  : 	at io.fabric.sdk.android.services.settings.DefaultSettingsController.loadSettingsData(DefaultSettingsController.java:64)
08-23 16:34:25.164 17567 17609 E Fabric  : 	at io.fabric.sdk.android.services.settings.Settings.loadSettingsData(Settings.java:155)
08-23 16:34:25.164 17567 17609 E Fabric  : 	at io.fabric.sdk.android.Onboarding.retrieveSettingsData(Onboarding.java:126)
08-23 16:34:25.164 17567 17609 E Fabric  : 	at io.fabric.sdk.android.Onboarding.doInBackground(Onboarding.java:99)
08-23 16:34:25.164 17567 17609 E Fabric  : 	at io.fabric.sdk.android.Onboarding.doInBackground(Onboarding.java:45)
08-23 16:34:25.164 17567 17609 E Fabric  : 	at io.fabric.sdk.android.InitializationTask.doInBackground(InitializationTask.java:63)
08-23 16:34:25.164 17567 17609 E Fabric  : 	at io.fabric.sdk.android.InitializationTask.doInBackground(InitializationTask.java:28)
08-23 16:34:25.164 17567 17609 E Fabric  : 	at io.fabric.sdk.android.services.concurrency.AsyncTask$2.call(AsyncTask.java:311)
08-23 16:34:25.164 17567 17609 E Fabric  : 	at java.util.concurrent.FutureTask.run(FutureTask.java:237)
08-23 16:34:25.164 17567 17609 E Fabric  : 	at java.util.concurrent.Executors$RunnableAdapter.call(Executors.java:428)
08-23 16:34:25.164 17567 17609 E Fabric  : 	at java.util.concurrent.FutureTask.run(FutureTask.java:237)
08-23 16:34:25.164 17567 17609 E Fabric  : 	at java.util.concurrent.ThreadPoolExecutor.runWorker(ThreadPoolExecutor.java:1133)
08-23 16:34:25.164 17567 17609 E Fabric  : 	at java.util.concurrent.ThreadPoolExecutor$Worker.run(ThreadPoolExecutor.java:607)
08-23 16:34:25.164 17567 17609 E Fabric  : 	at java.lang.Thread.run(Thread.java:762)
08-23 16:34:25.164 17567 17609 E Fabric  : Caused by: java.net.SocketTimeoutException: connect timed out
08-23 16:34:25.164 17567 17609 E Fabric  : 	at java.net.PlainSocketImpl.socketConnect(Native Method)
08-23 16:34:25.164 17567 17609 E Fabric  : 	at java.net.AbstractPlainSocketImpl.doConnect(AbstractPlainSocketImpl.java:334)
08-23 16:34:25.164 17567 17609 E Fabric  : 	at java.net.AbstractPlainSocketImpl.connectToAddress(AbstractPlainSocketImpl.java:196)
08-23 16:34:25.164 17567 17609 E Fabric  : 	at java.net.AbstractPlainSocketImpl.connect(AbstractPlainSocketImpl.java:178)
08-23 16:34:25.164 17567 17609 E Fabric  : 	at java.net.SocksSocketImpl.connect(SocksSocketImpl.java:356)
08-23 16:34:25.164 17567 17609 E Fabric  : 	at java.net.Socket.connect(Socket.java:586)
08-23 16:34:25.164 17567 17609 E Fabric  : 	at com.android.okhttp.internal.Platform.connectSocket(Platform.java:113)
08-23 16:34:25.164 17567 17609 E Fabric  : 	at com.android.okhttp.Connection.connectSocket(Connection.java:1455)
08-23 16:34:25.164 17567 17609 E Fabric  : 	at com.android.okhttp.Connection.connect(Connection.java:1413)
08-23 16:34:25.164 17567 17609 E Fabric  : 	at com.android.okhttp.Connection.connectAndSetOwner(Connection.java:1707)
08-23 16:34:25.164 17567 17609 E Fabric  : 	at com.android.okhttp.OkHttpClient$1.connectAndSetOwner(OkHttpClient.java:133)
08-23 16:34:25.164 17567 17609 E Fabric  : 	at com.android.okhttp.internal.http.HttpEngine.connect(HttpEngine.java:466)
08-23 16:34:25.164 17567 17609 E Fabric  : 	at com.android.okhttp.internal.http.HttpEngine.sendRequest(HttpEngine.java:371)
08-23 16:34:25.164 17567 17609 E Fabric  : 	at com.android.okhttp.internal.huc.HttpURLConnectionImpl.execute(HttpURLConnectionImpl.java:503)
08-23 16:34:25.164 17567 17609 E Fabric  : 	at com.android.okhttp.internal.huc.HttpURLConnectionImpl.getResponse(HttpURLConnectionImpl.java:438)
08-23 16:34:25.164 17567 17609 E Fabric  : 	at com.android.okhttp.internal.huc.HttpURLConnectionImpl.getResponseCode(HttpURLConnectionImpl.java:567)
08-23 16:34:25.164 17567 17609 E Fabric  : 	at com.android.okhttp.internal.huc.DelegatingHttpsURLConnection.getResponseCode(DelegatingHttpsURLConnection.java:105)
08-23 16:34:25.164 17567 17609 E Fabric  : 	at com.android.okhttp.internal.huc.HttpsURLConnectionImpl.getResponseCode(HttpsURLConnectionImpl.java)
08-23 16:34:25.164 17567 17609 E Fabric  : 	at io.fabric.sdk.android.services.network.HttpRequest.code(HttpRequest.java:1353)
08-23 16:34:25.164 17567 17609 E Fabric  : 	... 17 more
08-23 16:34:25.892  4668  4668 D io_stats: !@   8,0 r 71579914 2179762284 w 8060445 161227396 d 1074299 145531308 f 2409071 2408866 iot 23636200 16780620 th 61440 61440 61484 pt 400 inp 0 0 899581.460
08-23 16:34:26.001  3650  3921 D WifiStateMachine: Current network is: "Motul" , ID is: 39
08-23 16:34:26.001  3650  3921 D WifiStateMachine: 24GHz mQnsLowerRssiThreshold is recovered, currentRssi = -59
08-23 16:34:29.026  3650  3921 D WifiStateMachine: Current network is: "Motul" , ID is: 39
08-23 16:34:29.026  3650  3921 D WifiStateMachine: 24GHz mQnsLowerRssiThreshold is recovered, currentRssi = -59
08-23 16:34:30.728  3111  3151 D Sensorhubs: readLargeContextData: 1, 1, 26, 4, 4, -114, -41, 99, 1, 1, 1, 18, 79, -118
08-23 16:34:30.746  3650  3833 D SensorHubManager: onGetSensorHubDataLocked: library(14) = 1, 1, 26, 4, 4, -114, -41, 99, 1, 1, 1, 18, 79, -118
08-23 16:34:30.792  3650  3832 D CAE     : onGetSensorHubData(SensorHubParserProvider.java:94) - onGetSensorHubData Event [event buffer len :14], AP_WAKEUP
08-23 16:34:30.794  3650  3832 I CAE     : parse(SensorHubParserProvider.java:196) - buffer size = 14
08-23 16:34:30.800  3650  3832 I CAE     : parse(SensorHubParserProvider.java:207) - 1, 1, 26, 4, 4, -114, -41, 99, 1, 1, 1, 18, 79, -118,
08-23 16:34:30.809  3650  3832 W CAE     : parse(ActivityTrackerBatchRunner.java:236) - parse start
08-23 16:34:30.817  3650  3832 I CAE     : getMostActivity(ActivityTrackerBatchRunner.java:321) - size:0
08-23 16:34:30.823  3650  3832 D CAE     : display(ContextProvider.java:375) - ================= ACTIVITY_TRACKER_BATCH =================
08-23 16:34:30.826  3650  3832 I CAE     : display(ContextProvider.java:391) - Accuracy=[1], Duration=[1200010], Count=[1], OperationMode=[2], ActivityType=[1], MostActivity=[1], TimeStamp=[1503522870115]
08-23 16:34:30.830  3650  3832 W CAE     : parse(ActivityTrackerBatchRunner.java:307) - parse end
08-23 16:34:30.865  3650  3835 D SemContextService: updateContext() : event = Activity Batch
08-23 16:34:30.871  3650  3650 D SemContextManager: onSemContextChanged() : event = Activity Batch
08-23 16:34:30.872  3650  3650 D SLocation: TYPE_ACTIVITY_BATCH [2]
08-23 16:34:30.880  3650  4251 D SLocation: last acc 27666.086
08-23 16:34:30.897  4668  4668 D io_stats: !@   8,0 r 71579997 2179766228 w 8060452 161227512 d 1074315 145531384 f 2409072 2408867 iot 23636270 16780659 th 61440 61440 61484 pt 400 inp 0 0 899586.464
08-23 16:34:31.123  3650 27691 D BatteryService: !@BatteryListener : batteryPropertiesChanged!
08-23 16:34:31.125  3650 27691 D BatteryService: level:48, scale:100, status:2, health:2, present:true, voltage: 3925, temperature: 347, technology: Li-ion, AC powered:false, USB powered:true, POGO powered:false, Wireless powered:false, icon:17303690, invalid charger:0, maxChargingCurrent:0, maxChargingVoltage:0, chargeCounter:0
08-23 16:34:31.125  3650 27691 D BatteryService: online:6, current avg:560, charge type:1, power sharing:false, high voltage charger:false, capacity:280000, batterySWSelfDischarging:false, misc_event:0, current_now:592
08-23 16:34:31.126  3650  3650 D BatteryService: Sending ACTION_BATTERY_CHANGED.
08-23 16:34:31.141  3650  3650 V UiModeManager: updateLocked: null action, mDockState=0, category=null
08-23 16:34:31.141  3650  3650 D UiModeManager: updateConfigurationLocked: mDockState=0; mCarMode=false; mNightMode=1; uiMode=17
08-23 16:34:31.147  3650  3650 D GameManagerService: new battery level: 48
08-23 16:34:31.157  4097  4097 D KeyguardUpdateMonitor: received broadcast android.intent.action.BATTERY_CHANGED
08-23 16:34:31.158  4097  4097 D KeyguardUpdateMonitor: handleBatteryUpdate
08-23 16:34:31.165  4097  4097 D PowerUI : priorPlugType = 2 mPlugType =  2
08-23 16:34:31.170  4097  4097 D PowerUI.Notification: showChargingNotice oldChargingType : 1 currentChargingType : 1 oldChargingTime : 5914000 mChargingTime : 5899000
08-23 16:34:31.170  4097  4097 D PowerUI.Notification: showChargingNotification()
08-23 16:34:31.180  4035  4035 V HeadsetService: HeadsetService - Received Intent.ACTION_BATTERY_CHANGED
08-23 16:34:31.181  4035  4494 D HeadsetStateMachine: Disconnected process message: 10, size: 0
08-23 16:34:31.202  3650 15027 D ApplicationPolicy: isStatusBarNotificationAllowedAsUser: packageName = com.android.systemui,userId = -1
08-23 16:34:31.206  4097  4097 D BatteryMeterDrawable: isSomethingChanged - false
08-23 16:34:31.207  4097  4097 D BatteryMeterDrawable: isSomethingChanged - false
08-23 16:34:31.210  4097  4097 D Tile.FlashlightTile: ACTION_BATTERY_CHANGED - Level :: 48, emEnabled :: false
08-23 16:34:31.766  3650  6921 D SSRM:t  : SIOP:: AP = 370, PST = 418 (W:10), CP = 320, CUR = 559, LCD = 82
08-23 16:34:32.052  3650  3921 D WifiStateMachine: Current network is: "Motul" , ID is: 39
08-23 16:34:33.499  4097  4390 D NetworkController.MobileSignalController(0/2): onSignalStrengthsChanged signalStrength=SignalStrength: 6 99 -8 -200 -8 -200 -1 99 -100 -6 60 2 2147483647 0x3000 gsm|lte level=3
08-23 16:34:33.500  4097  4390 D NetworkController.MobileSignalController(0/2): getMobileIconGroup(): 13
08-23 16:34:33.502  4035  4035 D HeadsetPhoneState: Signal level : previous=2 curr=3
08-23 16:34:33.502  4035  4035 D HeadsetPhoneState: sendDeviceStateChanged. mService=1 mSignal=3 mRoam=0 mBatteryCharge=2
08-23 16:34:33.503  4035  4494 D HeadsetStateMachine: Disconnected process message: 11, size: 0
08-23 16:34:33.503  4035  4494 E HeadsetStateMachine: Unknown message: 11
08-23 16:34:33.514  4035  4035 D HeadsetPhoneState: Signal level : previous=3 curr=3
08-23 16:34:33.516  4097  4390 D NetworkController.MobileSignalController(0/2): onSignalStrengthsChanged signalStrength=SignalStrength: 6 99 -6 -200 -6 -200 -1 11 -100 -6 60 2 2147483647 0x3000 gsm|lte level=3
08-23 16:34:33.516  4097  4390 D NetworkController.MobileSignalController(0/2): getMobileIconGroup(): 13
08-23 16:34:35.073  3650  3921 D WifiStateMachine: Current network is: "Motul" , ID is: 39
08-23 16:34:35.903  4668  4668 D io_stats: !@   8,0 r 71580002 2179766332 w 8060479 161227640 d 1074315 145531384 f 2409076 2408871 iot 23636290 16780664 th 61440 61440 61484 pt 400 inp 0 0 899591.470
08-23 16:34:38.097  3650  3921 D WifiStateMachine: Current network is: "Motul" , ID is: 39
08-23 16:34:39.098  3650  4234 E Watchdog: !@Sync 29979 [23_Aug_16_34_39.097]
08-23 16:34:40.909  4668  4668 D io_stats: !@   8,0 r 71580002 2179766332 w 8060480 161227656 d 1074315 145531384 f 2409077 2408872 iot 23636290 16780665 th 61440 61440 61484 pt 400 inp 0 0 899596.476
08-23 16:34:41.119  3650  3921 D WifiStateMachine: Current network is: "Motul" , ID is: 39
08-23 16:34:41.178  3650  6039 D BatteryService: !@BatteryListener : batteryPropertiesChanged!
08-23 16:34:41.179  3650  6039 D BatteryService: level:48, scale:100, status:2, health:2, present:true, voltage: 3942, temperature: 346, technology: Li-ion, AC powered:false, USB powered:true, POGO powered:false, Wireless powered:false, icon:17303690, invalid charger:0, maxChargingCurrent:0, maxChargingVoltage:0, chargeCounter:0
08-23 16:34:41.179  3650  6039 D BatteryService: online:6, current avg:569, charge type:1, power sharing:false, high voltage charger:false, capacity:280000, batterySWSelfDischarging:false, misc_event:0, current_now:595
08-23 16:34:41.179  3650  3650 D BatteryService: Sending ACTION_BATTERY_CHANGED.
08-23 16:34:41.189  3650  3650 V UiModeManager: updateLocked: null action, mDockState=0, category=null
08-23 16:34:41.190  3650  3650 D UiModeManager: updateConfigurationLocked: mDockState=0; mCarMode=false; mNightMode=1; uiMode=17
08-23 16:34:41.194  3650  3650 D GameManagerService: new battery level: 48
08-23 16:34:41.200  4097  4097 D KeyguardUpdateMonitor: received broadcast android.intent.action.BATTERY_CHANGED
08-23 16:34:41.200  4097  4097 D KeyguardUpdateMonitor: handleBatteryUpdate
08-23 16:34:41.205  4097  4097 D PowerUI : priorPlugType = 2 mPlugType =  2
08-23 16:34:41.207  4097  4097 D PowerUI.Notification: showChargingNotice oldChargingType : 1 currentChargingType : 1 oldChargingTime : 5899000 mChargingTime : 5899000
08-23 16:34:41.207  4097  4097 D PowerUI.Notification: There is no change about charging status, so return!
08-23 16:34:41.214  4035  4035 V HeadsetService: HeadsetService - Received Intent.ACTION_BATTERY_CHANGED
08-23 16:34:41.214  4097  4097 D BatteryMeterDrawable: isSomethingChanged - false
08-23 16:34:41.214  4035  4494 D HeadsetStateMachine: Disconnected process message: 10, size: 0
08-23 16:34:41.215  4097  4097 D BatteryMeterDrawable: isSomethingChanged - false
08-23 16:34:41.232  4097  4097 D Tile.FlashlightTile: ACTION_BATTERY_CHANGED - Level :: 48, emEnabled :: false
08-23 16:34:41.798  3650  6921 D SSRM:t  : SIOP:: AP = 370, PST = 404 (W:12), CP = 319, CUR = 568, LCD = 82
08-23 16:34:44.131  3650  3921 D WifiStateMachine: Current network is: "Motul" , ID is: 39
08-23 16:34:45.916  4668  4668 D io_stats: !@   8,0 r 71580002 2179766332 w 8060497 161227796 d 1074315 145531384 f 2409085 2408880 iot 23636300 16780670 th 61440 61440 61484 pt 400 inp 0 0 899601.483
08-23 16:34:47.155  3650  3921 D WifiStateMachine: Current network is: "Motul" , ID is: 39
08-23 16:34:47.580  4097  4390 D NetworkController.MobileSignalController(0/2): onSignalStrengthsChanged signalStrength=SignalStrength: 6 99 -4 -200 -4 -200 -1 99 -101 -6 140 2 2147483647 0x2000 gsm|lte level=2
08-23 16:34:47.580  4097  4390 D NetworkController.MobileSignalController(0/2): getMobileIconGroup(): 13
08-23 16:34:47.582  4035  4035 D HeadsetPhoneState: Signal level : previous=3 curr=2
08-23 16:34:47.583  4035  4035 D HeadsetPhoneState: sendDeviceStateChanged. mService=1 mSignal=2 mRoam=0 mBatteryCharge=2
08-23 16:34:47.583  4035  4494 D HeadsetStateMachine: Disconnected process message: 11, size: 0
08-23 16:34:47.584  4035  4494 E HeadsetStateMachine: Unknown message: 11
08-23 16:34:47.593  4035  4035 D HeadsetPhoneState: Signal level : previous=2 curr=2
08-23 16:34:47.596  4097  4390 D NetworkController.MobileSignalController(0/2): onSignalStrengthsChanged signalStrength=SignalStrength: 6 99 -6 -200 -6 -200 -1 10 -101 -6 140 2 2147483647 0x2000 gsm|lte level=2
08-23 16:34:47.596  4097  4390 D NetworkController.MobileSignalController(0/2): getMobileIconGroup(): 13
08-23 16:34:48.859  4097  4390 D NetworkController.MobileSignalController(0/2): onSignalStrengthsChanged signalStrength=SignalStrength: 6 99 -8 -200 -8 -200 -1 99 -100 -6 110 2 2147483647 0x3000 gsm|lte level=3
08-23 16:34:48.860  4035  4035 D HeadsetPhoneState: Signal level : previous=2 curr=3
08-23 16:34:48.861  4035  4035 D HeadsetPhoneState: sendDeviceStateChanged. mService=1 mSignal=3 mRoam=0 mBatteryCharge=2
08-23 16:34:48.860  4097  4390 D NetworkController.MobileSignalController(0/2): getMobileIconGroup(): 13
08-23 16:34:48.862  4035  4494 D HeadsetStateMachine: Disconnected process message: 11, size: 0
08-23 16:34:48.862  4035  4494 E HeadsetStateMachine: Unknown message: 11
08-23 16:34:48.870  4035  4035 D HeadsetPhoneState: Signal level : previous=3 curr=3
08-23 16:34:48.876  4097  4390 D NetworkController.MobileSignalController(0/2): onSignalStrengthsChanged signalStrength=SignalStrength: 6 99 -6 -200 -6 -200 -1 11 -100 -6 110 2 2147483647 0x3000 gsm|lte level=3
08-23 16:34:48.876  4097  4390 D NetworkController.MobileSignalController(0/2): getMobileIconGroup(): 13
08-23 16:34:50.180  3650  3921 D WifiStateMachine: Current network is: "Motul" , ID is: 39
08-23 16:34:50.180  3650  3921 D WifiStateMachine: 24GHz mQnsLowerRssiThreshold is recovered, currentRssi = -59
08-23 16:34:50.922  4668  4668 D io_stats: !@   8,0 r 71580002 2179766332 w 8060498 161227812 d 1074315 145531384 f 2409086 2408881 iot 23636300 16780671 th 61440 61440 61484 pt 400 inp 0 0 899606.489
08-23 16:34:51.238  3650  3982 D BatteryService: !@BatteryListener : batteryPropertiesChanged!
08-23 16:34:51.239  3650  3982 D BatteryService: level:49, scale:100, status:2, health:2, present:true, voltage: 3944, temperature: 346, technology: Li-ion, AC powered:false, USB powered:true, POGO powered:false, Wireless powered:false, icon:17303690, invalid charger:0, maxChargingCurrent:0, maxChargingVoltage:0, chargeCounter:0
08-23 16:34:51.240  3650  3982 D BatteryService: online:6, current avg:568, charge type:1, power sharing:false, high voltage charger:false, capacity:280000, batterySWSelfDischarging:false, misc_event:0, current_now:616
08-23 16:34:51.240  3650  3650 D BatteryService: Sending ACTION_BATTERY_CHANGED.
08-23 16:34:51.249  3650  3679 D PowerManagerService: [PSM] lowPowerModeEnabled: false (mLowPowerModeSetting: false, mIsPowered: true, mAutoLowPowerModeConfigured: false, mBatteryLevel: 49, mLowBatteryTriggerLevel: 0, mUltraPowerSavingModeEnabled: false, mEmergencyModeEnabled: false)
08-23 16:34:51.252  3650  3650 D NetworkPolicy: mChargingStateReceiver: newState(true), oldState(false)
08-23 16:34:51.262  4097  4097 D KeyguardUpdateMonitor: received broadcast android.intent.action.BATTERY_CHANGED
08-23 16:34:51.262  4097  4097 D KeyguardUpdateMonitor: handleBatteryUpdate
08-23 16:34:51.270  3650  3670 E BatteryStatsService: no controller energy info supplied
08-23 16:34:51.270  4097  4097 D PowerUI : priorPlugType = 2 mPlugType =  2
08-23 16:34:51.273  4097  4097 D PowerUI.Notification: showChargingNotice oldChargingType : 1 currentChargingType : 1 oldChargingTime : 5899000 mChargingTime : 5888000
08-23 16:34:51.273  4097  4097 D PowerUI.Notification: showChargingNotification()
08-23 16:34:51.283  4035  4035 V HeadsetService: HeadsetService - Received Intent.ACTION_BATTERY_CHANGED
08-23 16:34:51.284  4035  4494 D HeadsetStateMachine: Disconnected process message: 10, size: 0
08-23 16:34:51.299  3650 27692 D ApplicationPolicy: isStatusBarNotificationAllowedAsUser: packageName = com.android.systemui,userId = -1
08-23 16:34:51.304  4097  4097 D BatteryMeterDrawable: isSomethingChanged - true
08-23 16:34:51.305  4097  4097 D BatteryMeterDrawable: isSomethingChanged - true
08-23 16:34:51.306  3650  3650 D MountService: getExternalStorageMountMode : 1
08-23 16:34:51.306  3650  3650 D MountService: getExternalStorageMountMode : 3
08-23 16:34:51.306  4097  4097 D Tile.FlashlightTile: ACTION_BATTERY_CHANGED - Level :: 49, emEnabled :: false
08-23 16:34:51.306  8847  8847 E MtpServerJNI: server is null in send_object_removed
08-23 16:34:51.306  3650  3650 D MountService: getExternalStorageMountMode : final mountMode=1, uid : 10288, packageName : com.google.android.apps.photos
08-23 16:34:51.325  4035  4220 W bt_btif : btif_dm_upstreams_cback  ev: BTA_DM_ENER_INFO_READ
08-23 16:34:51.326  3650  3650 I ActivityManager: Start proc 17897:com.google.android.apps.photos/u0a288 for service com.google.android.apps.photos/.camerashortcut.CameraShortcutJobSchedulerService
08-23 16:34:51.330 17897 17897 E Zygote  : v2
08-23 16:34:51.330 17897 17897 I libpersona: KNOX_SDCARD checking this for 10288
08-23 16:34:51.330 17897 17897 I libpersona: KNOX_SDCARD not a persona
08-23 16:34:51.332 17897 17897 E Zygote  : accessInfo : 0
08-23 16:34:51.332  3650  3650 E BatteryStatsService: power: Missing API
08-23 16:34:51.334 17897 17897 W SELinux : SELinux selinux_android_compute_policy_index : Policy Index[2],  Con:u:r:zygote:s0 RAM:SEPF_SECMOBILE_7.0_0005, [-1 -1 -4 -1 0 1]
08-23 16:34:51.337 17897 17897 I SELinux : SELinux: seapp_context_lookup: seinfo=untrusted, level=s0:c512,c768, pkgname=com.google.android.apps.photos 
08-23 16:34:51.395 17897 17897 D TimaKeyStoreProvider: TimaKeyStore is not enabled: cannot add TimaSignature Service and generateKeyPair Service
08-23 16:34:51.429  3650  3666 D NetworkPolicy: setRestrictBackgroundLocked(): false
08-23 16:34:51.444  3650  3666 W NetworkManagement: setDataSaverMode(): already false
08-23 16:34:51.446  3650  3666 D NtpTrustedTime: currentTimeMillis() cache hit
08-23 16:34:51.453  3650  3666 V NetworkPolicy: updateNotificationsLocked() - totalBytes : 0, policy : NetworkPolicy[NetworkTemplate: matchRule=PROXY, subscriberId=530052..., matchSubscriberIds=[530052...]]: cycleDay=1, cycleTimezone=Pacific/Auckland, warningBytes=-1, limitBytes=-1, lastWarningSnooze=-1, lastLimitSnooze=-1, metered=true, inferred=true
08-23 16:34:51.466  3650  3666 V NetworkPolicy: updateNotificationsLocked() - totalBytes : 0, policy : NetworkPolicy[NetworkTemplate: matchRule=PROXY, subscriberId=334020..., matchSubscriberIds=[334020...]]: cycleDay=1, cycleTimezone=America/Mexico_City, warningBytes=-1, limitBytes=-1, lastWarningSnooze=-1, lastLimitSnooze=-1, metered=true, inferred=true
08-23 16:34:51.474  3650  3666 V NetworkPolicy: updateNotificationsLocked() - totalBytes : 1175515175, policy : NetworkPolicy[NetworkTemplate: matchRule=MOBILE_ALL, subscriberId=334020..., matchSubscriberIds=[334020...]]: cycleDay=27, cycleTimezone=America/Mexico_City, warningBytes=1610612736, limitBytes=-1, lastWarningSnooze=1500198301285, lastLimitSnooze=-1, metered=true, inferred=false
