--------- beginning of main
08-24 11:54:17.234  4097  4390 D NetworkController: onReceive: intent=Intent { act=android.net.wifi.RSSI_CHANGED flg=0x4000010 launchParam=MultiScreenLaunchParams { mDisplayId=0 mFlags=0 } bqHint=1 (has extras) }
--------- beginning of system
08-24 11:54:17.234  3650  3949 D ConnectivityService:  sending notification for NetworkRequest [ id=2209, legacyType=-1, [ Capabilities: INTERNET&NOT_RESTRICTED&TRUSTED] ]
08-24 11:54:17.234  3650  3949 D ConnectivityService: sending notification CAP_CHANGED for NetworkRequest [ id=2209, legacyType=-1, [ Capabilities: INTERNET&NOT_RESTRICTED&TRUSTED] ]
08-24 11:54:17.236  3650  3949 D ConnectivityService:  sending notification for NetworkRequest [ id=2763, legacyType=-1, [ Capabilities: INTERNET&NOT_RESTRICTED&TRUSTED] ]
08-24 11:54:17.236  3650  3949 D ConnectivityService: sending notification CAP_CHANGED for NetworkRequest [ id=2763, legacyType=-1, [ Capabilities: INTERNET&NOT_RESTRICTED&TRUSTED] ]
08-24 11:54:17.242 23647 23697 D MapboxEventManager: No events in the queue to send so returning.
08-24 11:54:18.356  3650  3667 W ActivityManager: Activity destroy timeout for ActivityRecord{73fd2f1d0 u0 com.islamujeres/.MainActivity t986 f}
08-24 11:54:18.358  3650  3667 D WindowManager: disposeInputChannel mInputChannel: 748740c com.islamujeres/com.islamujeres.MainActivity (server)
08-24 11:54:18.362  3650  3667 I WindowManager_SurfaceController: Destroying surface Surface(name=com.islamujeres/com.islamujeres.MainActivity) called by com.android.server.wm.WindowStateAnimator.destroySurface:2905 com.android.server.wm.WindowStateAnimator.destroySurfaceLocked:1119 com.android.server.wm.WindowState.removeLocked:1849 com.android.server.wm.WindowManagerService.removeWindowInnerLocked:2928 com.android.server.wm.WindowManagerService.removeWindowLocked:2873 com.android.server.wm.WindowManagerService.removeWindowLocked:2683 com.android.server.wm.AppWindowToken.removeAllWindows:608 com.android.server.wm.AppWindowToken.removeAppFromTaskLocked:370 
08-24 11:54:18.363  3100  5834 I SurfaceFlinger: id=33640 Removed NainActivit (4/7)
08-24 11:54:18.365  3100  3163 I SurfaceFlinger: id=33640 Removed NainActivit (-2/7)
08-24 11:54:18.384  3650  3667 D InputTransport: Input channel destroyed: fd=443
08-24 11:54:18.630  4668  4668 D io_stats: !@   8,0 r 76393232 2330300140 w 8509939 172219224 d 1120848 151206752 f 2587349 2587144 iot 25078350 17877372 th 61440 61440 61380 pt 3970 inp 0 0 941428.777
08-24 11:54:19.236  3650  3949 D ConnectivityService: updateCapabilities: oldCap = [ Transports: WIFI Capabilities: NOT_METERED&INTERNET&NOT_RESTRICTED&TRUSTED&NOT_VPN&VALIDATED LinkUpBandwidth>=1048576Kbps LinkDnBandwidth>=1048576Kbps SignalStrength: -63], newCap = [ Transports: WIFI Capabilities: NOT_METERED&INTERNET&NOT_RESTRICTED&TRUSTED&NOT_VPN LinkUpBandwidth>=1048576Kbps LinkDnBandwidth>=1048576Kbps SignalStrength: -65]
08-24 11:54:19.236  3650  3949 D ConnectivityService: rematching NetworkAgentInfo [WIFI () - 802]
08-24 11:54:19.237  3650  3949 D ConnectivityService:  network has: [ Transports: WIFI Capabilities: NOT_METERED&INTERNET&NOT_RESTRICTED&TRUSTED&NOT_VPN&VALIDATED LinkUpBandwidth>=1048576Kbps LinkDnBandwidth>=1048576Kbps SignalStrength: -65]
08-24 11:54:19.238  3650  3949 D ConnectivityService:   checking if request is satisfied: NetworkRequest [ id=2208, legacyType=-1, [ Capabilities: INTERNET&NOT_RESTRICTED&TRUSTED] ]
08-24 11:54:19.239  3650  3949 D ConnectivityService:   checking if request is satisfied: NetworkRequest [ id=2194, legacyType=-1, [ Capabilities: INTERNET&NOT_RESTRICTED&TRUSTED&NOT_VPN] ]
08-24 11:54:19.239  3650  3949 D ConnectivityService:   checking if request is satisfied: NetworkRequest [ id=6, legacyType=-1, [ Transports: CELLULAR|WIFI Capabilities: NOT_RESTRICTED&TRUSTED&NOT_VPN] ]
08-24 11:54:19.240  3650  3949 D ConnectivityService:   checking if request is satisfied: NetworkRequest [ id=8, legacyType=-1, [ Transports: WIFI Capabilities: INTERNET&NOT_RESTRICTED&TRUSTED&NOT_VPN] ]
08-24 11:54:19.240  3650  3949 D ConnectivityService:   checking if request is satisfied: NetworkRequest [ id=2763, legacyType=-1, [ Capabilities: INTERNET&NOT_RESTRICTED&TRUSTED] ]
08-24 11:54:19.240  3650  3949 D ConnectivityService:   checking if request is satisfied: NetworkRequest [ id=5, legacyType=-1, [ Transports: WIFI Capabilities: INTERNET&NOT_RESTRICTED&TRUSTED&NOT_VPN] ]
08-24 11:54:19.240  3650  3949 D ConnectivityService:   checking if request is satisfied: NetworkRequest [ id=9, legacyType=-1, [ Transports: WIFI Capabilities: INTERNET&NOT_RESTRICTED&TRUSTED&NOT_VPN] ]
08-24 11:54:19.240  3650  3949 D ConnectivityService: Network NetworkAgentInfo [WIFI () - 802] was already satisfying request 1. No change.
08-24 11:54:19.241  3650  3949 D ConnectivityService:   checking if request is satisfied: NetworkRequest [ id=3, legacyType=-1, [] ]
08-24 11:54:19.241  3650  3949 D ConnectivityService:   checking if request is satisfied: NetworkRequest [ id=4, legacyType=-1, [ Transports: CELLULAR Capabilities: INTERNET&NOT_RESTRICTED&TRUSTED&NOT_VPN] ]
08-24 11:54:19.241  3650  3949 D ConnectivityService:   checking if request is satisfied: NetworkRequest [ id=2209, legacyType=-1, [ Capabilities: INTERNET&NOT_RESTRICTED&TRUSTED] ]
08-24 11:54:19.241  3650  3949 D ConnectivityService:   checking if request is satisfied: NetworkRequest [ id=7, legacyType=-1, [] ]
08-24 11:54:19.241  3650  3949 D ConnectivityService: notifyType CAP_CHANGED for NetworkAgentInfo [WIFI () - 802]
08-24 11:54:19.242  3650  3949 D ConnectivityService:  sending notification for NetworkRequest [ id=1, legacyType=-1, [ Capabilities: INTERNET&NOT_RESTRICTED&TRUSTED&NOT_VPN] ]
08-24 11:54:19.242  3650  3949 D ConnectivityService:  sending notification for NetworkRequest [ id=3, legacyType=-1, [] ]
08-24 11:54:19.242  3650  3949 D ConnectivityService: sending notification CAP_CHANGED for NetworkRequest [ id=3, legacyType=-1, [] ]
08-24 11:54:19.245  3650  3949 D ConnectivityService:  sending notification for NetworkRequest [ id=5, legacyType=-1, [ Transports: WIFI Capabilities: INTERNET&NOT_RESTRICTED&TRUSTED&NOT_VPN] ]
08-24 11:54:19.245  3650  3949 D ConnectivityService: sending notification CAP_CHANGED for NetworkRequest [ id=5, legacyType=-1, [ Transports: WIFI Capabilities: INTERNET&NOT_RESTRICTED&TRUSTED&NOT_VPN] ]
08-24 11:54:19.246  3650  3949 D ConnectivityService:  sending notification for NetworkRequest [ id=6, legacyType=-1, [ Transports: CELLULAR|WIFI Capabilities: NOT_RESTRICTED&TRUSTED&NOT_VPN] ]
08-24 11:54:19.246  3650  3949 D ConnectivityService: sending notification CAP_CHANGED for NetworkRequest [ id=6, legacyType=-1, [ Transports: CELLULAR|WIFI Capabilities: NOT_RESTRICTED&TRUSTED&NOT_VPN] ]
08-24 11:54:19.247  3650  3949 D ConnectivityService:  sending notification for NetworkRequest [ id=7, legacyType=-1, [] ]
08-24 11:54:19.247  3650  3949 D ConnectivityService: sending notification CAP_CHANGED for NetworkRequest [ id=7, legacyType=-1, [] ]
08-24 11:54:19.247  3650  3949 D ConnectivityService:  sending notification for NetworkRequest [ id=8, legacyType=-1, [ Transports: WIFI Capabilities: INTERNET&NOT_RESTRICTED&TRUSTED&NOT_VPN] ]
08-24 11:54:19.248  3650  3949 D ConnectivityService: sending notification CAP_CHANGED for NetworkRequest [ id=8, legacyType=-1, [ Transports: WIFI Capabilities: INTERNET&NOT_RESTRICTED&TRUSTED&NOT_VPN] ]
08-24 11:54:19.248  3650  3949 D ConnectivityService:  sending notification for NetworkRequest [ id=9, legacyType=-1, [ Transports: WIFI Capabilities: INTERNET&NOT_RESTRICTED&TRUSTED&NOT_VPN] ]
08-24 11:54:19.249  3650  3949 D ConnectivityService: sending notification CAP_CHANGED for NetworkRequest [ id=9, legacyType=-1, [ Transports: WIFI Capabilities: INTERNET&NOT_RESTRICTED&TRUSTED&NOT_VPN] ]
08-24 11:54:19.249  4097  4390 D NetworkController: onReceive: intent=Intent { act=android.net.wifi.RSSI_CHANGED flg=0x4000010 launchParam=MultiScreenLaunchParams { mDisplayId=0 mFlags=0 } bqHint=1 (has extras) }
08-24 11:54:19.249  3650  3949 D ConnectivityService:  sending notification for NetworkRequest [ id=2194, legacyType=-1, [ Capabilities: INTERNET&NOT_RESTRICTED&TRUSTED&NOT_VPN] ]
08-24 11:54:19.249  3650  3949 D ConnectivityService: sending notification CAP_CHANGED for NetworkRequest [ id=2194, legacyType=-1, [ Capabilities: INTERNET&NOT_RESTRICTED&TRUSTED&NOT_VPN] ]
08-24 11:54:19.250  3650  3949 D ConnectivityService:  sending notification for NetworkRequest [ id=2208, legacyType=-1, [ Capabilities: INTERNET&NOT_RESTRICTED&TRUSTED] ]
08-24 11:54:19.250  3650  3949 D ConnectivityService: sending notification CAP_CHANGED for NetworkRequest [ id=2208, legacyType=-1, [ Capabilities: INTERNET&NOT_RESTRICTED&TRUSTED] ]
08-24 11:54:19.250  3650  3949 D ConnectivityService:  sending notification for NetworkRequest [ id=2209, legacyType=-1, [ Capabilities: INTERNET&NOT_RESTRICTED&TRUSTED] ]
08-24 11:54:19.250  3650  3949 D ConnectivityService: sending notification CAP_CHANGED for NetworkRequest [ id=2209, legacyType=-1, [ Capabilities: INTERNET&NOT_RESTRICTED&TRUSTED] ]
08-24 11:54:19.251  3650  3949 D ConnectivityService:  sending notification for NetworkRequest [ id=2763, legacyType=-1, [ Capabilities: INTERNET&NOT_RESTRICTED&TRUSTED] ]
08-24 11:54:19.251  3650  3949 D ConnectivityService: sending notification CAP_CHANGED for NetworkRequest [ id=2763, legacyType=-1, [ Capabilities: INTERNET&NOT_RESTRICTED&TRUSTED] ]
08-24 11:54:19.919  3650  3867 D InputReader: Input event(4): value=1 when=941430067932000
08-24 11:54:19.919  3650  3867 D InputReader: Input event(4): value=1 when=941430067932000
08-24 11:54:19.920  3650  3867 I InputReader: Touch event's action is 0x0 (deviceType=0) [pCnt=1, s=0.58436 ] when=941430067932000
08-24 11:54:19.921  3650  3866 I InputDispatcher: Delivering touch to (4097): action: 0x4, toolType: 1
08-24 11:54:19.921  3650  3866 I InputDispatcher: Delivering touch to (3650): action: 0x0, toolType: 1
08-24 11:54:19.922  3650  3668 D ViewRootImpl@e93d904[islamujeres]: ViewPostImeInputStage processPointer 0
08-24 11:54:19.922  3650  3866 D PowerManagerService: [api] userActivityFromNative : 10 (event: 2 flags: 0) eventTime = 941430067
08-24 11:54:19.977  3650  3867 D InputReader: Input event(4): value=0 when=941430126198000
08-24 11:54:19.977  3650  3867 D InputReader: Input event(4): value=0 when=941430126198000
08-24 11:54:19.977  3650  3867 I InputReader: Touch event's action is 0x1 (deviceType=0) [pCnt=1, s=] when=941430126198000
08-24 11:54:19.977  3650  3866 I InputDispatcher: Delivering touch to (3650): action: 0x1, toolType: 1
08-24 11:54:19.978  3650  3668 D ViewRootImpl@e93d904[islamujeres]: ViewPostImeInputStage processPointer 1
08-24 11:54:19.979  3650  3921 D WifiStateMachine: Current network is: "Motul" , ID is: 39
08-24 11:54:19.979  3650 27696 I ActivityManager: Killing 23647:com.islamujeres/u0a378 (adj 900): crash
08-24 11:54:19.979  3650 27696 D ActivityManager: cleanUpApplicationRecord -- 23647
08-24 11:54:19.980  3650 27696 W ActivityManager: Scheduling restart of crashed service com.islamujeres/com.mapbox.mapboxsdk.telemetry.TelemetryService in 1000ms
08-24 11:54:19.985  3650  3668 D ViewRootImpl@e93d904[islamujeres]: mHardwareRenderer.destroy()#4
08-24 11:54:19.985  3650  3668 D ViewRootImpl@e93d904[islamujeres]: dispatchDetachedFromWindow
08-24 11:54:19.985  3650  3668 D WindowManager: disposeInputChannel mInputChannel: b948122 Application Error: com.islamujeres (server)
08-24 11:54:19.988  3650 27696 I ActivityManager: START u0 {act=android.intent.action.MAIN typ=null flg=0x10300000 cmp=ComponentInfo{com.islamujeres/com.islamujeres.MainActivity}} from uid 10061 on display 0
08-24 11:54:19.990  3650 27696 D ActivityManager: ActivityRecord() Constructor : multiScreenAttrs=MultiScreenAttrs{mDisplayId=0, mBaseDisplayId=0, mBaseActivity=false}
08-24 11:54:19.991  3650 27696 D CustomFrequencyManagerService: acquireDVFSLockLocked : type : DVFS_MIN_LIMIT  frequency : 2100000  uid : 1000  pid : 3650  pkgName : AMS_APP_SWITCH@CPU_MIN@19
08-24 11:54:19.993  3650  6921 D TelephonyManager: getAllCellInfo : Caller (PID / UID / TID): 3650 / 1000 / 6921
08-24 11:54:19.995  3650 27696 D ActivityManagerPerformance: AMP_acquire() APP_SWITCH
08-24 11:54:19.997  3650  3668 D InputDispatcher: Focus left window: 3650
08-24 11:54:19.997  3650  3668 D InputDispatcher: Focus entered window: 4976
08-24 11:54:19.997  3650  3668 D InputTransport: Input channel destroyed: fd=335
08-24 11:54:19.997  3650  3668 D InputTransport: Input channel destroyed: fd=399
08-24 11:54:19.998  4976  4976 D ViewRootImpl@2930ca8[LauncherActivity]: MSG_WINDOW_FOCUS_CHANGED 1
08-24 11:54:19.998  4976  4976 D ViewRootImpl@2930ca8[LauncherActivity]: mHardwareRenderer.initializeIfNeeded()#2 mSurface={isValid=true 547414714880}
08-24 11:54:19.998  3650  3668 D ViewRootImpl@3672112[ContainerKeyguardScrim]: mHardwareRenderer.destroy()#1
08-24 11:54:19.999  3650 27696 D ActivityTrigger: Activity is Triggerred in full screen 
08-24 11:54:19.999  4976  4976 D SEM_CLIP_SemClipboardManager: isCocktailBarDisplayed : false
08-24 11:54:20.000  4976  4976 D SEM_CLIP_SemClipboardManager: isCocktailBarDisplayed : false
08-24 11:54:20.000  3650 27696 D CompatibilityInfo: mCompatibilityFlags - 0
08-24 11:54:20.000  3650 27696 D CompatibilityInfo: applicationDensity - 640
08-24 11:54:20.000  3650 27696 D CompatibilityInfo: applicationScale - 1.0
08-24 11:54:20.000  3650 27696 D ActivityManager: moveToFront() : reason=startedActivity setFocusedActivity isAttached=true TaskRecord{22a4200d0 #986 A=com.islamujeres U=0 StackId=1 sz=1}
08-24 11:54:20.000  4976  4976 V InputMethodManager: Starting input: tba=android.view.inputmethod.EditorInfo@e97e310 nm : com.sec.android.app.launcher ic=null
08-24 11:54:20.001  3650 27696 D ActivityManager: setFocusStackUnchecked: reason=startedActivity setFocusedActivity focusCandidate=ActivityStack{47b2197d0 stackId=1, 40 tasks} caller=com.android.server.am.ActivityStack.moveToFront:875 com.android.server.am.ActivityStackSupervisor.moveActivityStackToFront:2006 
08-24 11:54:20.001  4976  4976 I InputMethodManager: [IMM] startInputInner - mService.startInputOrWindowGainedFocus
08-24 11:54:20.001  3650 27700 D InputMethodManagerService: windowGainedFocus mCurrentFocusedUserId - 0 and mSecureKeypadEnabled-false
08-24 11:54:20.002  3650 27696 D InputDispatcher: Focused application set to: xxxx
08-24 11:54:20.003  3650 27696 D InputDispatcher: Focus left window: 4976
08-24 11:54:20.003  3650 27700 V InputMethodManagerService: windowGainedFocus: reason=WINDOW_FOCUS_GAIN client=android.os.BinderProxy@101cdb7 inputContext=null missingMethods= attribute=android.view.inputmethod.EditorInfo@17ecb15 nm = com.sec.android.app.launcher controlFlags=#104 softInputMode=#30 windowFlags=#81910d02
08-24 11:54:20.003  3650 27700 V InputMethodManagerService: Unspecified window will hide input
08-24 11:54:20.003  3650 27700 D InputMethodManagerService: mDesktopModeManager null!
08-24 11:54:20.003  3650 27700 V InputMethodManagerService: hideCurrentInputLocked - !shouldHideSoftInput
08-24 11:54:20.003  3650 27696 D ActivityManager: resumeTopActivityInnerLocked() : #1 prevTask=TaskRecord{22a4200d0 #986 A=com.islamujeres U=0 StackId=1 sz=1} next=ActivityRecord{1036259d0 u0 com.islamujeres/.MainActivity t986} mFocusedStack=ActivityStack{47b2197d0 stackId=1, 40 tasks}
08-24 11:54:20.003  3650 27696 D ActivityTrigger: ActivityTrigger activityPauseTrigger 
08-24 11:54:20.003  3650 27700 D InputTransport: Input channel constructed: fd=335
08-24 11:54:20.003  3650 27700 D InputTransport: Input channel destroyed: fd=335
08-24 11:54:20.004  4976  4976 D InputTransport: Input channel constructed: fd=70
08-24 11:54:20.004  3650 27696 D GameManagerService: there is not sem_perfomance_mode on setting
08-24 11:54:20.004 12262 12274 W SearchServiceClient: Starting with NO_SESSION handoverId is deprecated. Just don't. You will break.
08-24 11:54:20.014  3650  3677 D WindowManager: addWindow: android.view.ViewRootImpl$W@4582964 displayId=0
08-24 11:54:20.014  3650  3677 D InputTransport: Input channel constructed: fd=335
08-24 11:54:20.014  3650  3677 D InputTransport: Input channel constructed: fd=399
08-24 11:54:20.014  3650  3677 D WindowManager: openInputChannel mInputChannel: d7e47cd Starting com.islamujeres (server)
08-24 11:54:20.015  3650  3677 D ViewRootImpl@282c6f7[islamujeres]: setView = DecorView@e333882[islamujeres] touchMode=true
08-24 11:54:20.015  3650  3668 D WindowManager: set systemUiVisibility of statusbar : vis= 0x608
08-24 11:54:20.015  4899  4915 D ForegroundUtils: could not check pending caller
08-24 11:54:20.015  3650  3668 E ViewRootImpl: sendUserActionEvent() mView == null
08-24 11:54:20.015  3650 29598 D SamsungAlarmManager: Cancel Alarm calling from uid:10063 pid :12262 / op:PendingIntent{d92db93: PendingIntentRecord{caa3c85 com.google.android.googlequicksearchbox startService}}
08-24 11:54:20.016  3650  4311 D WindowManager: adjustSystemUiVisibilityLw : vis= 0x608
08-24 11:54:20.018  4976  4976 D Launcher: onPause, Launcher: 175582605
08-24 11:54:20.018  4976  4976 D Launcher.HomeView: onPause
08-24 11:54:20.018  4976  4976 D Launcher.Workspace: exitWidgetResizeMode. isClearResizeFrame is false
08-24 11:54:20.018 12262 12262 E PBSessionCacheImpl: sessionId[53930349911578909] not persisted.
08-24 11:54:20.018  3650  3677 D ViewRootImpl@282c6f7[islamujeres]: dispatchAttachedToWindow
08-24 11:54:20.018  3650  6039 D ActivityManager: clearAppIconInfo()
08-24 11:54:20.018  3650  3677 V WindowManager: Relayout Window{d7e47cdd0 u0 Starting com.islamujeres}: viewVisibility=0 req=1440x2464 WM.LayoutParams{(0,0)(fillxfill) sim=#20 ty=3 fl=#81830118 pfl=0x11 wanim=0x1030465 vsysui=0x600 needsMenuKey=2 naviIconColor=0}
08-24 11:54:20.019  3650  6039 D ActivityManager: resumeTopActivityInnerLocked() : #1 prevTask=TaskRecord{c7a70f8d0 #67 A=com.sec.android.app.launcher U=0 StackId=0 sz=1} next=ActivityRecord{1036259d0 u0 com.islamujeres/.MainActivity t986} mFocusedStack=ActivityStack{47b2197d0 stackId=1, 40 tasks}
08-24 11:54:20.019  3100  3100 I SurfaceFlinger: id=33643 createSurf (1x1),1 flag=404, jslamujeres
08-24 11:54:20.019 12262 14831 I PBSessionCacheImpl: Deleted sessionId[53930349911578909] from persistence.
08-24 11:54:20.026 12262 12262 I MicroDetectionWorker: #updateMicroDetector [detectionMode: [mDetectionMode: [1]]]
08-24 11:54:20.026 12262 12262 I MicroDetectionWorker: #startMicroDetector [speakerMode: 0]
08-24 11:54:20.032  3650  6039 D ActivityManager: applyOptionsLocked(), pendingOptions : ActivityOptions(220231632), mPackageName=null, mAnimationType=0, mStartX=0, mStartY=0, mWidth=0, mHeight=0
08-24 11:54:20.032  3650  6039 E ActivityManager: applyOptionsLocked: Unknown animationType=0
08-24 11:54:20.033  3650  3677 D ViewRootImpl@282c6f7[islamujeres]: Relayout returned: oldFrame=[0,0][0,0] newFrame=[0,0][1440,2560] result=0x27 surface={isValid=true 516621930496} surfaceGenerationChanged=true
08-24 11:54:20.033  3650  6039 D MountService: getExternalStorageMountMode : 3
08-24 11:54:20.033  3650  6039 D MountService: getExternalStorageMountMode : 3
08-24 11:54:20.033  3650  6039 D MountService: getExternalStorageMountMode : final mountMode=3, uid : 10378, packageName : com.islamujeres
08-24 11:54:20.041 23724 23724 E Zygote  : v2
08-24 11:54:20.041 23724 23724 I libpersona: KNOX_SDCARD checking this for 10378
08-24 11:54:20.041 23724 23724 I libpersona: KNOX_SDCARD not a persona
08-24 11:54:20.042 23724 23724 E Zygote  : accessInfo : 0
08-24 11:54:20.042 23724 23724 W SELinux : SELinux selinux_android_compute_policy_index : Policy Index[2],  Con:u:r:zygote:s0 RAM:SEPF_SECMOBILE_7.0_0005, [-1 -1 -4 -1 0 1]
08-24 11:54:20.043 23724 23724 I SELinux : SELinux: seapp_context_lookup: seinfo=untrusted, level=s0:c512,c768, pkgname=com.islamujeres 
08-24 11:54:20.044  3650  6039 I ActivityManager: Start proc 23724:com.islamujeres/u0a378 for activity com.islamujeres/.MainActivity
08-24 11:54:20.045  4976  4976 D ViewRootImpl@2930ca8[LauncherActivity]: MSG_WINDOW_FOCUS_CHANGED 0
08-24 11:54:20.045  4976  4976 D SEM_CLIP_SemClipboardManager: isCocktailBarDisplayed : false
08-24 11:54:20.046  4976  4976 D SEM_CLIP_SemClipboardManager: isCocktailBarDisplayed : false
08-24 11:54:20.046 23724 23724 I art     : Late-enabling -Xcheck:jni
08-24 11:54:20.049 12262 12262 I MicroDetectionWorker: onReady
08-24 11:54:20.050 12262 12262 I MicroDetector: Keeping mic open: false
08-24 11:54:20.050 12262 14832 I AudioController: internalShutdown
08-24 11:54:20.051 12262 13630 I MicroRecognitionRunner: Stopping hotword detection.
08-24 11:54:20.051 12262 16992 I DeviceStateChecker: DeviceStateChecker cancelled
08-24 11:54:20.052 12262 14833 I PBSessionCacheImpl: Deleted sessionId[53930349911578909] from persistence.
08-24 11:54:20.060  3650 27691 D SamsungAlarmManager: setInexact Intent (T:3/F:0/AC:false) 20170824T115430 - CU:10063/CP:12262
08-24 11:54:20.060  3650 27691 I SamsungAlarmManager: setLocked to kernel - T:3 / 20170824T115430, SetElapsed=2750388771, nowELAPSED=2750378776
08-24 11:54:20.064  3650  3677 D WindowManager: finishDrawingWindow: Window{d7e47cdd0 u0 Starting com.islamujeres} mDrawState=DRAW_PENDING
08-24 11:54:20.066 23724 23724 D TimaKeyStoreProvider: TimaKeyStore is not enabled: cannot add TimaSignature Service and generateKeyPair Service
08-24 11:54:20.070  3650  3925 D CompatibilityInfo: mCompatibilityFlags - 0
08-24 11:54:20.070  3650  3925 D CompatibilityInfo: applicationDensity - 640
08-24 11:54:20.070  3650  3925 D CompatibilityInfo: applicationScale - 1.0
08-24 11:54:20.070  3650  3925 I ActivityManager: DSS on for com.islamujeres and scale is 1.0
08-24 11:54:20.071  3650  3925 D CompatibilityInfo: mCompatibilityFlags - 0
08-24 11:54:20.071  3650  3925 D CompatibilityInfo: applicationDensity - 640
08-24 11:54:20.071  3650  3925 D CompatibilityInfo: applicationScale - 1.0
08-24 11:54:20.072  3650  3925 V WindowManager: rotationForOrientationLw(orient=-1, last=0); user=0 USER_ROTATION_LOCKED sensorRotation=-1 mLidState=-1 mDockMode=0 mHdmiPlugged=false
08-24 11:54:20.073  3650  3982 D GraphicsStats: Buffer count: 7
08-24 11:54:20.073  3650  3917 D InputTransport: Input channel destroyed: fd=511
08-24 11:54:20.073  1825  1825 D InputTransport: Input channel destroyed: fd=56
08-24 11:54:20.074  3650  4955 I Sensors : Acc old sensor_state 16385, new sensor_state : 16384 en : 0
08-24 11:54:20.076  3650  3925 D CompatibilityInfo: mCompatibilityFlags - 0
08-24 11:54:20.076  3650  3925 D CompatibilityInfo: applicationDensity - 640
08-24 11:54:20.076  3650  3925 D CompatibilityInfo: applicationScale - 1.0
08-24 11:54:20.077  3650  3925 D GameManagerService: there is not sem_perfomance_mode on setting
08-24 11:54:20.082  3650  3650 D GameManagerService: NotifyRunnable. pkg: com.islamujeres, type: 4, isMinimized: false, isTunableApp: false
08-24 11:54:20.082  3650  3650 D GameManagerService: do nothing. mKillNotiCount: 3
08-24 11:54:20.085  4899 25988 D ForegroundUtils: could not check pending caller
08-24 11:54:20.087  3650  6921 D GamePkgDataHelper: getGamePkgData(). com.islamujeres
08-24 11:54:20.087  3650  6921 D GameManagerService: identifyGamePackage. com.islamujeres
08-24 11:54:20.088  3650  3668 D WindowManager: set systemUiVisibility of statusbar : vis= 0x608
08-24 11:54:20.089  3650  6921 D GameManagerService: identifyGamePackage. com.islamujeres
08-24 11:54:20.091  3650  6921 D TelephonyManager: getAllCellInfo : Caller (PID / UID / TID): 3650 / 1000 / 6921
08-24 11:54:20.096  4976  4976 D ViewRootImpl@2930ca8[LauncherActivity]: mHardwareRenderer.destroy()#1
08-24 11:54:20.096  3650 27700 V WindowManager: Relayout Window{d4bbc8ed0 u0 com.sec.android.app.launcher/com.sec.android.app.launcher.activities.LauncherActivity}: viewVisibility=8 req=1440x2560 WM.LayoutParams{(0,0)(fillxfill) sim=#30 ty=1 fl=#81910d02 pfl=0x20000 fmt=-2 wanim=0x103038a vsysui=0x600 needsMenuKey=2 dimDuration=300 naviIconColor=0 sfl=0x40}
08-24 11:54:20.100  3650  6921 D GameManagerService: identifyGamePackage. com.islamujeres
08-24 11:54:20.100  3650  6921 D GameManagerService: identifyGamePackage. com.islamujeres
08-24 11:54:20.100  4976  4976 D ViewRootImpl@2930ca8[LauncherActivity]: Relayout returned: oldFrame=[0,0][1440,2560] newFrame=[0,0][1440,2560] result=0x5 surface={isValid=false 0} surfaceGenerationChanged=true
08-24 11:54:20.120 23724 23724 V fb-UnpackingSoSource: locked dso store /data/user/0/com.islamujeres/lib-main
08-24 11:54:20.121 23724 23724 I fb-UnpackingSoSource: dso store is up-to-date: /data/user/0/com.islamujeres/lib-main
08-24 11:54:20.121 23724 23724 V fb-UnpackingSoSource: releasing dso store lock for /data/user/0/com.islamujeres/lib-main
08-24 11:54:20.139 23724 23724 D ReactNative: ReactInstanceManager.ctor()
08-24 11:54:20.148 23724 23724 D NetworkSecurityConfig: No Network Security Config specified, using platform default
08-24 11:54:20.152  3650  3697 E SensorService: getSensorList a sensor (MAX86900) without holding its required permission: com.samsung.permission.SSENSOR
08-24 11:54:20.152  3650  3697 I SensorService: Skipped sensor MAX86900 because it requires permission com.samsung.permission.SSENSOR and app op -1
08-24 11:54:20.152  3650  3697 E SensorService: getSensorList a sensor (HRM Ambient Light Canceling) without holding its required permission: com.samsung.permission.HRM_EXT
08-24 11:54:20.152  3650  3697 I SensorService: Skipped sensor HRM Ambient Light Canceling because it requires permission com.samsung.permission.HRM_EXT and app op -1
08-24 11:54:20.152  3650  3697 W ServiceManager: Permission failure: android.permission.BODY_SENSORS from uid=10378 pid=23724
08-24 11:54:20.152  3650  3697 E SensorService: getSensorList a sensor (HRMLED IR) without holding its required permission: android.permission.BODY_SENSORS
08-24 11:54:20.152  3650  3697 I SensorService: Skipped sensor HRMLED IR because it requires permission android.permission.BODY_SENSORS and app op 56
08-24 11:54:20.152  3650  3697 W ServiceManager: Permission failure: android.permission.BODY_SENSORS from uid=10378 pid=23724
08-24 11:54:20.152  3650  3697 E SensorService: getSensorList a sensor (HRMLED RED) without holding its required permission: android.permission.BODY_SENSORS
08-24 11:54:20.152  3650  3697 I SensorService: Skipped sensor HRMLED RED because it requires permission android.permission.BODY_SENSORS and app op 56
08-24 11:54:20.152  3650  3697 E SensorService: getSensorList a sensor (HRM Proximity detecting) without holding its required permission: com.samsung.permission.HRM_EXT
08-24 11:54:20.152  3650  3697 I SensorService: Skipped sensor HRM Proximity detecting because it requires permission com.samsung.permission.HRM_EXT and app op -1
08-24 11:54:20.152  3650  3697 E SensorService: getSensorList a sensor (HRM Sensor) without holding its required permission: com.samsung.permission.SSENSOR
08-24 11:54:20.152  3650  3697 I SensorService: Skipped sensor HRM Sensor because it requires permission com.samsung.permission.SSENSOR and app op -1
08-24 11:54:20.152  3650  3697 W ServiceManager: Permission failure: android.permission.BODY_SENSORS from uid=10378 pid=23724
08-24 11:54:20.152  3650  3697 E SensorService: getSensorList a sensor (HeartRate Sensor) without holding its required permission: android.permission.BODY_SENSORS
08-24 11:54:20.153  3650  3697 I SensorService: Skipped sensor HeartRate Sensor because it requires permission android.permission.BODY_SENSORS and app op 56
08-24 11:54:20.153  3650  3697 E SensorService: getSensorList a sensor (Sensor Diagnostic Monitor) without holding its required permission: com.samsung.permission.SSENSOR
08-24 11:54:20.153  3650  3697 I SensorService: Skipped sensor Sensor Diagnostic Monitor because it requires permission com.samsung.permission.SSENSOR and app op -1
08-24 11:54:20.157  3650  4865 I Sensors : Acc old sensor_state 16384, new sensor_state : 16385 en : 1
08-24 11:54:20.158 23724 23724 D SensorManager: registerListener :: 0, MPU6500 Acceleration Sensor, 66667, 0,  
08-24 11:54:20.167 23724 23724 D ReactNative: ReactInstanceManager.createReactContextInBackground()
08-24 11:54:20.167 23724 23724 D ReactNative: ReactInstanceManager.recreateReactContextInBackgroundInner()
08-24 11:54:20.169 23724 23724 D ReactNative: ReactInstanceManager.onJSBundleLoadedFromServer()
08-24 11:54:20.170  3145  3642 D EnterpriseController: netId is 0
08-24 11:54:20.170  3145  3642 D Netd    : getNetworkForDns: using netid 802 for uid 10378
08-24 11:54:20.170  3145  3642 D DnsProxyListener: DNSDBG::dns addrinfo af 2
08-24 11:54:20.171  3145  3642 D EnterpriseController: netId is 0
08-24 11:54:20.171  3145  3642 D Netd    : getNetworkForDns: using netid 802 for uid 10378
08-24 11:54:20.171  3145  3642 D DnsProxyListener: DNSDBG::dns addrinfo af 2
08-24 11:54:20.180 23724 23724 I art     : Thread[1,tid=23724,Native,Thread*=0xe4205400,peer=0x7645b730,"main"] recursive attempt to load library "/data/app/com.islamujeres-1/lib/arm/libfb.so"
08-24 11:54:20.183 23724 23724 D ReactNative: ReactInstanceManager.recreateReactContextInBackground()
08-24 11:54:20.183 23724 23724 D ReactNative: ReactInstanceManager.runCreateReactContextOnNewThread()
08-24 11:54:20.184 23724 23750 D ReactNative: ReactInstanceManager.createReactContext()
08-24 11:54:20.191 23724 23750 W unknown:ViewManagerPropertyUpdater: Could not find generated setter for class com.facebook.react.views.art.ARTGroupViewManager
08-24 11:54:20.192 23724 23750 W unknown:ViewManagerPropertyUpdater: Could not find generated setter for class com.facebook.react.views.art.ARTGroupShadowNode
08-24 11:54:20.194 23724 23750 W unknown:ViewManagerPropertyUpdater: Could not find generated setter for class com.facebook.react.views.art.ARTShapeViewManager
08-24 11:54:20.194 23724 23724 W unknown:ReactNative: Packager connection already open, nooping.
08-24 11:54:20.194 23724 23724 W unknown:ReactNative: Inspector connection already open, nooping.
08-24 11:54:20.194 23724 23750 W unknown:ViewManagerPropertyUpdater: Could not find generated setter for class com.facebook.react.views.art.ARTShapeShadowNode
08-24 11:54:20.196 23724 23750 W unknown:ViewManagerPropertyUpdater: Could not find generated setter for class com.facebook.react.views.art.ARTTextViewManager
08-24 11:54:20.196 23724 23750 W unknown:ViewManagerPropertyUpdater: Could not find generated setter for class com.facebook.react.views.art.ARTTextShadowNode
08-24 11:54:20.197 23724 23750 W unknown:ViewManagerPropertyUpdater: Could not find generated setter for class com.facebook.react.views.picker.ReactDialogPickerManager
08-24 11:54:20.201 23724 23750 W unknown:ViewManagerPropertyUpdater: Could not find generated setter for class com.facebook.react.uimanager.LayoutShadowNode
08-24 11:54:20.202 23724 23724 D ViewRootImpl@93e890[MainActivity]: ThreadedRenderer.create() translucent=false
08-24 11:54:20.203  3650 15025 D WindowManager: addWindow: android.view.IWindow$Stub$Proxy@df8f5a6 displayId=0
08-24 11:54:20.204  3650 15025 D InputTransport: Input channel constructed: fd=443
08-24 11:54:20.204  3650 15025 D InputTransport: Input channel constructed: fd=511
08-24 11:54:20.204  3650 15025 D WindowManager: openInputChannel mInputChannel: 1cab394 com.islamujeres/com.islamujeres.MainActivity (server)
08-24 11:54:20.205  3650 15025 D InputTransport: Input channel destroyed: fd=511
08-24 11:54:20.205 23724 23724 D InputTransport: Input channel constructed: fd=60
08-24 11:54:20.206 23724 23724 D ViewRootImpl@93e890[MainActivity]: setView = DecorView@3f6fdbc[MainActivity] touchMode=true
08-24 11:54:20.206  3650  9030 D ActivityManager: post active user change for 0 fullscreen true isHomeActivity() false
08-24 11:54:20.206  3650  9030 D KnoxTimeoutHandler: postActiveUserChange [MsgParam] userId: 0 fullscreen is true showWhenlocked is false isMutiwindowRecord is false multiwindowstyle is 0
08-24 11:54:20.206  3650  3650 D KnoxTimeoutHandler: handleActiveUserChange [MsgParam] userId: 0 fullscreen is true showWhenlocked is false isMutiwindowRecord is false multiwindowstyle is 0
08-24 11:54:20.207  3650  3650 I KnoxTimeoutHandler: Shared devices show user statefalse
08-24 11:54:20.207 23724 23750 W unknown:ViewManagerPropertyUpdater: Could not find generated setter for class com.facebook.react.views.drawer.ReactDrawerLayoutManager
08-24 11:54:20.210 23724 23750 W unknown:ViewManagerPropertyUpdater: Could not find generated setter for class com.facebook.react.views.picker.ReactDropdownPickerManager
08-24 11:54:20.211 23724 23750 W unknown:ViewManagerPropertyUpdater: Could not find generated setter for class com.facebook.react.views.scroll.ReactHorizontalScrollViewManager
08-24 11:54:20.215 23724 23750 W unknown:ViewManagerPropertyUpdater: Could not find generated setter for class com.facebook.react.views.progressbar.ReactProgressBarViewManager
08-24 11:54:20.215 23724 23724 D ViewRootImpl@93e890[MainActivity]: dispatchAttachedToWindow
08-24 11:54:20.217 23724 23750 W unknown:ViewManagerPropertyUpdater: Could not find generated setter for class com.facebook.react.views.progressbar.ProgressBarShadowNode
08-24 11:54:20.217  3650  9027 V WindowManager: Relayout Window{1cab394d0 u0 com.islamujeres/com.islamujeres.MainActivity}: viewVisibility=0 req=1440x2464 WM.LayoutParams{(0,0)(fillxfill) sim=#110 ty=1 fl=#81810100 wanim=0x1030465 vsysui=0x600 needsMenuKey=2 naviIconColor=0}
08-24 11:54:20.219 23724 23750 W unknown:ViewManagerPropertyUpdater: Could not find generated setter for class com.facebook.react.views.scroll.ReactScrollViewManager
08-24 11:54:20.219  3100  3100 I SurfaceFlinger: id=33644 createSurf (1x1),1 flag=404, NainActivit
08-24 11:54:20.219  3650  3980 D MdnieScenarioControlService:  packageName : com.islamujeres    className : com.islamujeres.MainActivity
08-24 11:54:20.224 23724 23750 W unknown:ViewManagerPropertyUpdater: Could not find generated setter for class com.facebook.react.views.slider.ReactSliderManager
08-24 11:54:20.226 23724 23750 W unknown:ViewManagerPropertyUpdater: Could not find generated setter for class com.facebook.react.views.slider.ReactSliderManager$ReactSliderShadowNode
08-24 11:54:20.227 23724 23750 W unknown:ViewManagerPropertyUpdater: Could not find generated setter for class com.facebook.react.views.switchview.ReactSwitchManager
08-24 11:54:20.229 23724 23750 W unknown:ViewManagerPropertyUpdater: Could not find generated setter for class com.facebook.react.views.switchview.ReactSwitchManager$ReactSwitchShadowNode
08-24 11:54:20.229 23724 23750 W unknown:ViewManagerPropertyUpdater: Could not find generated setter for class com.facebook.react.views.toolbar.ReactToolbarManager
08-24 11:54:20.232 23724 23750 W unknown:ViewManagerPropertyUpdater: Could not find generated setter for class com.facebook.react.views.webview.ReactWebViewManager
08-24 11:54:20.233  3650  9027 D InputDispatcher: Focus entered window: 23724
08-24 11:54:20.236 23724 23750 W unknown:ViewManagerPropertyUpdater: Could not find generated setter for class com.facebook.react.views.swiperefresh.SwipeRefreshLayoutManager
08-24 11:54:20.237 23724 23724 D ViewRootImpl@93e890[MainActivity]: Relayout returned: oldFrame=[0,0][0,0] newFrame=[0,0][1440,2560] result=0x27 surface={isValid=true -629788672} surfaceGenerationChanged=true
08-24 11:54:20.237 23724 23724 D ViewRootImpl@93e890[MainActivity]: mHardwareRenderer.initialize() mSurface={isValid=true -629788672} hwInitialized=true
08-24 11:54:20.240 23724 23750 W unknown:ViewManagerPropertyUpdater: Could not find generated setter for class com.facebook.react.views.art.ARTSurfaceViewManager
08-24 11:54:20.241 23724 23750 W unknown:ViewManagerPropertyUpdater: Could not find generated setter for class com.facebook.react.views.art.ARTSurfaceViewShadowNode
08-24 11:54:20.242 23724 23750 W unknown:ViewManagerPropertyUpdater: Could not find generated setter for class com.facebook.react.views.text.frescosupport.FrescoBasedReactTextInlineImageViewManager
08-24 11:54:20.243 23724 23750 W unknown:ViewManagerPropertyUpdater: Could not find generated setter for class com.facebook.react.views.text.frescosupport.FrescoBasedReactTextInlineImageShadowNode
08-24 11:54:20.245 23724 23724 D ViewRootImpl@93e890[MainActivity]: MSG_RESIZED_REPORT: ci=Rect(0, 96 - 0, 0) vi=Rect(0, 96 - 0, 0) or=1
08-24 11:54:20.245 23724 23750 W unknown:ViewManagerPropertyUpdater: Could not find generated setter for class com.facebook.react.views.image.ReactImageManager
08-24 11:54:20.245 23724 23724 D ViewRootImpl@93e890[MainActivity]: MSG_WINDOW_FOCUS_CHANGED 1
08-24 11:54:20.246 23724 23724 D ViewRootImpl@93e890[MainActivity]: mHardwareRenderer.initializeIfNeeded()#2 mSurface={isValid=true -629788672}
08-24 11:54:20.246 23724 23724 V InputMethodManager: Starting input: tba=android.view.inputmethod.EditorInfo@35a8831 nm : com.islamujeres ic=null
08-24 11:54:20.246 23724 23724 I InputMethodManager: [IMM] startInputInner - mService.startInputOrWindowGainedFocus
08-24 11:54:20.246  3650 15027 D InputMethodManagerService: windowGainedFocus mCurrentFocusedUserId - 0 and mSecureKeypadEnabled-false
08-24 11:54:20.247  3650 15027 V InputMethodManagerService: windowGainedFocus: reason=WINDOW_FOCUS_GAIN client=android.os.BinderProxy@225f301 inputContext=null missingMethods= attribute=android.view.inputmethod.EditorInfo@e7dbe3d nm = com.islamujeres controlFlags=#104 softInputMode=#110 windowFlags=#81810100
08-24 11:54:20.247  3650 15027 V InputMethodManagerService: Unspecified window will hide input
08-24 11:54:20.247  3650 15027 D InputMethodManagerService: mDesktopModeManager null!
08-24 11:54:20.247  3650 15027 V InputMethodManagerService: hideCurrentInputLocked - !shouldHideSoftInput
08-24 11:54:20.247  3650 15027 D InputTransport: Input channel constructed: fd=511
08-24 11:54:20.247  3650 15027 D InputTransport: Input channel constructed: fd=512
08-24 11:54:20.247  4976  4976 D InputTransport: Input channel destroyed: fd=70
08-24 11:54:20.248  3650 15027 D InputTransport: Input channel destroyed: fd=512
08-24 11:54:20.248  1825  1836 D InputTransport: Input channel constructed: fd=56
08-24 11:54:20.249 23724 23751 D libEGL  : loaded /vendor/lib/egl/libGLES_mali.so
08-24 11:54:20.250 23724 23750 W unknown:ViewManagerPropertyUpdater: Could not find generated setter for class com.facebook.react.views.modal.ReactModalHostManager
08-24 11:54:20.252 23724 23750 W unknown:ViewManagerPropertyUpdater: Could not find generated setter for class com.facebook.react.views.modal.ModalHostShadowNode
08-24 11:54:20.252  3650  4311 D InputTransport: Input channel constructed: fd=512
08-24 11:54:20.252  3650  4311 D InputTransport: Input channel destroyed: fd=512
08-24 11:54:20.253 23724 23750 W unknown:ViewManagerPropertyUpdater: Could not find generated setter for class com.facebook.react.views.text.ReactRawTextManager
08-24 11:54:20.253 23724 23736 D InputTransport: Input channel constructed: fd=61
08-24 11:54:20.258 23724 23750 W unknown:ViewManagerPropertyUpdater: Could not find generated setter for class com.facebook.react.views.text.ReactTextShadowNode
08-24 11:54:20.261 23724 23750 W unknown:ViewManagerPropertyUpdater: Could not find generated setter for class com.facebook.react.views.textinput.ReactTextInputManager
08-24 11:54:20.268 23724 23750 W unknown:ViewManagerPropertyUpdater: Could not find generated setter for class com.facebook.react.views.textinput.ReactTextInputShadowNode
08-24 11:54:20.269 23724 23750 W unknown:ViewManagerPropertyUpdater: Could not find generated setter for class com.facebook.react.views.text.ReactTextViewManager
08-24 11:54:20.270 23724 23750 W unknown:ViewManagerPropertyUpdater: Could not find generated setter for class com.facebook.react.views.view.ReactViewManager
08-24 11:54:20.274 23724 23751 I OpenGLRenderer: Initialized EGL, version 1.4
08-24 11:54:20.274 23724 23750 W unknown:ViewManagerPropertyUpdater: Could not find generated setter for class com.facebook.react.views.viewpager.ReactViewPagerManager
08-24 11:54:20.274 23724 23751 D OpenGLRenderer: Swap behavior 1
08-24 11:54:20.277 23724 23750 W unknown:ViewManagerPropertyUpdater: Could not find generated setter for class com.facebook.react.views.text.ReactVirtualTextViewManager
08-24 11:54:20.279 23724 23750 W unknown:ViewManagerPropertyUpdater: Could not find generated setter for class com.mapbox.reactnativemapboxgl.ReactNativeMapboxGLManager
08-24 11:54:20.279 23724 23751 D mali_winsys: EGLint new_window_surface(egl_winsys_display*, void*, EGLSurface, EGLConfig, egl_winsys_surface**, egl_color_buffer_format*, EGLBoolean) returns 0x3000,  [1440x2560]-format:1
08-24 11:54:20.284 23724 23750 W unknown:ViewManagerPropertyUpdater: Could not find generated setter for class com.mapbox.reactnativemapboxgl.RNMGLAnnotationViewManager
08-24 11:54:20.286 23724 23750 W unknown:ViewManagerPropertyUpdater: Could not find generated setter for class com.mapbox.reactnativemapboxgl.SizeReportingShadowNode
08-24 11:54:20.289  3650  3677 I WindowManager_SurfaceController: Destroying surface Surface(name=Application Error: com.islamujeres) called by com.android.server.wm.WindowStateAnimator.destroySurface:2905 com.android.server.wm.WindowStateAnimator.destroySurfaceLocked:1119 com.android.server.wm.WindowState.destroyOrSaveSurface:2627 com.android.server.wm.WindowSurfacePlacer.performSurfacePlacementInner:503 com.android.server.wm.WindowSurfacePlacer.performSurfacePlacementLoop:278 com.android.server.wm.WindowSurfacePlacer.performSurfacePlacement:226 com.android.server.wm.WindowManagerService$H.handleMessage:9317 android.os.Handler.dispatchMessage:102 
08-24 11:54:20.289  3100  3165 I SurfaceFlinger: id=33641 Removed jslamujeres (7/8)
08-24 11:54:20.289  3100  3871 I SurfaceFlinger: id=33641 Removed jslamujeres (-2/8)
08-24 11:54:20.299 23724 23750 D ReactNativeMapboxGLModule: Context com.facebook.react.bridge.ReactApplicationContext@3e437b2
08-24 11:54:20.299 23724 23750 D ReactNativeMapboxGLModule: reactContext com.facebook.react.bridge.ReactApplicationContext@3e437b2
08-24 11:54:20.299  3650  6038 D WindowManager: finishDrawingWindow: Window{1cab394d0 u0 com.islamujeres/com.islamujeres.MainActivity} mDrawState=DRAW_PENDING
08-24 11:54:20.300 23724 23750 D ReactNative: Initializing React Xplat Bridge.
08-24 11:54:20.300 23724 23724 V InputMethodManager: Starting input: tba=android.view.inputmethod.EditorInfo@89c0280 nm : com.islamujeres ic=null
08-24 11:54:20.306 23724 23750 D ReactNative: Initializing React Xplat Bridge before initializeBridge
08-24 11:54:20.306  3650  3677 D KnoxTimeoutHandler: notifyActivityDrawn [MsgParam] userId: 0 fullscreen is true showWhenlocked is false isMutiwindowRecord is false multiwindowstyle is 1
08-24 11:54:20.306  3650  3650 D KnoxTimeoutHandler: activityDrawn [MsgParam] userId: 0 fullscreen is true showWhenlocked is false isMutiwindowRecord is false multiwindowstyle is 1
08-24 11:54:20.307  3650  3677 I ActivityManager: Displayed com.islamujeres/.MainActivity: +274ms
08-24 11:54:20.307  3650  3677 D ViewRootImpl@282c6f7[islamujeres]: dispatchDetachedFromWindow
08-24 11:54:20.307  3650  3650 I KnoxTimeoutHandler: SD activityfalse
08-24 11:54:20.307  3650  3650 I KnoxTimeoutHandler: Fullscreen and mCurrent is not KNOX user. Hence hide keyguard
08-24 11:54:20.307  3650  3677 D WindowManager: disposeInputChannel mInputChannel: d7e47cd Starting com.islamujeres (server)
08-24 11:54:20.309  3650  3677 D InputTransport: Input channel destroyed: fd=335
08-24 11:54:20.310  3650  3677 D InputTransport: Input channel destroyed: fd=399
08-24 11:54:20.310  3650  3677 D ViewRootImpl@3672112[ContainerKeyguardScrim]: mHardwareRenderer.destroy()#1
08-24 11:54:20.314 23724 23750 D ReactNative: Initializing React Xplat Bridge after initializeBridge
08-24 11:54:20.314 23724 23750 D ReactNative: CatalystInstanceImpl.runJSBundle()
08-24 11:54:20.315 23724 23724 D ReactNative: ReactInstanceManager.setupReactContext()
08-24 11:54:20.315 23724 23724 D ReactNative: CatalystInstanceImpl.initialize()
08-24 11:54:20.315 23724 23724 W unknown:ReactNative: Packager connection already open, nooping.
08-24 11:54:20.315 23724 23724 W unknown:ReactNative: Inspector connection already open, nooping.
08-24 11:54:20.316 23724 23724 D ReactNative: ReactInstanceManager.attachRootViewToInstance()
08-24 11:54:20.502  3650  3677 I WindowManager_SurfaceController: Destroying surface Surface(name=Starting com.islamujeres) called by com.android.server.wm.WindowStateAnimator.destroySurface:2905 com.android.server.wm.WindowStateAnimator.destroySurfaceLocked:1119 com.android.server.wm.WindowState.destroyOrSaveSurface:2627 com.android.server.wm.AppWindowToken.destroySurfaces:424 com.android.server.wm.AppWindowToken.destroySurfaces:388 com.android.server.wm.WindowStateAnimator.finishExit:686 com.android.server.wm.WindowStateAnimator.stepAnimationLocked:570 com.android.server.wm.WindowAnimator.updateWindowsLocked:439 
08-24 11:54:20.502  3100  3163 I SurfaceFlinger: id=33643 Removed jslamujeres (3/7)
08-24 11:54:20.505  3100  3163 I SurfaceFlinger: id=33643 Removed jslamujeres (-2/7)
08-24 11:54:20.538  3650  3677 D CustomFrequencyManagerService: acquireDVFSLockLocked : type : DVFS_MIN_LIMIT  frequency : 1800000  uid : 1000  pid : 3650  pkgName : AMS_RESUME_TAIL@CPU_MIN@25
08-24 11:54:20.538  3650  3677 D ActivityManagerPerformance: AMP_acquire() TAIL
08-24 11:54:20.538  3650  3677 D CustomFrequencyManagerService: releaseDVFSLockLocked : Getting Lock type frm List : DVFS_MIN_LIMIT  frequency : 2100000  uid : 1000  pid : 3650  tag : AMS_APP_SWITCH@CPU_MIN@19
08-24 11:54:20.538  3650  3677 D ActivityManagerPerformance: AMP_release() APP_SWITCH
08-24 11:54:20.539  3650  3667 D ActivityTrigger: ActivityTrigger activityStopTrigger 
08-24 11:54:20.542  4976  4976 D MenuAppsGridFragment: onStop
08-24 11:54:20.542  4976  4976 D Launcher.HomeView: onStop
08-24 11:54:20.542  4976  4976 D capture : ----destroy
08-24 11:54:20.545  4097  4097 D ImageWallpaper: onVisibilityChanged: mVisible, visible=true, false
08-24 11:54:20.545  4097  4097 D ImageWallpaper: Visibility changed to visible=false
08-24 11:54:20.546  3650  3677 D KnoxTimeoutHandler: notifyActivityDrawn [MsgParam] userId: 0 fullscreen is true showWhenlocked is false isMutiwindowRecord is false multiwindowstyle is 1
08-24 11:54:20.546  3650  3650 D KnoxTimeoutHandler: activityDrawn [MsgParam] userId: 0 fullscreen is true showWhenlocked is false isMutiwindowRecord is false multiwindowstyle is 1
08-24 11:54:20.547  3650  3650 I KnoxTimeoutHandler: SD activityfalse
08-24 11:54:20.547  3650  3650 I KnoxTimeoutHandler: Fullscreen and mCurrent is not KNOX user. Hence hide keyguard
08-24 11:54:20.553  4976  4976 D Launcher: onTrimMemory. Level: 20
08-24 11:54:20.554  3650 15024 I WindowManager_SurfaceController: Destroying surface Surface(name=com.sec.android.app.launcher/com.sec.android.app.launcher.activities.LauncherActivity) called by com.android.server.wm.WindowStateAnimator.destroySurface:2905 com.android.server.wm.WindowStateAnimator.destroySurfaceLocked:1119 com.android.server.wm.WindowState.destroyOrSaveSurface:2627 com.android.server.wm.AppWindowToken.destroySurfaces:424 com.android.server.wm.AppWindowToken.destroySurfaces:388 com.android.server.wm.AppWindowToken.notifyAppStopped:468 com.android.server.wm.WindowManagerService.notifyAppStopped:5297 com.android.server.am.ActivityStack.activityStoppedLocked:1582 
08-24 11:54:20.554  3100  3165 I SurfaceFlinger: id=33642 Removed MauncherAct (1/6)
08-24 11:54:20.555  3100  4479 I SurfaceFlinger: id=33642 Removed MauncherAct (-2/6)
08-24 11:54:20.556  4899  4915 D ForegroundUtils: could not check pending caller
08-24 11:54:20.663 23724 23767 I WebViewFactory: Loading com.android.chrome version 59.0.3071.125 (code 307112552)
08-24 11:54:20.686 23724 23767 I cr_LibraryLoader: Time to load native libraries: 3 ms (timestamps 832-835)
08-24 11:54:20.687  3650  3980 D MdnieScenarioControlService:  packageName : com.islamujeres    className : com.islamujeres.MainActivity
08-24 11:54:20.690 23724 23767 I chromium: [INFO:library_loader_hooks.cc(144)] Chromium logging enabled: level = 0, default verbosity = 0
08-24 11:54:20.690 23724 23767 I cr_LibraryLoader: Expected native library version number "59.0.3071.125", actual native library version number "59.0.3071.125"
08-24 11:54:20.839  3650  3650 D CustomFrequencyManagerService: releaseDVFSLockLocked : Getting Lock type frm List : DVFS_MIN_LIMIT  frequency : 1800000  uid : 1000  pid : 3650  tag : AMS_RESUME_TAIL@CPU_MIN@25
08-24 11:54:21.059 23724 23766 W ReactNativeJS: Warning: PropTypes has been moved to a separate package. Accessing React.PropTypes is no longer supported and will be removed completely in React 16. Use the prop-types package on npm instead. (https://fb.me/migrating-from-react-proptypes)
08-24 11:54:21.095 23724 23766 I ReactNativeJS: Running application "IslaMujeres" with appParams: {"rootTag":1}. __DEV__ === true, development-level warning are ON, performance optimizations are OFF
08-24 11:54:21.163 23724 23724 I MapboxEventManager: Telemetry initialize() called...
08-24 11:54:21.164 23724 23724 I MapboxEventManager: Right before Telemetry set enabled in initialized()
08-24 11:54:21.165 23724 23724 I MapboxEventManager: setTelemetryEnabled(); this.telemetryEnabled = false; telemetryEnabled = true
08-24 11:54:21.165 23724 23724 D MapboxEventManager: Starting Telemetry Up!
08-24 11:54:21.168  3650 15025 D CompatibilityInfo: mCompatibilityFlags - 0
08-24 11:54:21.168  3650 15025 D CompatibilityInfo: applicationDensity - 640
08-24 11:54:21.168  3650 15025 D CompatibilityInfo: applicationScale - 1.0
08-24 11:54:21.169 23724 23724 I MapboxEventManager: Permissions are good, see if GPS is enabled and if not then setup Ambient.
